[0.420s] Invoking command in '/ros_ws/build/yolo_realsense': PYTHONPATH=/ros_ws/build/yolo_realsense/prefix_override:/usr/lib/python3/dist-packages/colcon_core/task/python/colcon_distutils_commands:/ros_ws/install/yolo_realsense/lib/python3.10/site-packages:${PYTHONPATH} /usr/bin/python3 -W ignore:setup.py install is deprecated -W ignore:easy_install command is deprecated setup.py develop --uninstall --editable --build-directory /ros_ws/build/yolo_realsense/build
[0.590s] running develop
[0.693s] Removing /ros_ws/install/yolo_realsense/lib/python3.10/site-packages/yolo-realsense.egg-link (link to .)
[0.710s] Invoked command in '/ros_ws/build/yolo_realsense' returned '0': PYTHONPATH=/ros_ws/build/yolo_realsense/prefix_override:/usr/lib/python3/dist-packages/colcon_core/task/python/colcon_distutils_commands:/ros_ws/install/yolo_realsense/lib/python3.10/site-packages:${PYTHONPATH} /usr/bin/python3 -W ignore:setup.py install is deprecated -W ignore:easy_install command is deprecated setup.py develop --uninstall --editable --build-directory /ros_ws/build/yolo_realsense/build
[0.711s] Invoking command in '/ros_ws/src/yolo_realsense': PYTHONPATH=/ros_ws/build/yolo_realsense/prefix_override:/usr/lib/python3/dist-packages/colcon_core/task/python/colcon_distutils_commands:/ros_ws/install/yolo_realsense/lib/python3.10/site-packages:${PYTHONPATH} /usr/bin/python3 -W ignore:setup.py install is deprecated -W ignore:easy_install command is deprecated setup.py egg_info --egg-base ../../build/yolo_realsense build --build-base /ros_ws/build/yolo_realsense/build install --record /ros_ws/build/yolo_realsense/install.log --single-version-externally-managed install_data --force
[0.863s] running egg_info
[0.863s] writing ../../build/yolo_realsense/yolo_realsense.egg-info/PKG-INFO
[0.864s] writing dependency_links to ../../build/yolo_realsense/yolo_realsense.egg-info/dependency_links.txt
[0.864s] writing entry points to ../../build/yolo_realsense/yolo_realsense.egg-info/entry_points.txt
[0.864s] writing requirements to ../../build/yolo_realsense/yolo_realsense.egg-info/requires.txt
[0.864s] writing top-level names to ../../build/yolo_realsense/yolo_realsense.egg-info/top_level.txt
[0.865s] reading manifest file '../../build/yolo_realsense/yolo_realsense.egg-info/SOURCES.txt'
[0.872s] writing manifest file '../../build/yolo_realsense/yolo_realsense.egg-info/SOURCES.txt'
[0.872s] running build
[0.873s] running build_py
[0.873s] creating /ros_ws/build/yolo_realsense/build
[0.873s] creating /ros_ws/build/yolo_realsense/build/lib
[0.873s] creating /ros_ws/build/yolo_realsense/build/lib/yolo_realsense
[0.873s] copying yolo_realsense/detector.py -> /ros_ws/build/yolo_realsense/build/lib/yolo_realsense
[0.873s] copying yolo_realsense/test.py -> /ros_ws/build/yolo_realsense/build/lib/yolo_realsense
[0.873s] copying yolo_realsense/__init__.py -> /ros_ws/build/yolo_realsense/build/lib/yolo_realsense
[0.873s] copying yolo_realsense/yolo_node.py -> /ros_ws/build/yolo_realsense/build/lib/yolo_realsense
[0.873s] running install
[0.873s] running install_lib
[0.873s] creating /ros_ws/install/yolo_realsense/lib/python3.10/site-packages/yolo_realsense
[0.873s] copying /ros_ws/build/yolo_realsense/build/lib/yolo_realsense/detector.py -> /ros_ws/install/yolo_realsense/lib/python3.10/site-packages/yolo_realsense
[0.873s] copying /ros_ws/build/yolo_realsense/build/lib/yolo_realsense/test.py -> /ros_ws/install/yolo_realsense/lib/python3.10/site-packages/yolo_realsense
[0.874s] copying /ros_ws/build/yolo_realsense/build/lib/yolo_realsense/__init__.py -> /ros_ws/install/yolo_realsense/lib/python3.10/site-packages/yolo_realsense
[0.874s] copying /ros_ws/build/yolo_realsense/build/lib/yolo_realsense/yolo_node.py -> /ros_ws/install/yolo_realsense/lib/python3.10/site-packages/yolo_realsense
[0.874s] byte-compiling /ros_ws/install/yolo_realsense/lib/python3.10/site-packages/yolo_realsense/detector.py to detector.cpython-310.pyc
[0.874s] byte-compiling /ros_ws/install/yolo_realsense/lib/python3.10/site-packages/yolo_realsense/test.py to test.cpython-310.pyc
[0.875s] byte-compiling /ros_ws/install/yolo_realsense/lib/python3.10/site-packages/yolo_realsense/__init__.py to __init__.cpython-310.pyc
[0.875s] byte-compiling /ros_ws/install/yolo_realsense/lib/python3.10/site-packages/yolo_realsense/yolo_node.py to yolo_node.cpython-310.pyc
[0.875s] running install_data
[0.875s] copying resource/yolo_realsense -> /ros_ws/install/yolo_realsense/share/ament_index/resource_index/packages
[0.875s] copying package.xml -> /ros_ws/install/yolo_realsense/share/yolo_realsense
[0.875s] running install_egg_info
[0.876s] Copying ../../build/yolo_realsense/yolo_realsense.egg-info to /ros_ws/install/yolo_realsense/lib/python3.10/site-packages/yolo_realsense-0.0.0-py3.10.egg-info
[0.877s] running install_scripts
[0.890s] Installing yolo_node script to /ros_ws/install/yolo_realsense/lib/yolo_realsense
[0.890s] writing list of installed files to '/ros_ws/build/yolo_realsense/install.log'
[0.904s] Invoked command in '/ros_ws/src/yolo_realsense' returned '0': PYTHONPATH=/ros_ws/build/yolo_realsense/prefix_override:/usr/lib/python3/dist-packages/colcon_core/task/python/colcon_distutils_commands:/ros_ws/install/yolo_realsense/lib/python3.10/site-packages:${PYTHONPATH} /usr/bin/python3 -W ignore:setup.py install is deprecated -W ignore:easy_install command is deprecated setup.py egg_info --egg-base ../../build/yolo_realsense build --build-base /ros_ws/build/yolo_realsense/build install --record /ros_ws/build/yolo_realsense/install.log --single-version-externally-managed install_data --force
