[0.025s] Invoking command in '/ros_ws/build/robotiq_driver': CMAKE_PREFIX_PATH=/opt/ros/humble /usr/bin/cmake /ros_ws/src/ros2_robotiq_gripper/robotiq_driver -DAMENT_CMAKE_SYMLINK_INSTALL=1 -DCMAKE_INSTALL_PREFIX=/ros_ws/install/robotiq_driver
[0.290s] -- Found ament_cmake: 1.3.12 (/opt/ros/humble/share/ament_cmake/cmake)
[0.291s] -- Override CMake install command with custom implementation using symlinks instead of copying resources
[0.291s] -- Found hardware_interface: 2.53.0 (/opt/ros/humble/share/hardware_interface/cmake)
[0.291s] -- Found rosidl_generator_c: 3.1.8 (/opt/ros/humble/share/rosidl_generator_c/cmake)
[0.291s] -- Found rosidl_adapter: 3.1.8 (/opt/ros/humble/share/rosidl_adapter/cmake)
[0.291s] -- Found rosidl_generator_cpp: 3.1.8 (/opt/ros/humble/share/rosidl_generator_cpp/cmake)
[0.291s] -- Using all available rosidl_typesupport_c: rosidl_typesupport_fastrtps_c;rosidl_typesupport_introspection_c
[0.291s] -- Using all available rosidl_typesupport_cpp: rosidl_typesupport_fastrtps_cpp;rosidl_typesupport_introspection_cpp
[0.484s] -- Found rmw_implementation_cmake: 6.1.2 (/opt/ros/humble/share/rmw_implementation_cmake/cmake)
[0.485s] -- Found rmw_fastrtps_cpp: 6.2.9 (/opt/ros/humble/share/rmw_fastrtps_cpp/cmake)
[0.503s] -- Found TinyXML2 via Config file: TinyXML2_DIR-NOTFOUND
[0.512s] -- Found TinyXML2 via Config file: TinyXML2_DIR-NOTFOUND
[0.528s] -- Found TinyXML2 via Config file: TinyXML2_DIR-NOTFOUND
[0.536s] -- Found TinyXML2 via Config file: TinyXML2_DIR-NOTFOUND
[0.544s] -- Using RMW implementation 'rmw_fastrtps_cpp' as default
[0.601s] [31mCMake Error at CMakeLists.txt:18 (find_package):
[0.601s]   By not providing "Findros2_serial_interfaces.cmake" in CMAKE_MODULE_PATH
[0.601s]   this project has asked CMake to find a package configuration file provided
[0.601s]   by "ros2_serial_interfaces", but CMake did not find one.
[0.601s] 
[0.601s]   Could not find a package configuration file provided by
[0.602s]   "ros2_serial_interfaces" with any of the following names:
[0.602s] 
[0.602s]     ros2_serial_interfacesConfig.cmake
[0.602s]     ros2_serial_interfaces-config.cmake
[0.602s] 
[0.602s]   Add the installation prefix of "ros2_serial_interfaces" to
[0.602s]   CMAKE_PREFIX_PATH or set "ros2_serial_interfaces_DIR" to a directory
[0.602s]   containing one of the above files.  If "ros2_serial_interfaces" provides a
[0.602s]   separate development package or SDK, be sure it has been installed.
[0.602s] 
[0.603s] [0m
[0.603s] -- Configuring incomplete, errors occurred!
[0.603s] See also "/ros_ws/build/robotiq_driver/CMakeFiles/CMakeOutput.log".
[0.634s] Invoked command in '/ros_ws/build/robotiq_driver' returned '1': CMAKE_PREFIX_PATH=/opt/ros/humble /usr/bin/cmake /ros_ws/src/ros2_robotiq_gripper/robotiq_driver -DAMENT_CMAKE_SYMLINK_INSTALL=1 -DCMAKE_INSTALL_PREFIX=/ros_ws/install/robotiq_driver
