[0.006s] Invoking command in '/ros_ws/build/realsense_gazebo_plugin': CMAKE_PREFIX_PATH=/opt/ros/humble /usr/bin/cmake /ros_ws/src/realsense_gazebo_plugin -DCMAKE_INSTALL_PREFIX=/ros_ws/install/realsense_gazebo_plugin
[0.015s] -- Found ament_cmake: 1.3.12 (/opt/ros/humble/share/ament_cmake/cmake)
[0.094s] -- Found rclcpp: 16.0.15 (/opt/ros/humble/share/rclcpp/cmake)
[0.110s] -- Found rosidl_generator_c: 3.1.7 (/opt/ros/humble/share/rosidl_generator_c/cmake)
[0.111s] -- Found rosidl_adapter: 3.1.7 (/opt/ros/humble/share/rosidl_adapter/cmake)
[0.115s] -- Found rosidl_generator_cpp: 3.1.7 (/opt/ros/humble/share/rosidl_generator_cpp/cmake)
[0.121s] -- Using all available rosidl_typesupport_c: rosidl_typesupport_fastrtps_c;rosidl_typesupport_introspection_c
[0.129s] -- Using all available rosidl_typesupport_cpp: rosidl_typesupport_fastrtps_cpp;rosidl_typesupport_introspection_cpp
[0.150s] -- Found rmw_implementation_cmake: 6.1.2 (/opt/ros/humble/share/rmw_implementation_cmake/cmake)
[0.151s] -- Found rmw_fastrtps_cpp: 6.2.9 (/opt/ros/humble/share/rmw_fastrtps_cpp/cmake)
[0.219s] -- Using RMW implementation 'rmw_fastrtps_cpp' as default
[0.251s] -- Found gazebo_ros: 3.9.0 (/opt/ros/humble/share/gazebo_ros/cmake)
[0.270s] -- Found DART: /usr/include (Required is at least version "6.6") found components: dart 
[0.287s] -- Found Protobuf: /usr/lib/x86_64-linux-gnu/libprotobuf.so (found version "3.12.4") 
[0.288s] -- Looking for ignition-math6 -- found version 6.15.1
[0.290s] -- Searching for dependencies of ignition-math6
[0.291s] -- Looking for OGRE...
[0.295s] -- Found Ogre Ghadamon (1.9.0)
[0.295s] -- Found OGRE: optimized;/usr/lib/x86_64-linux-gnu/libOgreMain.so;debug;/usr/lib/x86_64-linux-gnu/libOgreMain.so
[0.301s] -- Looking for OGRE_Paging...
[0.301s] -- Found OGRE_Paging: optimized;/usr/lib/x86_64-linux-gnu/libOgrePaging.so;debug;/usr/lib/x86_64-linux-gnu/libOgrePaging.so
[0.301s] -- Looking for OGRE_Terrain...
[0.301s] -- Found OGRE_Terrain: optimized;/usr/lib/x86_64-linux-gnu/libOgreTerrain.so;debug;/usr/lib/x86_64-linux-gnu/libOgreTerrain.so
[0.302s] -- Looking for OGRE_Property...
[0.302s] -- Found OGRE_Property: optimized;/usr/lib/x86_64-linux-gnu/libOgreProperty.so;debug;/usr/lib/x86_64-linux-gnu/libOgreProperty.so
[0.302s] -- Looking for OGRE_RTShaderSystem...
[0.302s] -- Found OGRE_RTShaderSystem: optimized;/usr/lib/x86_64-linux-gnu/libOgreRTShaderSystem.so;debug;/usr/lib/x86_64-linux-gnu/libOgreRTShaderSystem.so
[0.302s] -- Looking for OGRE_Volume...
[0.302s] -- Found OGRE_Volume: optimized;/usr/lib/x86_64-linux-gnu/libOgreVolume.so;debug;/usr/lib/x86_64-linux-gnu/libOgreVolume.so
[0.302s] -- Looking for OGRE_Overlay...
[0.302s] -- Found OGRE_Overlay: optimized;/usr/lib/x86_64-linux-gnu/libOgreOverlay.so;debug;/usr/lib/x86_64-linux-gnu/libOgreOverlay.so
[0.348s] -- Looking for ignition-math6 -- found version 6.15.1
[0.348s] -- Looking for ignition-transport8 -- found version 8.2.1
[0.348s] -- Searching for dependencies of ignition-transport8
[0.362s] -- Found Protobuf: /usr/lib/x86_64-linux-gnu/libprotobuf.so (found suitable version "3.12.4", minimum required is "3") 
[0.370s] -- Config-file not installed for ZeroMQ -- checking for pkg-config
[0.373s] -- Checking for module 'libzmq >= 4'
[0.380s] --   Found libzmq , version 4.3.4
[0.402s] -- Checking for module 'uuid'
[0.409s] --   Found uuid, version 2.37.2
[0.426s] -- Looking for ignition-msgs5 -- found version 5.8.1
[0.427s] -- Searching for dependencies of ignition-msgs5
[0.440s] -- Looking for ignition-math6 -- found version 6.15.1
[0.443s] -- Checking for module 'tinyxml2'
[0.449s] --   Found tinyxml2, version 9.0.0
[0.467s] -- Looking for ignition-msgs5 -- found version 5.8.1
[0.467s] -- Looking for ignition-common3 -- found version 3.14.0
[0.467s] -- Searching for dependencies of ignition-common3
[0.467s] -- Looking for dlfcn.h - found
[0.467s] -- Looking for libdl - found
[0.474s] -- Searching for <ignition-common3> component [graphics]
[0.474s] -- Looking for ignition-common3-graphics -- found version 3.14.0
[0.474s] -- Searching for dependencies of ignition-common3-graphics
[0.474s] -- Looking for ignition-math6 -- found version 6.15.1
[0.475s] -- Looking for ignition-fuel_tools4 -- found version 4.4.0
[0.475s] -- Searching for dependencies of ignition-fuel_tools4
[0.498s] -- Checking for module 'jsoncpp'
[0.505s] --   Found jsoncpp, version 1.9.5
[0.525s] -- Checking for module 'libzip'
[0.533s] --   Found libzip, version 1.7.3
[0.550s] -- Looking for ignition-common3 -- found version 3.14.0
[0.550s] -- Looking for ignition-math6 -- found version 6.15.1
[0.550s] -- Looking for ignition-msgs5 -- found version 5.8.1
[0.551s] -- Gazebo version: 11.10
[0.552s] -- Found image_transport: 3.1.12 (/opt/ros/humble/share/image_transport/cmake)
[0.588s] -- Found point_cloud_transport: 1.0.20 (/opt/ros/humble/share/point_cloud_transport/cmake)
[0.600s] -- Found camera_info_manager: 3.1.12 (/opt/ros/humble/share/camera_info_manager/cmake)
[0.612s] -- Found ament_lint_auto: 0.12.14 (/opt/ros/humble/share/ament_lint_auto/cmake)
[0.666s] -- Added test 'copyright' to check source files copyright and LICENSE
[0.668s] -- Added test 'cppcheck' to perform static code analysis on C / C++ code
[0.668s] -- Configured cppcheck include dirs: /ros_ws/src/realsense_gazebo_plugin/include
[0.668s] -- Configured cppcheck exclude dirs and/or files: 
[0.670s] -- Added test 'cpplint' to check C / C++ code against the Google style
[0.670s] -- Configured cpplint exclude dirs and/or files: 
[0.671s] -- Added test 'lint_cmake' to check CMake code style
[0.672s] -- Added test 'uncrustify' to check C / C++ code style
[0.672s] -- Configured uncrustify additional arguments: 
[0.673s] -- Added test 'xmllint' to check XML markup files
[0.674s] -- Configuring done
[0.701s] -- Generating done
[0.704s] -- Build files have been written to: /ros_ws/build/realsense_gazebo_plugin
[0.712s] Invoked command in '/ros_ws/build/realsense_gazebo_plugin' returned '0': CMAKE_PREFIX_PATH=/opt/ros/humble /usr/bin/cmake /ros_ws/src/realsense_gazebo_plugin -DCMAKE_INSTALL_PREFIX=/ros_ws/install/realsense_gazebo_plugin
[0.712s] Invoking command in '/ros_ws/build/realsense_gazebo_plugin': CMAKE_PREFIX_PATH=/opt/ros/humble /usr/bin/cmake --build /ros_ws/build/realsense_gazebo_plugin -- -j16 -l16
[0.743s] [ 33%] [32mBuilding CXX object CMakeFiles/realsense_gazebo_plugin.dir/src/RealSensePlugin.cpp.o[0m
[0.743s] [ 66%] [32mBuilding CXX object CMakeFiles/realsense_gazebo_plugin.dir/src/gazebo_ros_realsense.cpp.o[0m
[16.791s] [100%] [32m[1mLinking CXX shared library librealsense_gazebo_plugin.so[0m
[17.427s] [100%] Built target realsense_gazebo_plugin
[17.437s] Invoked command in '/ros_ws/build/realsense_gazebo_plugin' returned '0': CMAKE_PREFIX_PATH=/opt/ros/humble /usr/bin/cmake --build /ros_ws/build/realsense_gazebo_plugin -- -j16 -l16
[17.438s] Invoking command in '/ros_ws/build/realsense_gazebo_plugin': CMAKE_PREFIX_PATH=/opt/ros/humble /usr/bin/cmake --install /ros_ws/build/realsense_gazebo_plugin
[17.444s] -- Install configuration: ""
[17.444s] -- Installing: /ros_ws/install/realsense_gazebo_plugin/lib/librealsense_gazebo_plugin.so
[17.446s] -- Set runtime path of "/ros_ws/install/realsense_gazebo_plugin/lib/librealsense_gazebo_plugin.so" to ""
[17.446s] -- Installing: /ros_ws/install/realsense_gazebo_plugin/include/
[17.446s] -- Installing: /ros_ws/install/realsense_gazebo_plugin/include//realsense_gazebo_plugin
[17.446s] -- Installing: /ros_ws/install/realsense_gazebo_plugin/include//realsense_gazebo_plugin/RealSensePlugin.hpp
[17.446s] -- Installing: /ros_ws/install/realsense_gazebo_plugin/include//realsense_gazebo_plugin/gazebo_ros_realsense.hpp
[17.446s] -- Installing: /ros_ws/install/realsense_gazebo_plugin/share/realsense_gazebo_plugin/environment/library_path.sh
[17.447s] -- Installing: /ros_ws/install/realsense_gazebo_plugin/share/realsense_gazebo_plugin/environment/library_path.dsv
[17.447s] -- Installing: /ros_ws/install/realsense_gazebo_plugin/share/ament_index/resource_index/package_run_dependencies/realsense_gazebo_plugin
[17.447s] -- Installing: /ros_ws/install/realsense_gazebo_plugin/share/ament_index/resource_index/parent_prefix_path/realsense_gazebo_plugin
[17.447s] -- Installing: /ros_ws/install/realsense_gazebo_plugin/share/realsense_gazebo_plugin/environment/ament_prefix_path.sh
[17.447s] -- Installing: /ros_ws/install/realsense_gazebo_plugin/share/realsense_gazebo_plugin/environment/ament_prefix_path.dsv
[17.447s] -- Installing: /ros_ws/install/realsense_gazebo_plugin/share/realsense_gazebo_plugin/environment/path.sh
[17.447s] -- Installing: /ros_ws/install/realsense_gazebo_plugin/share/realsense_gazebo_plugin/environment/path.dsv
[17.447s] -- Installing: /ros_ws/install/realsense_gazebo_plugin/share/realsense_gazebo_plugin/local_setup.bash
[17.447s] -- Installing: /ros_ws/install/realsense_gazebo_plugin/share/realsense_gazebo_plugin/local_setup.sh
[17.447s] -- Installing: /ros_ws/install/realsense_gazebo_plugin/share/realsense_gazebo_plugin/local_setup.zsh
[17.447s] -- Installing: /ros_ws/install/realsense_gazebo_plugin/share/realsense_gazebo_plugin/local_setup.dsv
[17.447s] -- Installing: /ros_ws/install/realsense_gazebo_plugin/share/realsense_gazebo_plugin/package.dsv
[17.448s] -- Installing: /ros_ws/install/realsense_gazebo_plugin/share/ament_index/resource_index/packages/realsense_gazebo_plugin
[17.448s] -- Installing: /ros_ws/install/realsense_gazebo_plugin/share/realsense_gazebo_plugin/cmake/ament_cmake_export_include_directories-extras.cmake
[17.448s] -- Installing: /ros_ws/install/realsense_gazebo_plugin/share/realsense_gazebo_plugin/cmake/ament_cmake_export_libraries-extras.cmake
[17.448s] -- Installing: /ros_ws/install/realsense_gazebo_plugin/share/realsense_gazebo_plugin/cmake/realsense_gazebo_pluginConfig.cmake
[17.448s] -- Installing: /ros_ws/install/realsense_gazebo_plugin/share/realsense_gazebo_plugin/cmake/realsense_gazebo_pluginConfig-version.cmake
[17.448s] -- Installing: /ros_ws/install/realsense_gazebo_plugin/share/realsense_gazebo_plugin/package.xml
[17.449s] Invoked command in '/ros_ws/build/realsense_gazebo_plugin' returned '0': CMAKE_PREFIX_PATH=/opt/ros/humble /usr/bin/cmake --install /ros_ws/build/realsense_gazebo_plugin
