-- Install configuration: ""
-- Execute custom install script
-- Symlinking: /ros_ws/install/ur3e_robotiq_gz_sim/share/ur3e_robotiq_gz_sim/launch/bringup_pick_place_mtc_all_in_one.launch.py
-- Symlinking: /ros_ws/install/ur3e_robotiq_gz_sim/share/ur3e_robotiq_gz_sim/launch/conveyor_pick_place.launch.py
-- Symlinking: /ros_ws/install/ur3e_robotiq_gz_sim/share/ur3e_robotiq_gz_sim/launch/gz.launch.py
-- Symlinking: /ros_ws/install/ur3e_robotiq_gz_sim/share/ur3e_robotiq_gz_sim/launch/gz_moveit_ur3e_robotiq_camera.launch.py
-- Symlinking: /ros_ws/install/ur3e_robotiq_gz_sim/share/ur3e_robotiq_gz_sim/launch/gz_spwan_ur3e_robotiq_camera.launch.py
-- Symlinking: /ros_ws/install/ur3e_robotiq_gz_sim/share/ur3e_robotiq_gz_sim/launch/peg_demo.launch.py
-- Symlinking: /ros_ws/install/ur3e_robotiq_gz_sim/share/ur3e_robotiq_gz_sim/launch/spwan_ur3e_robotiq_camera.launch.py
-- Symlinking: /ros_ws/install/ur3e_robotiq_gz_sim/share/ur3e_robotiq_gz_sim/launch/view_ur_robotiq_camera.launch.py
-- Symlinking: /ros_ws/install/ur3e_robotiq_gz_sim/share/ur3e_robotiq_gz_sim/config/initial_positions.yaml
-- Symlinking: /ros_ws/install/ur3e_robotiq_gz_sim/share/ur3e_robotiq_gz_sim/config/ur3e_robotiq_ros2_controllers.yaml
-- Symlinking: /ros_ws/install/ur3e_robotiq_gz_sim/share/ur3e_robotiq_gz_sim/urdf/gz_robotiq.xacro
-- Symlinking: /ros_ws/install/ur3e_robotiq_gz_sim/share/ur3e_robotiq_gz_sim/urdf/gz_robotiq_gripper.macro.urdf.xacro
-- Symlinking: /ros_ws/install/ur3e_robotiq_gz_sim/share/ur3e_robotiq_gz_sim/urdf/gz_ur_robotiq.ros2_control.xacro
-- Symlinking: /ros_ws/install/ur3e_robotiq_gz_sim/share/ur3e_robotiq_gz_sim/urdf/gz_ur_robotiq_camera.urdf.xacro
-- Symlinking: /ros_ws/install/ur3e_robotiq_gz_sim/share/ur3e_robotiq_gz_sim/urdf/ur3e_ros2_control.xacro
-- Symlinking: /ros_ws/install/ur3e_robotiq_gz_sim/share/ur3e_robotiq_gz_sim/urdf/ur3e_with_robotiq_gz.urdf.xacro
-- Symlinking: /ros_ws/install/ur3e_robotiq_gz_sim/share/ur3e_robotiq_gz_sim/worlds/conveyor.sdf
-- Symlinking: /ros_ws/install/ur3e_robotiq_gz_sim/share/ur3e_robotiq_gz_sim/worlds/conveyor_base.sdf
-- Symlinking: /ros_ws/install/ur3e_robotiq_gz_sim/share/ur3e_robotiq_gz_sim/worlds/empty.sdf
-- Symlinking: /ros_ws/install/ur3e_robotiq_gz_sim/share/ur3e_robotiq_gz_sim/worlds/peg_in_hole_demo.sdf
-- Symlinking: /ros_ws/install/ur3e_robotiq_gz_sim/share/ur3e_robotiq_gz_sim/worlds/pick_place_table_world.sdf
-- Symlinking: /ros_ws/install/ur3e_robotiq_gz_sim/share/ur3e_robotiq_gz_sim/models/conveyor/model.config
-- Symlinking: /ros_ws/install/ur3e_robotiq_gz_sim/share/ur3e_robotiq_gz_sim/models/conveyor/model.sdf
-- Symlinking: /ros_ws/install/ur3e_robotiq_gz_sim/share/ur3e_robotiq_gz_sim/models/cube/model.sdf
-- Symlinking: /ros_ws/install/ur3e_robotiq_gz_sim/lib/ur3e_robotiq_gz_sim/peg_pick_insert_demo.py
-- Symlinking: /ros_ws/install/ur3e_robotiq_gz_sim/lib/ur3e_robotiq_gz_sim/conveyor_pick_place_script.py
-- Symlinking: /ros_ws/install/ur3e_robotiq_gz_sim/lib/ur3e_robotiq_gz_sim/cube_conveyor_node.py
-- Symlinking: /ros_ws/install/ur3e_robotiq_gz_sim/share/ament_index/resource_index/package_run_dependencies/ur3e_robotiq_gz_sim
-- Symlinking: /ros_ws/install/ur3e_robotiq_gz_sim/share/ament_index/resource_index/parent_prefix_path/ur3e_robotiq_gz_sim
-- Symlinking: /ros_ws/install/ur3e_robotiq_gz_sim/share/ur3e_robotiq_gz_sim/environment/ament_prefix_path.sh
-- Symlinking: /ros_ws/install/ur3e_robotiq_gz_sim/share/ur3e_robotiq_gz_sim/environment/ament_prefix_path.dsv
-- Symlinking: /ros_ws/install/ur3e_robotiq_gz_sim/share/ur3e_robotiq_gz_sim/environment/path.sh
-- Symlinking: /ros_ws/install/ur3e_robotiq_gz_sim/share/ur3e_robotiq_gz_sim/environment/path.dsv
-- Symlinking: /ros_ws/install/ur3e_robotiq_gz_sim/share/ur3e_robotiq_gz_sim/local_setup.bash
-- Symlinking: /ros_ws/install/ur3e_robotiq_gz_sim/share/ur3e_robotiq_gz_sim/local_setup.sh
-- Symlinking: /ros_ws/install/ur3e_robotiq_gz_sim/share/ur3e_robotiq_gz_sim/local_setup.zsh
-- Symlinking: /ros_ws/install/ur3e_robotiq_gz_sim/share/ur3e_robotiq_gz_sim/local_setup.dsv
-- Symlinking: /ros_ws/install/ur3e_robotiq_gz_sim/share/ur3e_robotiq_gz_sim/package.dsv
-- Symlinking: /ros_ws/install/ur3e_robotiq_gz_sim/share/ament_index/resource_index/packages/ur3e_robotiq_gz_sim
-- Symlinking: /ros_ws/install/ur3e_robotiq_gz_sim/share/ur3e_robotiq_gz_sim/cmake/ur3e_robotiq_gz_simConfig.cmake
-- Symlinking: /ros_ws/install/ur3e_robotiq_gz_sim/share/ur3e_robotiq_gz_sim/cmake/ur3e_robotiq_gz_simConfig-version.cmake
-- Symlinking: /ros_ws/install/ur3e_robotiq_gz_sim/share/ur3e_robotiq_gz_sim/package.xml
