[0.009s] Invoking command in '/ros_ws/build/realsense2_camera': AMENT_PREFIX_PATH=/ros_ws/install/realsense2_camera_msgs:${AMENT_PREFIX_PATH} CMAKE_PREFIX_PATH=/ros_ws/install/realsense2_camera_msgs:/ros_ws/install/realsense_gazebo_plugin:/ros_ws/install/realsense2_description:/opt/ros/humble LD_LIBRARY_PATH=/ros_ws/install/realsense2_camera_msgs/lib:${LD_LIBRARY_PATH} PYTHONPATH=/ros_ws/install/realsense2_camera_msgs/local/lib/python3.10/dist-packages:${PYTHONPATH} /usr/bin/cmake /ros_ws/src/realsense2_camera -DCMAKE_INSTALL_PREFIX=/ros_ws/install/realsense2_camera
[0.021s] -- Create Release Build.
[0.021s] -- Found ament_cmake: 1.3.12 (/opt/ros/humble/share/ament_cmake/cmake)
[0.153s] -- Found builtin_interfaces: 1.2.2 (/opt/ros/humble/share/builtin_interfaces/cmake)
[0.174s] -- Found rosidl_generator_c: 3.1.7 (/opt/ros/humble/share/rosidl_generator_c/cmake)
[0.176s] -- Found rosidl_adapter: 3.1.7 (/opt/ros/humble/share/rosidl_adapter/cmake)
[0.182s] -- Found rosidl_generator_cpp: 3.1.7 (/opt/ros/humble/share/rosidl_generator_cpp/cmake)
[0.191s] -- Using all available rosidl_typesupport_c: rosidl_typesupport_fastrtps_c;rosidl_typesupport_introspection_c
[0.202s] -- Using all available rosidl_typesupport_cpp: rosidl_typesupport_fastrtps_cpp;rosidl_typesupport_introspection_cpp
[0.212s] -- Found cv_bridge: 3.2.1 (/opt/ros/humble/share/cv_bridge/cmake)
[0.261s] -- Found image_transport: 3.1.12 (/opt/ros/humble/share/image_transport/cmake)
[0.287s] -- Found rmw_implementation_cmake: 6.1.2 (/opt/ros/humble/share/rmw_implementation_cmake/cmake)
[0.289s] -- Found rmw_fastrtps_cpp: 6.2.9 (/opt/ros/humble/share/rmw_fastrtps_cpp/cmake)
[0.396s] -- Using RMW implementation 'rmw_fastrtps_cpp' as default
[0.452s] -- Found rclcpp_action: 16.0.15 (/opt/ros/humble/share/rclcpp_action/cmake)
[0.481s] -- Found rclcpp_components: 16.0.15 (/opt/ros/humble/share/rclcpp_components/cmake)
[0.496s] -- Found realsense2_camera_msgs: 4.56.4 (/ros_ws/install/realsense2_camera_msgs/share/realsense2_camera_msgs/cmake)
[0.516s] -- Found std_srvs: 4.9.0 (/opt/ros/humble/share/std_srvs/cmake)
[0.524s] -- Found nav_msgs: 4.9.0 (/opt/ros/humble/share/nav_msgs/cmake)
[0.540s] -- Found tf2_ros: 0.25.16 (/opt/ros/humble/share/tf2_ros/cmake)
[0.570s] -- Found diagnostic_updater: 4.0.6 (/opt/ros/humble/share/diagnostic_updater/cmake)
[0.604s] -- Found OpenCV: /usr (found version "4.5.4") found components: core 
[0.617s] [33mCMake Warning at CMakeLists.txt:124 (find_package):
[0.617s]   By not providing "Findrealsense2.cmake" in CMAKE_MODULE_PATH this project
[0.617s]   has asked CMake to find a package configuration file provided by
[0.617s]   "realsense2", but CMake did not find one.
[0.617s] 
[0.617s]   Could not find a package configuration file provided by "realsense2"
[0.617s]   (requested version 2.56) with any of the following names:
[0.617s] 
[0.617s]     realsense2Config.cmake
[0.618s]     realsense2-config.cmake
[0.618s] 
[0.618s]   Add the installation prefix of "realsense2" to CMAKE_PREFIX_PATH or set
[0.618s]   "realsense2_DIR" to a directory containing one of the above files.  If
[0.618s]   "realsense2" provides a separate development package or SDK, be sure it has
[0.618s]   been installed.
[0.618s] 
[0.618s] [0m
[0.618s] [31mCMake Error at CMakeLists.txt:129 (message):
[0.618s]   
[0.618s] 
[0.618s]   
[0.618s] 
[0.618s]    Intel RealSense SDK 2.0 is missing, please install it from https://github.com/IntelRealSense/librealsense/releases
[0.618s] 
[0.619s]   
[0.619s] 
[0.619s] 
[0.619s] [0m
[0.619s] -- Configuring incomplete, errors occurred!
[0.619s] See also "/ros_ws/build/realsense2_camera/CMakeFiles/CMakeOutput.log".
[0.629s] Invoked command in '/ros_ws/build/realsense2_camera' returned '1': AMENT_PREFIX_PATH=/ros_ws/install/realsense2_camera_msgs:${AMENT_PREFIX_PATH} CMAKE_PREFIX_PATH=/ros_ws/install/realsense2_camera_msgs:/ros_ws/install/realsense_gazebo_plugin:/ros_ws/install/realsense2_description:/opt/ros/humble LD_LIBRARY_PATH=/ros_ws/install/realsense2_camera_msgs/lib:${LD_LIBRARY_PATH} PYTHONPATH=/ros_ws/install/realsense2_camera_msgs/local/lib/python3.10/dist-packages:${PYTHONPATH} /usr/bin/cmake /ros_ws/src/realsense2_camera -DCMAKE_INSTALL_PREFIX=/ros_ws/install/realsense2_camera
