running develop
running egg_info
creating yolo_realsense.egg-info
writing yolo_realsense.egg-info/PKG-INFO
writing dependency_links to yolo_realsense.egg-info/dependency_links.txt
writing entry points to yolo_realsense.egg-info/entry_points.txt
writing requirements to yolo_realsense.egg-info/requires.txt
writing top-level names to yolo_realsense.egg-info/top_level.txt
writing manifest file 'yolo_realsense.egg-info/SOURCES.txt'
reading manifest file 'yolo_realsense.egg-info/SOURCES.txt'
writing manifest file 'yolo_realsense.egg-info/SOURCES.txt'
running build_ext
Creating /ros_ws/install/yolo_realsense/lib/python3.10/site-packages/yolo-realsense.egg-link (link to .)
Installing yolo_node script to /ros_ws/install/yolo_realsense/lib/yolo_realsense

Installed /ros_ws/build/yolo_realsense
running symlink_data
creating /ros_ws/install/yolo_realsense/share/ament_index
creating /ros_ws/install/yolo_realsense/share/ament_index/resource_index
creating /ros_ws/install/yolo_realsense/share/ament_index/resource_index/packages
symbolically linking /ros_ws/build/yolo_realsense/resource/yolo_realsense -> /ros_ws/install/yolo_realsense/share/ament_index/resource_index/packages
symbolically linking /ros_ws/build/yolo_realsense/package.xml -> /ros_ws/install/yolo_realsense/share/yolo_realsense
