[1.002s] Invoking command in '/ros_ws/build/yolo_realsense': PYTHONPATH=/ros_ws/build/yolo_realsense/prefix_override:/usr/lib/python3/dist-packages/colcon_core/task/python/colcon_distutils_commands:/ros_ws/install/yolo_realsense/lib/python3.10/site-packages:${PYTHONPATH} /usr/bin/python3 -W ignore:setup.py install is deprecated -W ignore:easy_install command is deprecated setup.py develop --editable --build-directory /ros_ws/build/yolo_realsense/build --no-deps symlink_data
[1.410s] running develop
[1.658s] running egg_info
[1.659s] creating yolo_realsense.egg-info
[1.659s] writing yolo_realsense.egg-info/PKG-INFO
[1.659s] writing dependency_links to yolo_realsense.egg-info/dependency_links.txt
[1.659s] writing entry points to yolo_realsense.egg-info/entry_points.txt
[1.659s] writing requirements to yolo_realsense.egg-info/requires.txt
[1.659s] writing top-level names to yolo_realsense.egg-info/top_level.txt
[1.659s] writing manifest file 'yolo_realsense.egg-info/SOURCES.txt'
[1.661s] reading manifest file 'yolo_realsense.egg-info/SOURCES.txt'
[1.662s] writing manifest file 'yolo_realsense.egg-info/SOURCES.txt'
[1.663s] running build_ext
[1.663s] Creating /ros_ws/install/yolo_realsense/lib/python3.10/site-packages/yolo-realsense.egg-link (link to .)
[1.664s] Installing yolo_node script to /ros_ws/install/yolo_realsense/lib/yolo_realsense
[1.664s] 
[1.665s] Installed /ros_ws/build/yolo_realsense
[1.665s] running symlink_data
[1.665s] creating /ros_ws/install/yolo_realsense/share/ament_index
[1.665s] creating /ros_ws/install/yolo_realsense/share/ament_index/resource_index
[1.665s] creating /ros_ws/install/yolo_realsense/share/ament_index/resource_index/packages
[1.665s] symbolically linking /ros_ws/build/yolo_realsense/resource/yolo_realsense -> /ros_ws/install/yolo_realsense/share/ament_index/resource_index/packages
[1.666s] symbolically linking /ros_ws/build/yolo_realsense/package.xml -> /ros_ws/install/yolo_realsense/share/yolo_realsense
