[0.215s] Invoking command in '/ros_ws/build/robotiq_description': CMAKE_PREFIX_PATH=/opt/ros/humble /usr/bin/cmake /ros_ws/src/ros2_robotiq_gripper/robotiq_description -DAMENT_CMAKE_SYMLINK_INSTALL=1 -DCMAKE_INSTALL_PREFIX=/ros_ws/install/robotiq_description
[0.262s] -- The C compiler identification is GNU 11.4.0
[0.340s] -- The CXX compiler identification is GNU 11.4.0
[0.349s] -- Detecting C compiler ABI info
[0.423s] -- Detecting C compiler ABI info - done
[0.431s] -- Check for working C compiler: /usr/bin/cc - skipped
[0.432s] -- Detecting C compile features
[0.432s] -- Detecting C compile features - done
[0.435s] -- Detecting CXX compiler ABI info
[0.523s] -- Detecting CXX compiler ABI info - done
[0.535s] -- Check for working CXX compiler: /usr/bin/c++ - skipped
[0.535s] -- Detecting CXX compile features
[0.536s] -- Detecting CXX compile features - done
[0.539s] -- Found ament_cmake: 1.3.12 (/opt/ros/humble/share/ament_cmake/cmake)
[0.740s] -- Found Python3: /usr/bin/python3 (found version "3.10.12") found components: Interpreter 
[0.833s] -- Override CMake install command with custom implementation using symlinks instead of copying resources
[0.960s] -- Configuring done
[0.964s] -- Generating done
[0.967s] -- Build files have been written to: /ros_ws/build/robotiq_description
[0.975s] Invoked command in '/ros_ws/build/robotiq_description' returned '0': CMAKE_PREFIX_PATH=/opt/ros/humble /usr/bin/cmake /ros_ws/src/ros2_robotiq_gripper/robotiq_description -DAMENT_CMAKE_SYMLINK_INSTALL=1 -DCMAKE_INSTALL_PREFIX=/ros_ws/install/robotiq_description
[0.978s] Invoking command in '/ros_ws/build/robotiq_description': CMAKE_PREFIX_PATH=/opt/ros/humble /usr/bin/cmake --build /ros_ws/build/robotiq_description -- -j16 -l16
[1.024s] Invoked command in '/ros_ws/build/robotiq_description' returned '0': CMAKE_PREFIX_PATH=/opt/ros/humble /usr/bin/cmake --build /ros_ws/build/robotiq_description -- -j16 -l16
[1.036s] Invoking command in '/ros_ws/build/robotiq_description': CMAKE_PREFIX_PATH=/opt/ros/humble /usr/bin/cmake --install /ros_ws/build/robotiq_description
[1.046s] -- Install configuration: ""
[1.046s] -- Execute custom install script
[1.047s] -- Symlinking: /ros_ws/install/robotiq_description/share/robotiq_description/config/robotiq_controllers.yaml
[1.059s] -- Symlinking: /ros_ws/install/robotiq_description/share/robotiq_description/launch/robotiq_control.launch.py
[1.069s] -- Symlinking: /ros_ws/install/robotiq_description/share/robotiq_description/launch/view_gripper.launch.py
[1.081s] -- Symlinking: /ros_ws/install/robotiq_description/share/robotiq_description/meshes/collision/2f_140/robotiq_2f_140_base_link.stl
[1.092s] -- Symlinking: /ros_ws/install/robotiq_description/share/robotiq_description/meshes/collision/2f_140/robotiq_2f_140_coupling.stl
[1.103s] -- Symlinking: /ros_ws/install/robotiq_description/share/robotiq_description/meshes/collision/2f_140/robotiq_2f_140_inner_finger.stl
[1.113s] -- Symlinking: /ros_ws/install/robotiq_description/share/robotiq_description/meshes/collision/2f_140/robotiq_2f_140_inner_knuckle.stl
[1.126s] -- Symlinking: /ros_ws/install/robotiq_description/share/robotiq_description/meshes/collision/2f_140/robotiq_2f_140_outer_finger.stl
[1.137s] -- Symlinking: /ros_ws/install/robotiq_description/share/robotiq_description/meshes/collision/2f_140/robotiq_2f_140_outer_knuckle.stl
[1.148s] -- Symlinking: /ros_ws/install/robotiq_description/share/robotiq_description/meshes/collision/2f_85/left_finger.stl
[1.159s] -- Symlinking: /ros_ws/install/robotiq_description/share/robotiq_description/meshes/collision/2f_85/left_finger_tip.stl
[1.170s] -- Symlinking: /ros_ws/install/robotiq_description/share/robotiq_description/meshes/collision/2f_85/left_inner_knuckle.stl
[1.180s] -- Symlinking: /ros_ws/install/robotiq_description/share/robotiq_description/meshes/collision/2f_85/left_knuckle.stl
[1.191s] -- Symlinking: /ros_ws/install/robotiq_description/share/robotiq_description/meshes/collision/2f_85/right_finger.stl
[1.202s] -- Symlinking: /ros_ws/install/robotiq_description/share/robotiq_description/meshes/collision/2f_85/right_finger_tip.stl
[1.214s] -- Symlinking: /ros_ws/install/robotiq_description/share/robotiq_description/meshes/collision/2f_85/right_inner_knuckle.stl
[1.227s] -- Symlinking: /ros_ws/install/robotiq_description/share/robotiq_description/meshes/collision/2f_85/right_knuckle.stl
[1.237s] -- Symlinking: /ros_ws/install/robotiq_description/share/robotiq_description/meshes/collision/2f_85/robotiq_base.stl
[1.248s] -- Symlinking: /ros_ws/install/robotiq_description/share/robotiq_description/meshes/collision/2f_85/ur_to_robotiq_adapter.stl
[1.258s] -- Symlinking: /ros_ws/install/robotiq_description/share/robotiq_description/meshes/visual/2f_140/robotiq_2f_140_base_link.stl
[1.268s] -- Symlinking: /ros_ws/install/robotiq_description/share/robotiq_description/meshes/visual/2f_140/robotiq_2f_140_coupling.stl
[1.278s] -- Symlinking: /ros_ws/install/robotiq_description/share/robotiq_description/meshes/visual/2f_140/robotiq_2f_140_inner_finger.stl
[1.288s] -- Symlinking: /ros_ws/install/robotiq_description/share/robotiq_description/meshes/visual/2f_140/robotiq_2f_140_inner_knuckle.stl
[1.298s] -- Symlinking: /ros_ws/install/robotiq_description/share/robotiq_description/meshes/visual/2f_140/robotiq_2f_140_outer_finger.stl
[1.308s] -- Symlinking: /ros_ws/install/robotiq_description/share/robotiq_description/meshes/visual/2f_140/robotiq_2f_140_outer_knuckle.stl
[1.320s] -- Symlinking: /ros_ws/install/robotiq_description/share/robotiq_description/meshes/visual/2f_85/left_finger.dae
[1.330s] -- Symlinking: /ros_ws/install/robotiq_description/share/robotiq_description/meshes/visual/2f_85/left_finger_tip.dae
[1.342s] -- Symlinking: /ros_ws/install/robotiq_description/share/robotiq_description/meshes/visual/2f_85/left_inner_knuckle.dae
[1.352s] -- Symlinking: /ros_ws/install/robotiq_description/share/robotiq_description/meshes/visual/2f_85/left_knuckle.dae
[1.364s] -- Symlinking: /ros_ws/install/robotiq_description/share/robotiq_description/meshes/visual/2f_85/right_finger.dae
[1.376s] -- Symlinking: /ros_ws/install/robotiq_description/share/robotiq_description/meshes/visual/2f_85/right_finger_tip.dae
[1.388s] -- Symlinking: /ros_ws/install/robotiq_description/share/robotiq_description/meshes/visual/2f_85/right_inner_knuckle.dae
[1.400s] -- Symlinking: /ros_ws/install/robotiq_description/share/robotiq_description/meshes/visual/2f_85/right_knuckle.dae
[1.414s] -- Symlinking: /ros_ws/install/robotiq_description/share/robotiq_description/meshes/visual/2f_85/robotiq_base.dae
[1.429s] -- Symlinking: /ros_ws/install/robotiq_description/share/robotiq_description/meshes/visual/2f_85/ur_to_robotiq_adapter.dae
[1.441s] -- Symlinking: /ros_ws/install/robotiq_description/share/robotiq_description/rviz/view_urdf.rviz
[1.455s] -- Symlinking: /ros_ws/install/robotiq_description/share/robotiq_description/urdf/2f_140.ros2_control.xacro
[1.466s] -- Symlinking: /ros_ws/install/robotiq_description/share/robotiq_description/urdf/2f_85.ros2_control.xacro
[1.478s] -- Symlinking: /ros_ws/install/robotiq_description/share/robotiq_description/urdf/robotiq_2f_140.xacro
[1.489s] -- Symlinking: /ros_ws/install/robotiq_description/share/robotiq_description/urdf/robotiq_2f_140_gripper.urdf.xacro
[1.501s] -- Symlinking: /ros_ws/install/robotiq_description/share/robotiq_description/urdf/robotiq_2f_140_macro.urdf.xacro
[1.512s] -- Symlinking: /ros_ws/install/robotiq_description/share/robotiq_description/urdf/robotiq_2f_85_gripper.urdf.xacro
[1.522s] -- Symlinking: /ros_ws/install/robotiq_description/share/robotiq_description/urdf/robotiq_2f_85_macro.urdf.xacro
[1.533s] -- Symlinking: /ros_ws/install/robotiq_description/share/robotiq_description/urdf/ur_to_robotiq_adapter.urdf.xacro
[1.545s] -- Symlinking: /ros_ws/install/robotiq_description/share/ament_index/resource_index/package_run_dependencies/robotiq_description
[1.557s] -- Symlinking: /ros_ws/install/robotiq_description/share/ament_index/resource_index/parent_prefix_path/robotiq_description
[1.568s] -- Symlinking: /ros_ws/install/robotiq_description/share/robotiq_description/environment/ament_prefix_path.sh
[1.580s] -- Symlinking: /ros_ws/install/robotiq_description/share/robotiq_description/environment/ament_prefix_path.dsv
[1.591s] -- Symlinking: /ros_ws/install/robotiq_description/share/robotiq_description/environment/path.sh
[1.602s] -- Symlinking: /ros_ws/install/robotiq_description/share/robotiq_description/environment/path.dsv
[1.613s] -- Symlinking: /ros_ws/install/robotiq_description/share/robotiq_description/local_setup.bash
[1.625s] -- Symlinking: /ros_ws/install/robotiq_description/share/robotiq_description/local_setup.sh
[1.636s] -- Symlinking: /ros_ws/install/robotiq_description/share/robotiq_description/local_setup.zsh
[1.645s] -- Symlinking: /ros_ws/install/robotiq_description/share/robotiq_description/local_setup.dsv
[1.655s] -- Symlinking: /ros_ws/install/robotiq_description/share/robotiq_description/package.dsv
[1.665s] -- Symlinking: /ros_ws/install/robotiq_description/share/ament_index/resource_index/packages/robotiq_description
[1.674s] -- Symlinking: /ros_ws/install/robotiq_description/share/robotiq_description/cmake/robotiq_descriptionConfig.cmake
[1.684s] -- Symlinking: /ros_ws/install/robotiq_description/share/robotiq_description/cmake/robotiq_descriptionConfig-version.cmake
[1.695s] -- Symlinking: /ros_ws/install/robotiq_description/share/robotiq_description/package.xml
