[0.008s] Invoking command in '/ros_ws/build/realsense_gazebo_plugin': CMAKE_PREFIX_PATH=${CMAKE_PREFIX_PATH}:/opt/ros/humble /usr/bin/cmake --build /ros_ws/build/realsense_gazebo_plugin -- -j16 -l16
[0.080s] [100%] Built target realsense_gazebo_plugin
[0.092s] Invoked command in '/ros_ws/build/realsense_gazebo_plugin' returned '0': CMAKE_PREFIX_PATH=${CMAKE_PREFIX_PATH}:/opt/ros/humble /usr/bin/cmake --build /ros_ws/build/realsense_gazebo_plugin -- -j16 -l16
[0.104s] Invoking command in '/ros_ws/build/realsense_gazebo_plugin': CMAKE_PREFIX_PATH=${CMAKE_PREFIX_PATH}:/opt/ros/humble /usr/bin/cmake --install /ros_ws/build/realsense_gazebo_plugin
[0.113s] -- Install configuration: ""
[0.113s] -- Up-to-date: /ros_ws/install/realsense_gazebo_plugin/lib/librealsense_gazebo_plugin.so
[0.113s] -- Up-to-date: /ros_ws/install/realsense_gazebo_plugin/include/
[0.113s] -- Up-to-date: /ros_ws/install/realsense_gazebo_plugin/include//realsense_gazebo_plugin
[0.113s] -- Up-to-date: /ros_ws/install/realsense_gazebo_plugin/include//realsense_gazebo_plugin/RealSensePlugin.hpp
[0.114s] -- Up-to-date: /ros_ws/install/realsense_gazebo_plugin/include//realsense_gazebo_plugin/gazebo_ros_realsense.hpp
[0.114s] -- Up-to-date: /ros_ws/install/realsense_gazebo_plugin/share/realsense_gazebo_plugin/environment/library_path.sh
[0.114s] -- Up-to-date: /ros_ws/install/realsense_gazebo_plugin/share/realsense_gazebo_plugin/environment/library_path.dsv
[0.114s] -- Up-to-date: /ros_ws/install/realsense_gazebo_plugin/share/ament_index/resource_index/package_run_dependencies/realsense_gazebo_plugin
[0.114s] -- Up-to-date: /ros_ws/install/realsense_gazebo_plugin/share/ament_index/resource_index/parent_prefix_path/realsense_gazebo_plugin
[0.114s] -- Up-to-date: /ros_ws/install/realsense_gazebo_plugin/share/realsense_gazebo_plugin/environment/ament_prefix_path.sh
[0.114s] -- Up-to-date: /ros_ws/install/realsense_gazebo_plugin/share/realsense_gazebo_plugin/environment/ament_prefix_path.dsv
[0.114s] -- Up-to-date: /ros_ws/install/realsense_gazebo_plugin/share/realsense_gazebo_plugin/environment/path.sh
[0.115s] -- Up-to-date: /ros_ws/install/realsense_gazebo_plugin/share/realsense_gazebo_plugin/environment/path.dsv
[0.115s] -- Up-to-date: /ros_ws/install/realsense_gazebo_plugin/share/realsense_gazebo_plugin/local_setup.bash
[0.115s] -- Up-to-date: /ros_ws/install/realsense_gazebo_plugin/share/realsense_gazebo_plugin/local_setup.sh
[0.115s] -- Up-to-date: /ros_ws/install/realsense_gazebo_plugin/share/realsense_gazebo_plugin/local_setup.zsh
[0.115s] -- Up-to-date: /ros_ws/install/realsense_gazebo_plugin/share/realsense_gazebo_plugin/local_setup.dsv
[0.115s] -- Installing: /ros_ws/install/realsense_gazebo_plugin/share/realsense_gazebo_plugin/package.dsv
[0.115s] -- Up-to-date: /ros_ws/install/realsense_gazebo_plugin/share/ament_index/resource_index/packages/realsense_gazebo_plugin
[0.115s] -- Up-to-date: /ros_ws/install/realsense_gazebo_plugin/share/realsense_gazebo_plugin/cmake/ament_cmake_export_include_directories-extras.cmake
[0.115s] -- Up-to-date: /ros_ws/install/realsense_gazebo_plugin/share/realsense_gazebo_plugin/cmake/ament_cmake_export_libraries-extras.cmake
[0.115s] -- Up-to-date: /ros_ws/install/realsense_gazebo_plugin/share/realsense_gazebo_plugin/cmake/realsense_gazebo_pluginConfig.cmake
[0.115s] -- Up-to-date: /ros_ws/install/realsense_gazebo_plugin/share/realsense_gazebo_plugin/cmake/realsense_gazebo_pluginConfig-version.cmake
[0.115s] -- Up-to-date: /ros_ws/install/realsense_gazebo_plugin/share/realsense_gazebo_plugin/package.xml
[0.117s] Invoked command in '/ros_ws/build/realsense_gazebo_plugin' returned '0': CMAKE_PREFIX_PATH=${CMAKE_PREFIX_PATH}:/opt/ros/humble /usr/bin/cmake --install /ros_ws/build/realsense_gazebo_plugin
