[0.026s] Invoking command in '/ros_ws/build/robotiq_driver': CMAKE_PREFIX_PATH=${CMAKE_PREFIX_PATH}:/ros_ws/install/ros2_serial_interfaces:/opt/ros/humble /usr/bin/cmake /ros_ws/src/ros2_robotiq_gripper/robotiq_driver -DAMENT_CMAKE_SYMLINK_INSTALL=1 -DCMAKE_INSTALL_PREFIX=/ros_ws/install/robotiq_driver
[0.357s] -- Found ament_cmake: 1.3.12 (/opt/ros/humble/share/ament_cmake/cmake)
[0.357s] -- Override CMake install command with custom implementation using symlinks instead of copying resources
[0.357s] -- Found hardware_interface: 2.53.0 (/opt/ros/humble/share/hardware_interface/cmake)
[0.357s] -- Found rosidl_generator_c: 3.1.8 (/opt/ros/humble/share/rosidl_generator_c/cmake)
[0.358s] -- Found rosidl_adapter: 3.1.8 (/opt/ros/humble/share/rosidl_adapter/cmake)
[0.358s] -- Found rosidl_generator_cpp: 3.1.8 (/opt/ros/humble/share/rosidl_generator_cpp/cmake)
[0.359s] -- Using all available rosidl_typesupport_c: rosidl_typesupport_fastrtps_c;rosidl_typesupport_introspection_c
[0.359s] -- Using all available rosidl_typesupport_cpp: rosidl_typesupport_fastrtps_cpp;rosidl_typesupport_introspection_cpp
[0.417s] -- Found rmw_implementation_cmake: 6.1.2 (/opt/ros/humble/share/rmw_implementation_cmake/cmake)
[0.418s] -- Found rmw_fastrtps_cpp: 6.2.9 (/opt/ros/humble/share/rmw_fastrtps_cpp/cmake)
[0.437s] -- Found TinyXML2 via Config file: TinyXML2_DIR-NOTFOUND
[0.447s] -- Found TinyXML2 via Config file: TinyXML2_DIR-NOTFOUND
[0.464s] -- Found TinyXML2 via Config file: TinyXML2_DIR-NOTFOUND
[0.473s] -- Found TinyXML2 via Config file: TinyXML2_DIR-NOTFOUND
[0.483s] -- Using RMW implementation 'rmw_fastrtps_cpp' as default
[0.528s] -- Found ros2_serial_interfaces: 0.0.0 (/ros_ws/install/ros2_serial_interfaces/share/ros2_serial_interfaces/cmake)
[0.557s] -- Found ament_cmake_gtest: 1.3.12 (/opt/ros/humble/share/ament_cmake_gtest/cmake)
[0.560s] -- Found ament_cmake_gmock: 1.3.12 (/opt/ros/humble/share/ament_cmake_gmock/cmake)
[0.562s] -- Found ament_lint_auto: 0.12.14 (/opt/ros/humble/share/ament_lint_auto/cmake)
[0.685s] -- Found gmock sources under '/opt/ros/humble/src/gmock_vendor': C++ tests using 'Google Mock' will be built
[0.741s] -- The C compiler identification is GNU 11.4.0
[0.750s] -- Detecting C compiler ABI info
[0.829s] -- Detecting C compiler ABI info - done
[0.837s] -- Check for working C compiler: /usr/bin/cc - skipped
[0.837s] -- Detecting C compile features
[0.837s] -- Detecting C compile features - done
[0.842s] -- Found gtest sources under '/opt/ros/humble/src/gtest_vendor': C++ tests using 'Google Test' will be built
[0.930s] -- Configuring done
[0.940s] [31mCMake Error at CMakeLists.txt:31 (add_library):
[0.941s]   Target "robotiq_driver" links to target "serial::serial" but the target was
[0.941s]   not found.  Perhaps a find_package() call is missing for an IMPORTED
[0.941s]   target, or an ALIAS target is missing?
[0.941s] 
[0.941s] [0m
[0.941s] [31mCMake Error at /opt/ros/humble/share/ament_cmake_gmock/cmake/ament_add_gmock.cmake:69 (add_executable):
[0.941s]   Target "test_robotiq_gripper_hardware_interface" links to target
[0.941s]   "serial::serial" but the target was not found.  Perhaps a find_package()
[0.942s]   call is missing for an IMPORTED target, or an ALIAS target is missing?
[0.942s] Call Stack (most recent call first):
[0.942s]   /opt/ros/humble/share/ament_cmake_gmock/cmake/ament_add_gmock.cmake:52 (_ament_add_gmock)
[0.942s]   tests/CMakeLists.txt:16 (ament_add_gmock)
[0.942s] 
[0.942s] [0m
[0.942s] [31mCMake Error at /opt/ros/humble/share/ament_cmake_gmock/cmake/ament_add_gmock.cmake:69 (add_executable):
[0.942s]   Target "test_default_serial_factory" links to target "serial::serial" but
[0.942s]   the target was not found.  Perhaps a find_package() call is missing for an
[0.942s]   IMPORTED target, or an ALIAS target is missing?
[0.943s] Call Stack (most recent call first):
[0.943s]   /opt/ros/humble/share/ament_cmake_gmock/cmake/ament_add_gmock.cmake:52 (_ament_add_gmock)
[0.943s]   tests/CMakeLists.txt:31 (ament_add_gmock)
[0.943s] 
[0.943s] [0m
[0.943s] [31mCMake Error at /opt/ros/humble/share/ament_cmake_gmock/cmake/ament_add_gmock.cmake:69 (add_executable):
[0.943s]   Target "test_default_driver_factory" links to target "serial::serial" but
[0.943s]   the target was not found.  Perhaps a find_package() call is missing for an
[0.943s]   IMPORTED target, or an ALIAS target is missing?
[0.943s] Call Stack (most recent call first):
[0.944s]   /opt/ros/humble/share/ament_cmake_gmock/cmake/ament_add_gmock.cmake:52 (_ament_add_gmock)
[0.944s]   tests/CMakeLists.txt:43 (ament_add_gmock)
[0.944s] 
[0.944s] [0m
[0.944s] [31mCMake Error at /opt/ros/humble/share/ament_cmake_gmock/cmake/ament_add_gmock.cmake:69 (add_executable):
[0.944s]   Target "test_crc_utils" links to target "serial::serial" but the target was
[0.944s]   not found.  Perhaps a find_package() call is missing for an IMPORTED
[0.944s]   target, or an ALIAS target is missing?
[0.944s] Call Stack (most recent call first):
[0.945s]   /opt/ros/humble/share/ament_cmake_gmock/cmake/ament_add_gmock.cmake:52 (_ament_add_gmock)
[0.945s]   tests/CMakeLists.txt:55 (ament_add_gmock)
[0.945s] 
[0.945s] [0m
[0.945s] [31mCMake Error at /opt/ros/humble/share/ament_cmake_gmock/cmake/ament_add_gmock.cmake:69 (add_executable):
[0.945s]   Target "test_data_utils" links to target "serial::serial" but the target
[0.945s]   was not found.  Perhaps a find_package() call is missing for an IMPORTED
[0.945s]   target, or an ALIAS target is missing?
[0.945s] Call Stack (most recent call first):
[0.945s]   /opt/ros/humble/share/ament_cmake_gmock/cmake/ament_add_gmock.cmake:52 (_ament_add_gmock)
[0.946s]   tests/CMakeLists.txt:66 (ament_add_gmock)
[0.946s] 
[0.946s] [0m
[0.991s] -- Generating done
[0.995s] [0mCMake Generate step failed.  Build files cannot be regenerated correctly.[0m
[1.010s] Invoked command in '/ros_ws/build/robotiq_driver' returned '1': CMAKE_PREFIX_PATH=${CMAKE_PREFIX_PATH}:/ros_ws/install/ros2_serial_interfaces:/opt/ros/humble /usr/bin/cmake /ros_ws/src/ros2_robotiq_gripper/robotiq_driver -DAMENT_CMAKE_SYMLINK_INSTALL=1 -DCMAKE_INSTALL_PREFIX=/ros_ws/install/robotiq_driver
