[0.012s] Invoking command in '/ros_ws/build/ros2_cppserial': CMAKE_PREFIX_PATH=/ros_ws/install/ros2_serial_interfaces:/ros_ws/install/robotiq_description:/opt/ros/humble /usr/bin/cmake /ros_ws/src/ros2_serial/ros2_cppserial -DAMENT_CMAKE_SYMLINK_INSTALL=1 -DCMAKE_INSTALL_PREFIX=/ros_ws/install/ros2_cppserial
[0.070s] -- The C compiler identification is GNU 11.4.0
[0.132s] -- The CXX compiler identification is GNU 11.4.0
[0.141s] -- Detecting C compiler ABI info
[0.220s] -- Detecting C compiler ABI info - done
[0.229s] -- Check for working C compiler: /usr/bin/cc - skipped
[0.229s] -- Detecting C compile features
[0.230s] -- Detecting C compile features - done
[0.233s] -- Detecting CXX compiler ABI info
[0.324s] -- Detecting CXX compiler ABI info - done
[0.335s] -- Check for working CXX compiler: /usr/bin/c++ - skipped
[0.336s] -- Detecting CXX compile features
[0.336s] -- Detecting CXX compile features - done
[0.339s] -- Found ament_cmake: 1.3.12 (/opt/ros/humble/share/ament_cmake/cmake)
[0.497s] -- Found Python3: /usr/bin/python3 (found version "3.10.12") found components: Interpreter 
[0.556s] -- Override CMake install command with custom implementation using symlinks instead of copying resources
[0.585s] -- Found rclcpp: 16.0.17 (/opt/ros/humble/share/rclcpp/cmake)
[0.629s] -- Found rosidl_generator_c: 3.1.8 (/opt/ros/humble/share/rosidl_generator_c/cmake)
[0.635s] -- Found rosidl_adapter: 3.1.8 (/opt/ros/humble/share/rosidl_adapter/cmake)
[0.645s] -- Found rosidl_generator_cpp: 3.1.8 (/opt/ros/humble/share/rosidl_generator_cpp/cmake)
[0.660s] -- Using all available rosidl_typesupport_c: rosidl_typesupport_fastrtps_c;rosidl_typesupport_introspection_c
[0.680s] -- Using all available rosidl_typesupport_cpp: rosidl_typesupport_fastrtps_cpp;rosidl_typesupport_introspection_cpp
[0.731s] -- Found rmw_implementation_cmake: 6.1.2 (/opt/ros/humble/share/rmw_implementation_cmake/cmake)
[0.734s] -- Found rmw_fastrtps_cpp: 6.2.9 (/opt/ros/humble/share/rmw_fastrtps_cpp/cmake)
[0.833s] -- Found OpenSSL: /usr/lib/x86_64-linux-gnu/libcrypto.so (found version "3.0.2")  
[0.865s] -- Found FastRTPS: /opt/ros/humble/include  
[0.913s] -- Using RMW implementation 'rmw_fastrtps_cpp' as default
[0.923s] -- Looking for pthread.h
[0.988s] -- Looking for pthread.h - found
[0.989s] -- Performing Test CMAKE_HAVE_LIBC_PTHREAD
[1.056s] -- Performing Test CMAKE_HAVE_LIBC_PTHREAD - Success
[1.057s] -- Found Threads: TRUE  
[1.122s] [31mCMake Error at CMakeLists.txt:29 (find_package):
[1.122s]   By not providing "Findserial.cmake" in CMAKE_MODULE_PATH this project has
[1.122s]   asked CMake to find a package configuration file provided by "serial", but
[1.122s]   CMake did not find one.
[1.122s] 
[1.122s]   Could not find a package configuration file provided by "serial" with any
[1.123s]   of the following names:
[1.123s] 
[1.123s]     serialConfig.cmake
[1.123s]     serial-config.cmake
[1.123s] 
[1.123s]   Add the installation prefix of "serial" to CMAKE_PREFIX_PATH or set
[1.123s]   "serial_DIR" to a directory containing one of the above files.  If "serial"
[1.123s]   provides a separate development package or SDK, be sure it has been
[1.123s]   installed.
[1.123s] 
[1.123s] [0m
[1.123s] -- Configuring incomplete, errors occurred!
[1.123s] See also "/ros_ws/build/ros2_cppserial/CMakeFiles/CMakeOutput.log".
