[  3%] [34m[1mGenerating C code for ROS interfaces[0m
[  6%] [34m[1mGenerating C++ code for ROS interfaces[0m
[  6%] Built target ament_cmake_python_symlink_ros2_serial_interfaces
running egg_info
creating ros2_serial_interfaces.egg-info
writing ros2_serial_interfaces.egg-info/PKG-INFO
writing dependency_links to ros2_serial_interfaces.egg-info/dependency_links.txt
writing top-level names to ros2_serial_interfaces.egg-info/top_level.txt
writing manifest file 'ros2_serial_interfaces.egg-info/SOURCES.txt'
[  6%] Built target ros2_serial_interfaces__cpp
reading manifest file 'ros2_serial_interfaces.egg-info/SOURCES.txt'
writing manifest file 'ros2_serial_interfaces.egg-info/SOURCES.txt'
[ 16%] [34m[1mGenerating C++ introspection for ROS interfaces[0m
[ 16%] [34m[1mGenerating C++ type support for eProsima Fast-RTPS[0m
[ 16%] [34m[1mGenerating C++ type support dispatch for ROS interfaces[0m
[ 19%] [32mBuilding C object CMakeFiles/ros2_serial_interfaces__rosidl_generator_c.dir/rosidl_generator_c/ros2_serial_interfaces/msg/detail/serial_string__functions.c.o[0m
[ 19%] Built target ament_cmake_python_build_ros2_serial_interfaces_egg
[ 22%] [32m[1mLinking C shared library libros2_serial_interfaces__rosidl_generator_c.so[0m
[ 22%] Built target ros2_serial_interfaces__rosidl_generator_c
[ 32%] [34m[1mGenerating C type support for eProsima Fast-RTPS[0m
[ 32%] [34m[1mGenerating C type support dispatch for ROS interfaces[0m
[ 32%] [34m[1mGenerating C introspection for ROS interfaces[0m
[ 35%] [32mBuilding CXX object CMakeFiles/ros2_serial_interfaces__rosidl_typesupport_cpp.dir/rosidl_typesupport_cpp/ros2_serial_interfaces/msg/serial_string__type_support.cpp.o[0m
[ 38%] [32mBuilding CXX object CMakeFiles/ros2_serial_interfaces__rosidl_typesupport_introspection_cpp.dir/rosidl_typesupport_introspection_cpp/ros2_serial_interfaces/msg/detail/serial_string__type_support.cpp.o[0m
[ 41%] [32mBuilding CXX object CMakeFiles/ros2_serial_interfaces__rosidl_typesupport_fastrtps_cpp.dir/rosidl_typesupport_fastrtps_cpp/ros2_serial_interfaces/msg/detail/dds_fastrtps/serial_string__type_support.cpp.o[0m
[ 45%] [32mBuilding CXX object CMakeFiles/ros2_serial_interfaces__rosidl_typesupport_c.dir/rosidl_typesupport_c/ros2_serial_interfaces/msg/serial_string__type_support.cpp.o[0m
[ 48%] [32mBuilding C object CMakeFiles/ros2_serial_interfaces__rosidl_typesupport_introspection_c.dir/rosidl_typesupport_introspection_c/ros2_serial_interfaces/msg/detail/serial_string__type_support.c.o[0m
[ 51%] [32mBuilding CXX object CMakeFiles/ros2_serial_interfaces__rosidl_typesupport_fastrtps_c.dir/rosidl_typesupport_fastrtps_c/ros2_serial_interfaces/msg/detail/serial_string__type_support_c.cpp.o[0m
[ 54%] [32m[1mLinking CXX shared library libros2_serial_interfaces__rosidl_typesupport_c.so[0m
[ 58%] [32m[1mLinking C shared library libros2_serial_interfaces__rosidl_typesupport_introspection_c.so[0m
[ 58%] Built target ros2_serial_interfaces__rosidl_typesupport_c
[ 58%] Built target ros2_serial_interfaces__rosidl_typesupport_introspection_c
[ 61%] [32m[1mLinking CXX shared library libros2_serial_interfaces__rosidl_typesupport_cpp.so[0m
[ 61%] Built target ros2_serial_interfaces__rosidl_typesupport_cpp
[ 64%] [32m[1mLinking CXX shared library libros2_serial_interfaces__rosidl_typesupport_introspection_cpp.so[0m
[ 67%] [32m[1mLinking CXX shared library libros2_serial_interfaces__rosidl_typesupport_fastrtps_cpp.so[0m
[ 67%] Built target ros2_serial_interfaces__rosidl_typesupport_introspection_cpp
[ 70%] [32m[1mLinking CXX shared library libros2_serial_interfaces__rosidl_typesupport_fastrtps_c.so[0m
[ 70%] Built target ros2_serial_interfaces__rosidl_typesupport_fastrtps_cpp
[ 70%] Built target ros2_serial_interfaces__rosidl_typesupport_fastrtps_c
[ 70%] Built target ros2_serial_interfaces
[ 74%] [34m[1mGenerating Python code for ROS interfaces[0m
[ 74%] Built target ros2_serial_interfaces__py
[ 77%] [32mBuilding C object CMakeFiles/ros2_serial_interfaces__rosidl_generator_py.dir/rosidl_generator_py/ros2_serial_interfaces/msg/_serial_string_s.c.o[0m
[ 80%] [32m[1mLinking C shared library rosidl_generator_py/ros2_serial_interfaces/libros2_serial_interfaces__rosidl_generator_py.so[0m
[ 80%] Built target ros2_serial_interfaces__rosidl_generator_py
[ 90%] [32mBuilding C object CMakeFiles/ros2_serial_interfaces__rosidl_typesupport_c__pyext.dir/rosidl_generator_py/ros2_serial_interfaces/_ros2_serial_interfaces_s.ep.rosidl_typesupport_c.c.o[0m
[ 90%] [32mBuilding C object CMakeFiles/ros2_serial_interfaces__rosidl_typesupport_fastrtps_c__pyext.dir/rosidl_generator_py/ros2_serial_interfaces/_ros2_serial_interfaces_s.ep.rosidl_typesupport_fastrtps_c.c.o[0m
[ 90%] [32mBuilding C object CMakeFiles/ros2_serial_interfaces__rosidl_typesupport_introspection_c__pyext.dir/rosidl_generator_py/ros2_serial_interfaces/_ros2_serial_interfaces_s.ep.rosidl_typesupport_introspection_c.c.o[0m
[ 93%] [32m[1mLinking C shared library rosidl_generator_py/ros2_serial_interfaces/ros2_serial_interfaces_s__rosidl_typesupport_introspection_c.cpython-310-x86_64-linux-gnu.so[0m
[100%] [32m[1mLinking C shared library rosidl_generator_py/ros2_serial_interfaces/ros2_serial_interfaces_s__rosidl_typesupport_c.cpython-310-x86_64-linux-gnu.so[0m
[100%] [32m[1mLinking C shared library rosidl_generator_py/ros2_serial_interfaces/ros2_serial_interfaces_s__rosidl_typesupport_fastrtps_c.cpython-310-x86_64-linux-gnu.so[0m
[100%] Built target ros2_serial_interfaces__rosidl_typesupport_fastrtps_c__pyext
[100%] Built target ros2_serial_interfaces__rosidl_typesupport_c__pyext
[100%] Built target ros2_serial_interfaces__rosidl_typesupport_introspection_c__pyext
-- Install configuration: ""
-- Execute custom install script
-- Symlinking: /ros_ws/install/ros2_serial_interfaces/share/ament_index/resource_index/rosidl_interfaces/ros2_serial_interfaces
-- Symlinking: /ros_ws/install/ros2_serial_interfaces/include/ros2_serial_interfaces/ros2_serial_interfaces/msg/detail/serial_string__functions.h
-- Symlinking: /ros_ws/install/ros2_serial_interfaces/include/ros2_serial_interfaces/ros2_serial_interfaces/msg/detail/serial_string__struct.h
-- Symlinking: /ros_ws/install/ros2_serial_interfaces/include/ros2_serial_interfaces/ros2_serial_interfaces/msg/detail/serial_string__type_support.h
-- Symlinking: /ros_ws/install/ros2_serial_interfaces/include/ros2_serial_interfaces/ros2_serial_interfaces/msg/rosidl_generator_c__visibility_control.h
-- Symlinking: /ros_ws/install/ros2_serial_interfaces/include/ros2_serial_interfaces/ros2_serial_interfaces/msg/serial_string.h
-- Symlinking: /ros_ws/install/ros2_serial_interfaces/share/ros2_serial_interfaces/environment/library_path.sh
-- Symlinking: /ros_ws/install/ros2_serial_interfaces/share/ros2_serial_interfaces/environment/library_path.dsv
-- Symlinking: /ros_ws/install/ros2_serial_interfaces/include/ros2_serial_interfaces/ros2_serial_interfaces/msg/detail/serial_string__rosidl_typesupport_fastrtps_c.h
-- Symlinking: /ros_ws/install/ros2_serial_interfaces/include/ros2_serial_interfaces/ros2_serial_interfaces/msg/rosidl_typesupport_fastrtps_c__visibility_control.h
-- Symlinking: /ros_ws/install/ros2_serial_interfaces/include/ros2_serial_interfaces/ros2_serial_interfaces/msg/detail/serial_string__builder.hpp
-- Symlinking: /ros_ws/install/ros2_serial_interfaces/include/ros2_serial_interfaces/ros2_serial_interfaces/msg/detail/serial_string__struct.hpp
-- Symlinking: /ros_ws/install/ros2_serial_interfaces/include/ros2_serial_interfaces/ros2_serial_interfaces/msg/detail/serial_string__traits.hpp
-- Symlinking: /ros_ws/install/ros2_serial_interfaces/include/ros2_serial_interfaces/ros2_serial_interfaces/msg/detail/serial_string__type_support.hpp
-- Symlinking: /ros_ws/install/ros2_serial_interfaces/include/ros2_serial_interfaces/ros2_serial_interfaces/msg/rosidl_generator_cpp__visibility_control.hpp
-- Symlinking: /ros_ws/install/ros2_serial_interfaces/include/ros2_serial_interfaces/ros2_serial_interfaces/msg/serial_string.hpp
-- Symlinking: /ros_ws/install/ros2_serial_interfaces/include/ros2_serial_interfaces/ros2_serial_interfaces/msg/detail/serial_string__rosidl_typesupport_fastrtps_cpp.hpp
-- Symlinking: /ros_ws/install/ros2_serial_interfaces/include/ros2_serial_interfaces/ros2_serial_interfaces/msg/rosidl_typesupport_fastrtps_cpp__visibility_control.h
-- Symlinking: /ros_ws/install/ros2_serial_interfaces/include/ros2_serial_interfaces/ros2_serial_interfaces/msg/detail/serial_string__rosidl_typesupport_introspection_c.h
-- Symlinking: /ros_ws/install/ros2_serial_interfaces/include/ros2_serial_interfaces/ros2_serial_interfaces/msg/rosidl_typesupport_introspection_c__visibility_control.h
-- Symlinking: /ros_ws/install/ros2_serial_interfaces/include/ros2_serial_interfaces/ros2_serial_interfaces/msg/detail/serial_string__rosidl_typesupport_introspection_cpp.hpp
-- Symlinking: /ros_ws/install/ros2_serial_interfaces/share/ros2_serial_interfaces/environment/pythonpath.sh
-- Symlinking: /ros_ws/install/ros2_serial_interfaces/share/ros2_serial_interfaces/environment/pythonpath.dsv
-- Symlinking: /ros_ws/install/ros2_serial_interfaces/local/lib/python3.10/dist-packages/ros2_serial_interfaces-0.0.0-py3.10.egg-info/PKG-INFO
-- Symlinking: /ros_ws/install/ros2_serial_interfaces/local/lib/python3.10/dist-packages/ros2_serial_interfaces-0.0.0-py3.10.egg-info/SOURCES.txt
-- Symlinking: /ros_ws/install/ros2_serial_interfaces/local/lib/python3.10/dist-packages/ros2_serial_interfaces-0.0.0-py3.10.egg-info/dependency_links.txt
-- Symlinking: /ros_ws/install/ros2_serial_interfaces/local/lib/python3.10/dist-packages/ros2_serial_interfaces-0.0.0-py3.10.egg-info/top_level.txt
-- Symlinking: /ros_ws/install/ros2_serial_interfaces/local/lib/python3.10/dist-packages/ros2_serial_interfaces/__init__.py
-- Symlinking: /ros_ws/install/ros2_serial_interfaces/local/lib/python3.10/dist-packages/ros2_serial_interfaces/_ros2_serial_interfaces_s.ep.rosidl_typesupport_c.c
-- Symlinking: /ros_ws/install/ros2_serial_interfaces/local/lib/python3.10/dist-packages/ros2_serial_interfaces/_ros2_serial_interfaces_s.ep.rosidl_typesupport_fastrtps_c.c
-- Symlinking: /ros_ws/install/ros2_serial_interfaces/local/lib/python3.10/dist-packages/ros2_serial_interfaces/_ros2_serial_interfaces_s.ep.rosidl_typesupport_introspection_c.c
-- Symlinking: /ros_ws/install/ros2_serial_interfaces/local/lib/python3.10/dist-packages/ros2_serial_interfaces/libros2_serial_interfaces__rosidl_generator_py.so
-- Symlinking: /ros_ws/install/ros2_serial_interfaces/local/lib/python3.10/dist-packages/ros2_serial_interfaces/msg/__init__.py
-- Symlinking: /ros_ws/install/ros2_serial_interfaces/local/lib/python3.10/dist-packages/ros2_serial_interfaces/msg/_serial_string.py
-- Symlinking: /ros_ws/install/ros2_serial_interfaces/local/lib/python3.10/dist-packages/ros2_serial_interfaces/msg/_serial_string_s.c
-- Symlinking: /ros_ws/install/ros2_serial_interfaces/local/lib/python3.10/dist-packages/ros2_serial_interfaces/ros2_serial_interfaces_s__rosidl_typesupport_c.cpython-310-x86_64-linux-gnu.so
-- Symlinking: /ros_ws/install/ros2_serial_interfaces/local/lib/python3.10/dist-packages/ros2_serial_interfaces/ros2_serial_interfaces_s__rosidl_typesupport_fastrtps_c.cpython-310-x86_64-linux-gnu.so
-- Symlinking: /ros_ws/install/ros2_serial_interfaces/local/lib/python3.10/dist-packages/ros2_serial_interfaces/ros2_serial_interfaces_s__rosidl_typesupport_introspection_c.cpython-310-x86_64-linux-gnu.so
-- Up-to-date symlink: /ros_ws/install/ros2_serial_interfaces/local/lib/python3.10/dist-packages/ros2_serial_interfaces/ros2_serial_interfaces_s__rosidl_typesupport_fastrtps_c.cpython-310-x86_64-linux-gnu.so
-- Up-to-date symlink: /ros_ws/install/ros2_serial_interfaces/local/lib/python3.10/dist-packages/ros2_serial_interfaces/ros2_serial_interfaces_s__rosidl_typesupport_introspection_c.cpython-310-x86_64-linux-gnu.so
-- Up-to-date symlink: /ros_ws/install/ros2_serial_interfaces/local/lib/python3.10/dist-packages/ros2_serial_interfaces/ros2_serial_interfaces_s__rosidl_typesupport_c.cpython-310-x86_64-linux-gnu.so
-- Symlinking: /ros_ws/install/ros2_serial_interfaces/share/ros2_serial_interfaces/msg/SerialString.idl
-- Symlinking: /ros_ws/install/ros2_serial_interfaces/share/ros2_serial_interfaces/msg/SerialString.msg
-- Symlinking: /ros_ws/install/ros2_serial_interfaces/share/ament_index/resource_index/package_run_dependencies/ros2_serial_interfaces
-- Symlinking: /ros_ws/install/ros2_serial_interfaces/share/ament_index/resource_index/parent_prefix_path/ros2_serial_interfaces
-- Symlinking: /ros_ws/install/ros2_serial_interfaces/share/ros2_serial_interfaces/environment/ament_prefix_path.sh
-- Symlinking: /ros_ws/install/ros2_serial_interfaces/share/ros2_serial_interfaces/environment/ament_prefix_path.dsv
-- Symlinking: /ros_ws/install/ros2_serial_interfaces/share/ros2_serial_interfaces/environment/path.sh
-- Symlinking: /ros_ws/install/ros2_serial_interfaces/share/ros2_serial_interfaces/environment/path.dsv
-- Symlinking: /ros_ws/install/ros2_serial_interfaces/share/ros2_serial_interfaces/local_setup.bash
-- Symlinking: /ros_ws/install/ros2_serial_interfaces/share/ros2_serial_interfaces/local_setup.sh
-- Symlinking: /ros_ws/install/ros2_serial_interfaces/share/ros2_serial_interfaces/local_setup.zsh
-- Symlinking: /ros_ws/install/ros2_serial_interfaces/share/ros2_serial_interfaces/local_setup.dsv
-- Symlinking: /ros_ws/install/ros2_serial_interfaces/share/ros2_serial_interfaces/package.dsv
-- Symlinking: /ros_ws/install/ros2_serial_interfaces/share/ament_index/resource_index/packages/ros2_serial_interfaces
-- Symlinking: /ros_ws/install/ros2_serial_interfaces/share/ros2_serial_interfaces/cmake/rosidl_cmake-extras.cmake
-- Symlinking: /ros_ws/install/ros2_serial_interfaces/share/ros2_serial_interfaces/cmake/ament_cmake_export_dependencies-extras.cmake
-- Symlinking: /ros_ws/install/ros2_serial_interfaces/share/ros2_serial_interfaces/cmake/ament_cmake_export_include_directories-extras.cmake
-- Symlinking: /ros_ws/install/ros2_serial_interfaces/share/ros2_serial_interfaces/cmake/ament_cmake_export_libraries-extras.cmake
-- Symlinking: /ros_ws/install/ros2_serial_interfaces/share/ros2_serial_interfaces/cmake/ament_cmake_export_targets-extras.cmake
-- Symlinking: /ros_ws/install/ros2_serial_interfaces/share/ros2_serial_interfaces/cmake/rosidl_cmake_export_typesupport_targets-extras.cmake
-- Symlinking: /ros_ws/install/ros2_serial_interfaces/share/ros2_serial_interfaces/cmake/rosidl_cmake_export_typesupport_libraries-extras.cmake
-- Symlinking: /ros_ws/install/ros2_serial_interfaces/share/ros2_serial_interfaces/cmake/ros2_serial_interfacesConfig.cmake
-- Symlinking: /ros_ws/install/ros2_serial_interfaces/share/ros2_serial_interfaces/cmake/ros2_serial_interfacesConfig-version.cmake
-- Symlinking: /ros_ws/install/ros2_serial_interfaces/share/ros2_serial_interfaces/package.xml
-- Installing: /ros_ws/install/ros2_serial_interfaces/lib/libros2_serial_interfaces__rosidl_generator_c.so
-- Set runtime path of "/ros_ws/install/ros2_serial_interfaces/lib/libros2_serial_interfaces__rosidl_generator_c.so" to ""
-- Installing: /ros_ws/install/ros2_serial_interfaces/lib/libros2_serial_interfaces__rosidl_typesupport_fastrtps_c.so
-- Set runtime path of "/ros_ws/install/ros2_serial_interfaces/lib/libros2_serial_interfaces__rosidl_typesupport_fastrtps_c.so" to ""
-- Installing: /ros_ws/install/ros2_serial_interfaces/lib/libros2_serial_interfaces__rosidl_typesupport_fastrtps_cpp.so
-- Set runtime path of "/ros_ws/install/ros2_serial_interfaces/lib/libros2_serial_interfaces__rosidl_typesupport_fastrtps_cpp.so" to ""
-- Installing: /ros_ws/install/ros2_serial_interfaces/lib/libros2_serial_interfaces__rosidl_typesupport_introspection_c.so
-- Set runtime path of "/ros_ws/install/ros2_serial_interfaces/lib/libros2_serial_interfaces__rosidl_typesupport_introspection_c.so" to ""
-- Installing: /ros_ws/install/ros2_serial_interfaces/lib/libros2_serial_interfaces__rosidl_typesupport_c.so
-- Set runtime path of "/ros_ws/install/ros2_serial_interfaces/lib/libros2_serial_interfaces__rosidl_typesupport_c.so" to ""
-- Installing: /ros_ws/install/ros2_serial_interfaces/lib/libros2_serial_interfaces__rosidl_typesupport_introspection_cpp.so
-- Set runtime path of "/ros_ws/install/ros2_serial_interfaces/lib/libros2_serial_interfaces__rosidl_typesupport_introspection_cpp.so" to ""
-- Installing: /ros_ws/install/ros2_serial_interfaces/lib/libros2_serial_interfaces__rosidl_typesupport_cpp.so
-- Set runtime path of "/ros_ws/install/ros2_serial_interfaces/lib/libros2_serial_interfaces__rosidl_typesupport_cpp.so" to ""
Listing '/ros_ws/install/ros2_serial_interfaces/local/lib/python3.10/dist-packages/ros2_serial_interfaces'...
Compiling '/ros_ws/install/ros2_serial_interfaces/local/lib/python3.10/dist-packages/ros2_serial_interfaces/__init__.py'...
Listing '/ros_ws/install/ros2_serial_interfaces/local/lib/python3.10/dist-packages/ros2_serial_interfaces/msg'...
Compiling '/ros_ws/install/ros2_serial_interfaces/local/lib/python3.10/dist-packages/ros2_serial_interfaces/msg/__init__.py'...
Compiling '/ros_ws/install/ros2_serial_interfaces/local/lib/python3.10/dist-packages/ros2_serial_interfaces/msg/_serial_string.py'...
-- Installing: /ros_ws/install/ros2_serial_interfaces/lib/libros2_serial_interfaces__rosidl_generator_py.so
-- Set runtime path of "/ros_ws/install/ros2_serial_interfaces/lib/libros2_serial_interfaces__rosidl_generator_py.so" to ""
-- Installing: /ros_ws/install/ros2_serial_interfaces/share/ros2_serial_interfaces/cmake/export_ros2_serial_interfaces__rosidl_generator_cExport.cmake
-- Installing: /ros_ws/install/ros2_serial_interfaces/share/ros2_serial_interfaces/cmake/export_ros2_serial_interfaces__rosidl_generator_cExport-noconfig.cmake
-- Installing: /ros_ws/install/ros2_serial_interfaces/share/ros2_serial_interfaces/cmake/export_ros2_serial_interfaces__rosidl_typesupport_fastrtps_cExport.cmake
-- Installing: /ros_ws/install/ros2_serial_interfaces/share/ros2_serial_interfaces/cmake/export_ros2_serial_interfaces__rosidl_typesupport_fastrtps_cExport-noconfig.cmake
-- Installing: /ros_ws/install/ros2_serial_interfaces/share/ros2_serial_interfaces/cmake/export_ros2_serial_interfaces__rosidl_generator_cppExport.cmake
-- Installing: /ros_ws/install/ros2_serial_interfaces/share/ros2_serial_interfaces/cmake/export_ros2_serial_interfaces__rosidl_typesupport_fastrtps_cppExport.cmake
-- Installing: /ros_ws/install/ros2_serial_interfaces/share/ros2_serial_interfaces/cmake/export_ros2_serial_interfaces__rosidl_typesupport_fastrtps_cppExport-noconfig.cmake
-- Installing: /ros_ws/install/ros2_serial_interfaces/share/ros2_serial_interfaces/cmake/ros2_serial_interfaces__rosidl_typesupport_introspection_cExport.cmake
-- Installing: /ros_ws/install/ros2_serial_interfaces/share/ros2_serial_interfaces/cmake/ros2_serial_interfaces__rosidl_typesupport_introspection_cExport-noconfig.cmake
-- Installing: /ros_ws/install/ros2_serial_interfaces/share/ros2_serial_interfaces/cmake/ros2_serial_interfaces__rosidl_typesupport_cExport.cmake
-- Installing: /ros_ws/install/ros2_serial_interfaces/share/ros2_serial_interfaces/cmake/ros2_serial_interfaces__rosidl_typesupport_cExport-noconfig.cmake
-- Installing: /ros_ws/install/ros2_serial_interfaces/share/ros2_serial_interfaces/cmake/ros2_serial_interfaces__rosidl_typesupport_introspection_cppExport.cmake
-- Installing: /ros_ws/install/ros2_serial_interfaces/share/ros2_serial_interfaces/cmake/ros2_serial_interfaces__rosidl_typesupport_introspection_cppExport-noconfig.cmake
-- Installing: /ros_ws/install/ros2_serial_interfaces/share/ros2_serial_interfaces/cmake/ros2_serial_interfaces__rosidl_typesupport_cppExport.cmake
-- Installing: /ros_ws/install/ros2_serial_interfaces/share/ros2_serial_interfaces/cmake/ros2_serial_interfaces__rosidl_typesupport_cppExport-noconfig.cmake
-- Installing: /ros_ws/install/ros2_serial_interfaces/share/ros2_serial_interfaces/cmake/export_ros2_serial_interfaces__rosidl_generator_pyExport.cmake
-- Installing: /ros_ws/install/ros2_serial_interfaces/share/ros2_serial_interfaces/cmake/export_ros2_serial_interfaces__rosidl_generator_pyExport-noconfig.cmake
