[0.008s] Invoking command in '/ros_ws/build/ros2_serial_interfaces': CMAKE_PREFIX_PATH=/opt/ros/humble /usr/bin/cmake --build /ros_ws/build/ros2_serial_interfaces -- -j16 -l16
[0.034s] [  3%] [34m[1mGenerating C code for ROS interfaces[0m
[0.040s] [  6%] [34m[1mGenerating C++ code for ROS interfaces[0m
[0.044s] [  6%] Built target ament_cmake_python_symlink_ros2_serial_interfaces
[0.229s] running egg_info
[0.229s] creating ros2_serial_interfaces.egg-info
[0.229s] writing ros2_serial_interfaces.egg-info/PKG-INFO
[0.230s] writing dependency_links to ros2_serial_interfaces.egg-info/dependency_links.txt
[0.230s] writing top-level names to ros2_serial_interfaces.egg-info/top_level.txt
[0.230s] writing manifest file 'ros2_serial_interfaces.egg-info/SOURCES.txt'
[0.230s] [  6%] Built target ros2_serial_interfaces__cpp
[0.231s] reading manifest file 'ros2_serial_interfaces.egg-info/SOURCES.txt'
[0.232s] writing manifest file 'ros2_serial_interfaces.egg-info/SOURCES.txt'
[0.239s] [ 16%] [34m[1mGenerating C++ introspection for ROS interfaces[0m
[0.239s] [ 16%] [34m[1mGenerating C++ type support for eProsima Fast-RTPS[0m
[0.239s] [ 16%] [34m[1mGenerating C++ type support dispatch for ROS interfaces[0m
[0.242s] [ 19%] [32mBuilding C object CMakeFiles/ros2_serial_interfaces__rosidl_generator_c.dir/rosidl_generator_c/ros2_serial_interfaces/msg/detail/serial_string__functions.c.o[0m
[0.254s] [ 19%] Built target ament_cmake_python_build_ros2_serial_interfaces_egg
[0.278s] [ 22%] [32m[1mLinking C shared library libros2_serial_interfaces__rosidl_generator_c.so[0m
[0.304s] [ 22%] Built target ros2_serial_interfaces__rosidl_generator_c
[0.311s] [ 32%] [34m[1mGenerating C type support for eProsima Fast-RTPS[0m
[0.311s] [ 32%] [34m[1mGenerating C type support dispatch for ROS interfaces[0m
[0.311s] [ 32%] [34m[1mGenerating C introspection for ROS interfaces[0m
[0.437s] [ 35%] [32mBuilding CXX object CMakeFiles/ros2_serial_interfaces__rosidl_typesupport_cpp.dir/rosidl_typesupport_cpp/ros2_serial_interfaces/msg/serial_string__type_support.cpp.o[0m
[0.454s] [ 38%] [32mBuilding CXX object CMakeFiles/ros2_serial_interfaces__rosidl_typesupport_introspection_cpp.dir/rosidl_typesupport_introspection_cpp/ros2_serial_interfaces/msg/detail/serial_string__type_support.cpp.o[0m
[0.460s] [ 41%] [32mBuilding CXX object CMakeFiles/ros2_serial_interfaces__rosidl_typesupport_fastrtps_cpp.dir/rosidl_typesupport_fastrtps_cpp/ros2_serial_interfaces/msg/detail/dds_fastrtps/serial_string__type_support.cpp.o[0m
[0.556s] [ 45%] [32mBuilding CXX object CMakeFiles/ros2_serial_interfaces__rosidl_typesupport_c.dir/rosidl_typesupport_c/ros2_serial_interfaces/msg/serial_string__type_support.cpp.o[0m
[0.576s] [ 48%] [32mBuilding C object CMakeFiles/ros2_serial_interfaces__rosidl_typesupport_introspection_c.dir/rosidl_typesupport_introspection_c/ros2_serial_interfaces/msg/detail/serial_string__type_support.c.o[0m
[0.577s] [ 51%] [32mBuilding CXX object CMakeFiles/ros2_serial_interfaces__rosidl_typesupport_fastrtps_c.dir/rosidl_typesupport_fastrtps_c/ros2_serial_interfaces/msg/detail/serial_string__type_support_c.cpp.o[0m
[0.584s] [ 54%] [32m[1mLinking CXX shared library libros2_serial_interfaces__rosidl_typesupport_c.so[0m
[0.610s] [ 58%] [32m[1mLinking C shared library libros2_serial_interfaces__rosidl_typesupport_introspection_c.so[0m
[0.625s] [ 58%] Built target ros2_serial_interfaces__rosidl_typesupport_c
[0.642s] [ 58%] Built target ros2_serial_interfaces__rosidl_typesupport_introspection_c
[0.713s] [ 61%] [32m[1mLinking CXX shared library libros2_serial_interfaces__rosidl_typesupport_cpp.so[0m
[0.747s] [ 61%] Built target ros2_serial_interfaces__rosidl_typesupport_cpp
[0.810s] [ 64%] [32m[1mLinking CXX shared library libros2_serial_interfaces__rosidl_typesupport_introspection_cpp.so[0m
[0.826s] [ 67%] [32m[1mLinking CXX shared library libros2_serial_interfaces__rosidl_typesupport_fastrtps_cpp.so[0m
[0.864s] [ 67%] Built target ros2_serial_interfaces__rosidl_typesupport_introspection_cpp
[0.867s] [ 70%] [32m[1mLinking CXX shared library libros2_serial_interfaces__rosidl_typesupport_fastrtps_c.so[0m
[0.888s] [ 70%] Built target ros2_serial_interfaces__rosidl_typesupport_fastrtps_cpp
[0.921s] [ 70%] Built target ros2_serial_interfaces__rosidl_typesupport_fastrtps_c
[0.933s] [ 70%] Built target ros2_serial_interfaces
[0.944s] [ 74%] [34m[1mGenerating Python code for ROS interfaces[0m
[1.194s] [ 74%] Built target ros2_serial_interfaces__py
[1.207s] [ 77%] [32mBuilding C object CMakeFiles/ros2_serial_interfaces__rosidl_generator_py.dir/rosidl_generator_py/ros2_serial_interfaces/msg/_serial_string_s.c.o[0m
[1.294s] [ 80%] [32m[1mLinking C shared library rosidl_generator_py/ros2_serial_interfaces/libros2_serial_interfaces__rosidl_generator_py.so[0m
[1.329s] [ 80%] Built target ros2_serial_interfaces__rosidl_generator_py
[1.343s] [ 90%] [32mBuilding C object CMakeFiles/ros2_serial_interfaces__rosidl_typesupport_c__pyext.dir/rosidl_generator_py/ros2_serial_interfaces/_ros2_serial_interfaces_s.ep.rosidl_typesupport_c.c.o[0m
[1.343s] [ 90%] [32mBuilding C object CMakeFiles/ros2_serial_interfaces__rosidl_typesupport_fastrtps_c__pyext.dir/rosidl_generator_py/ros2_serial_interfaces/_ros2_serial_interfaces_s.ep.rosidl_typesupport_fastrtps_c.c.o[0m
[1.343s] [ 90%] [32mBuilding C object CMakeFiles/ros2_serial_interfaces__rosidl_typesupport_introspection_c__pyext.dir/rosidl_generator_py/ros2_serial_interfaces/_ros2_serial_interfaces_s.ep.rosidl_typesupport_introspection_c.c.o[0m
[1.443s] [ 93%] [32m[1mLinking C shared library rosidl_generator_py/ros2_serial_interfaces/ros2_serial_interfaces_s__rosidl_typesupport_introspection_c.cpython-310-x86_64-linux-gnu.so[0m
[1.443s] [100%] [32m[1mLinking C shared library rosidl_generator_py/ros2_serial_interfaces/ros2_serial_interfaces_s__rosidl_typesupport_c.cpython-310-x86_64-linux-gnu.so[0m
[1.443s] [100%] [32m[1mLinking C shared library rosidl_generator_py/ros2_serial_interfaces/ros2_serial_interfaces_s__rosidl_typesupport_fastrtps_c.cpython-310-x86_64-linux-gnu.so[0m
[1.474s] [100%] Built target ros2_serial_interfaces__rosidl_typesupport_fastrtps_c__pyext
[1.474s] [100%] Built target ros2_serial_interfaces__rosidl_typesupport_c__pyext
[1.474s] [100%] Built target ros2_serial_interfaces__rosidl_typesupport_introspection_c__pyext
[1.481s] Invoked command in '/ros_ws/build/ros2_serial_interfaces' returned '0': CMAKE_PREFIX_PATH=/opt/ros/humble /usr/bin/cmake --build /ros_ws/build/ros2_serial_interfaces -- -j16 -l16
[1.486s] Invoking command in '/ros_ws/build/ros2_serial_interfaces': CMAKE_PREFIX_PATH=/opt/ros/humble /usr/bin/cmake --install /ros_ws/build/ros2_serial_interfaces
[1.490s] -- Install configuration: ""
[1.491s] -- Execute custom install script
[1.491s] -- Symlinking: /ros_ws/install/ros2_serial_interfaces/share/ament_index/resource_index/rosidl_interfaces/ros2_serial_interfaces
[1.496s] -- Symlinking: /ros_ws/install/ros2_serial_interfaces/include/ros2_serial_interfaces/ros2_serial_interfaces/msg/detail/serial_string__functions.h
[1.501s] -- Symlinking: /ros_ws/install/ros2_serial_interfaces/include/ros2_serial_interfaces/ros2_serial_interfaces/msg/detail/serial_string__struct.h
[1.506s] -- Symlinking: /ros_ws/install/ros2_serial_interfaces/include/ros2_serial_interfaces/ros2_serial_interfaces/msg/detail/serial_string__type_support.h
[1.511s] -- Symlinking: /ros_ws/install/ros2_serial_interfaces/include/ros2_serial_interfaces/ros2_serial_interfaces/msg/rosidl_generator_c__visibility_control.h
[1.515s] -- Symlinking: /ros_ws/install/ros2_serial_interfaces/include/ros2_serial_interfaces/ros2_serial_interfaces/msg/serial_string.h
[1.520s] -- Symlinking: /ros_ws/install/ros2_serial_interfaces/share/ros2_serial_interfaces/environment/library_path.sh
[1.524s] -- Symlinking: /ros_ws/install/ros2_serial_interfaces/share/ros2_serial_interfaces/environment/library_path.dsv
[1.530s] -- Symlinking: /ros_ws/install/ros2_serial_interfaces/include/ros2_serial_interfaces/ros2_serial_interfaces/msg/detail/serial_string__rosidl_typesupport_fastrtps_c.h
[1.535s] -- Symlinking: /ros_ws/install/ros2_serial_interfaces/include/ros2_serial_interfaces/ros2_serial_interfaces/msg/rosidl_typesupport_fastrtps_c__visibility_control.h
[1.540s] -- Symlinking: /ros_ws/install/ros2_serial_interfaces/include/ros2_serial_interfaces/ros2_serial_interfaces/msg/detail/serial_string__builder.hpp
[1.545s] -- Symlinking: /ros_ws/install/ros2_serial_interfaces/include/ros2_serial_interfaces/ros2_serial_interfaces/msg/detail/serial_string__struct.hpp
[1.550s] -- Symlinking: /ros_ws/install/ros2_serial_interfaces/include/ros2_serial_interfaces/ros2_serial_interfaces/msg/detail/serial_string__traits.hpp
[1.555s] -- Symlinking: /ros_ws/install/ros2_serial_interfaces/include/ros2_serial_interfaces/ros2_serial_interfaces/msg/detail/serial_string__type_support.hpp
[1.561s] -- Symlinking: /ros_ws/install/ros2_serial_interfaces/include/ros2_serial_interfaces/ros2_serial_interfaces/msg/rosidl_generator_cpp__visibility_control.hpp
[1.565s] -- Symlinking: /ros_ws/install/ros2_serial_interfaces/include/ros2_serial_interfaces/ros2_serial_interfaces/msg/serial_string.hpp
[1.570s] -- Symlinking: /ros_ws/install/ros2_serial_interfaces/include/ros2_serial_interfaces/ros2_serial_interfaces/msg/detail/serial_string__rosidl_typesupport_fastrtps_cpp.hpp
[1.574s] -- Symlinking: /ros_ws/install/ros2_serial_interfaces/include/ros2_serial_interfaces/ros2_serial_interfaces/msg/rosidl_typesupport_fastrtps_cpp__visibility_control.h
[1.578s] -- Symlinking: /ros_ws/install/ros2_serial_interfaces/include/ros2_serial_interfaces/ros2_serial_interfaces/msg/detail/serial_string__rosidl_typesupport_introspection_c.h
[1.583s] -- Symlinking: /ros_ws/install/ros2_serial_interfaces/include/ros2_serial_interfaces/ros2_serial_interfaces/msg/rosidl_typesupport_introspection_c__visibility_control.h
[1.587s] -- Symlinking: /ros_ws/install/ros2_serial_interfaces/include/ros2_serial_interfaces/ros2_serial_interfaces/msg/detail/serial_string__rosidl_typesupport_introspection_cpp.hpp
[1.592s] -- Symlinking: /ros_ws/install/ros2_serial_interfaces/share/ros2_serial_interfaces/environment/pythonpath.sh
[1.597s] -- Symlinking: /ros_ws/install/ros2_serial_interfaces/share/ros2_serial_interfaces/environment/pythonpath.dsv
[1.601s] -- Symlinking: /ros_ws/install/ros2_serial_interfaces/local/lib/python3.10/dist-packages/ros2_serial_interfaces-0.0.0-py3.10.egg-info/PKG-INFO
[1.606s] -- Symlinking: /ros_ws/install/ros2_serial_interfaces/local/lib/python3.10/dist-packages/ros2_serial_interfaces-0.0.0-py3.10.egg-info/SOURCES.txt
[1.610s] -- Symlinking: /ros_ws/install/ros2_serial_interfaces/local/lib/python3.10/dist-packages/ros2_serial_interfaces-0.0.0-py3.10.egg-info/dependency_links.txt
[1.615s] -- Symlinking: /ros_ws/install/ros2_serial_interfaces/local/lib/python3.10/dist-packages/ros2_serial_interfaces-0.0.0-py3.10.egg-info/top_level.txt
[1.619s] -- Symlinking: /ros_ws/install/ros2_serial_interfaces/local/lib/python3.10/dist-packages/ros2_serial_interfaces/__init__.py
[1.623s] -- Symlinking: /ros_ws/install/ros2_serial_interfaces/local/lib/python3.10/dist-packages/ros2_serial_interfaces/_ros2_serial_interfaces_s.ep.rosidl_typesupport_c.c
[1.628s] -- Symlinking: /ros_ws/install/ros2_serial_interfaces/local/lib/python3.10/dist-packages/ros2_serial_interfaces/_ros2_serial_interfaces_s.ep.rosidl_typesupport_fastrtps_c.c
[1.632s] -- Symlinking: /ros_ws/install/ros2_serial_interfaces/local/lib/python3.10/dist-packages/ros2_serial_interfaces/_ros2_serial_interfaces_s.ep.rosidl_typesupport_introspection_c.c
[1.637s] -- Symlinking: /ros_ws/install/ros2_serial_interfaces/local/lib/python3.10/dist-packages/ros2_serial_interfaces/libros2_serial_interfaces__rosidl_generator_py.so
[1.642s] -- Symlinking: /ros_ws/install/ros2_serial_interfaces/local/lib/python3.10/dist-packages/ros2_serial_interfaces/msg/__init__.py
[1.646s] -- Symlinking: /ros_ws/install/ros2_serial_interfaces/local/lib/python3.10/dist-packages/ros2_serial_interfaces/msg/_serial_string.py
[1.650s] -- Symlinking: /ros_ws/install/ros2_serial_interfaces/local/lib/python3.10/dist-packages/ros2_serial_interfaces/msg/_serial_string_s.c
[1.655s] -- Symlinking: /ros_ws/install/ros2_serial_interfaces/local/lib/python3.10/dist-packages/ros2_serial_interfaces/ros2_serial_interfaces_s__rosidl_typesupport_c.cpython-310-x86_64-linux-gnu.so
[1.659s] -- Symlinking: /ros_ws/install/ros2_serial_interfaces/local/lib/python3.10/dist-packages/ros2_serial_interfaces/ros2_serial_interfaces_s__rosidl_typesupport_fastrtps_c.cpython-310-x86_64-linux-gnu.so
[1.663s] -- Symlinking: /ros_ws/install/ros2_serial_interfaces/local/lib/python3.10/dist-packages/ros2_serial_interfaces/ros2_serial_interfaces_s__rosidl_typesupport_introspection_c.cpython-310-x86_64-linux-gnu.so
[1.667s] -- Up-to-date symlink: /ros_ws/install/ros2_serial_interfaces/local/lib/python3.10/dist-packages/ros2_serial_interfaces/ros2_serial_interfaces_s__rosidl_typesupport_fastrtps_c.cpython-310-x86_64-linux-gnu.so
[1.667s] -- Up-to-date symlink: /ros_ws/install/ros2_serial_interfaces/local/lib/python3.10/dist-packages/ros2_serial_interfaces/ros2_serial_interfaces_s__rosidl_typesupport_introspection_c.cpython-310-x86_64-linux-gnu.so
[1.667s] -- Up-to-date symlink: /ros_ws/install/ros2_serial_interfaces/local/lib/python3.10/dist-packages/ros2_serial_interfaces/ros2_serial_interfaces_s__rosidl_typesupport_c.cpython-310-x86_64-linux-gnu.so
[1.668s] -- Symlinking: /ros_ws/install/ros2_serial_interfaces/share/ros2_serial_interfaces/msg/SerialString.idl
[1.672s] -- Symlinking: /ros_ws/install/ros2_serial_interfaces/share/ros2_serial_interfaces/msg/SerialString.msg
[1.676s] -- Symlinking: /ros_ws/install/ros2_serial_interfaces/share/ament_index/resource_index/package_run_dependencies/ros2_serial_interfaces
[1.680s] -- Symlinking: /ros_ws/install/ros2_serial_interfaces/share/ament_index/resource_index/parent_prefix_path/ros2_serial_interfaces
[1.684s] -- Symlinking: /ros_ws/install/ros2_serial_interfaces/share/ros2_serial_interfaces/environment/ament_prefix_path.sh
[1.689s] -- Symlinking: /ros_ws/install/ros2_serial_interfaces/share/ros2_serial_interfaces/environment/ament_prefix_path.dsv
[1.693s] -- Symlinking: /ros_ws/install/ros2_serial_interfaces/share/ros2_serial_interfaces/environment/path.sh
[1.697s] -- Symlinking: /ros_ws/install/ros2_serial_interfaces/share/ros2_serial_interfaces/environment/path.dsv
[1.702s] -- Symlinking: /ros_ws/install/ros2_serial_interfaces/share/ros2_serial_interfaces/local_setup.bash
[1.706s] -- Symlinking: /ros_ws/install/ros2_serial_interfaces/share/ros2_serial_interfaces/local_setup.sh
[1.711s] -- Symlinking: /ros_ws/install/ros2_serial_interfaces/share/ros2_serial_interfaces/local_setup.zsh
[1.715s] -- Symlinking: /ros_ws/install/ros2_serial_interfaces/share/ros2_serial_interfaces/local_setup.dsv
[1.720s] -- Symlinking: /ros_ws/install/ros2_serial_interfaces/share/ros2_serial_interfaces/package.dsv
[1.725s] -- Symlinking: /ros_ws/install/ros2_serial_interfaces/share/ament_index/resource_index/packages/ros2_serial_interfaces
[1.729s] -- Symlinking: /ros_ws/install/ros2_serial_interfaces/share/ros2_serial_interfaces/cmake/rosidl_cmake-extras.cmake
[1.734s] -- Symlinking: /ros_ws/install/ros2_serial_interfaces/share/ros2_serial_interfaces/cmake/ament_cmake_export_dependencies-extras.cmake
[1.739s] -- Symlinking: /ros_ws/install/ros2_serial_interfaces/share/ros2_serial_interfaces/cmake/ament_cmake_export_include_directories-extras.cmake
[1.744s] -- Symlinking: /ros_ws/install/ros2_serial_interfaces/share/ros2_serial_interfaces/cmake/ament_cmake_export_libraries-extras.cmake
[1.749s] -- Symlinking: /ros_ws/install/ros2_serial_interfaces/share/ros2_serial_interfaces/cmake/ament_cmake_export_targets-extras.cmake
[1.753s] -- Symlinking: /ros_ws/install/ros2_serial_interfaces/share/ros2_serial_interfaces/cmake/rosidl_cmake_export_typesupport_targets-extras.cmake
[1.759s] -- Symlinking: /ros_ws/install/ros2_serial_interfaces/share/ros2_serial_interfaces/cmake/rosidl_cmake_export_typesupport_libraries-extras.cmake
[1.766s] -- Symlinking: /ros_ws/install/ros2_serial_interfaces/share/ros2_serial_interfaces/cmake/ros2_serial_interfacesConfig.cmake
[1.772s] -- Symlinking: /ros_ws/install/ros2_serial_interfaces/share/ros2_serial_interfaces/cmake/ros2_serial_interfacesConfig-version.cmake
[1.779s] -- Symlinking: /ros_ws/install/ros2_serial_interfaces/share/ros2_serial_interfaces/package.xml
[1.784s] -- Installing: /ros_ws/install/ros2_serial_interfaces/lib/libros2_serial_interfaces__rosidl_generator_c.so
[1.785s] -- Set runtime path of "/ros_ws/install/ros2_serial_interfaces/lib/libros2_serial_interfaces__rosidl_generator_c.so" to ""
[1.785s] -- Installing: /ros_ws/install/ros2_serial_interfaces/lib/libros2_serial_interfaces__rosidl_typesupport_fastrtps_c.so
[1.785s] -- Set runtime path of "/ros_ws/install/ros2_serial_interfaces/lib/libros2_serial_interfaces__rosidl_typesupport_fastrtps_c.so" to ""
[1.785s] -- Installing: /ros_ws/install/ros2_serial_interfaces/lib/libros2_serial_interfaces__rosidl_typesupport_fastrtps_cpp.so
[1.785s] -- Set runtime path of "/ros_ws/install/ros2_serial_interfaces/lib/libros2_serial_interfaces__rosidl_typesupport_fastrtps_cpp.so" to ""
[1.785s] -- Installing: /ros_ws/install/ros2_serial_interfaces/lib/libros2_serial_interfaces__rosidl_typesupport_introspection_c.so
[1.785s] -- Set runtime path of "/ros_ws/install/ros2_serial_interfaces/lib/libros2_serial_interfaces__rosidl_typesupport_introspection_c.so" to ""
[1.785s] -- Installing: /ros_ws/install/ros2_serial_interfaces/lib/libros2_serial_interfaces__rosidl_typesupport_c.so
[1.785s] -- Set runtime path of "/ros_ws/install/ros2_serial_interfaces/lib/libros2_serial_interfaces__rosidl_typesupport_c.so" to ""
[1.785s] -- Installing: /ros_ws/install/ros2_serial_interfaces/lib/libros2_serial_interfaces__rosidl_typesupport_introspection_cpp.so
[1.785s] -- Set runtime path of "/ros_ws/install/ros2_serial_interfaces/lib/libros2_serial_interfaces__rosidl_typesupport_introspection_cpp.so" to ""
[1.785s] -- Installing: /ros_ws/install/ros2_serial_interfaces/lib/libros2_serial_interfaces__rosidl_typesupport_cpp.so
[1.786s] -- Set runtime path of "/ros_ws/install/ros2_serial_interfaces/lib/libros2_serial_interfaces__rosidl_typesupport_cpp.so" to ""
[1.810s] Listing '/ros_ws/install/ros2_serial_interfaces/local/lib/python3.10/dist-packages/ros2_serial_interfaces'...
[1.810s] Compiling '/ros_ws/install/ros2_serial_interfaces/local/lib/python3.10/dist-packages/ros2_serial_interfaces/__init__.py'...
[1.810s] Listing '/ros_ws/install/ros2_serial_interfaces/local/lib/python3.10/dist-packages/ros2_serial_interfaces/msg'...
[1.810s] Compiling '/ros_ws/install/ros2_serial_interfaces/local/lib/python3.10/dist-packages/ros2_serial_interfaces/msg/__init__.py'...
[1.810s] Compiling '/ros_ws/install/ros2_serial_interfaces/local/lib/python3.10/dist-packages/ros2_serial_interfaces/msg/_serial_string.py'...
[1.813s] -- Installing: /ros_ws/install/ros2_serial_interfaces/lib/libros2_serial_interfaces__rosidl_generator_py.so
[1.813s] -- Set runtime path of "/ros_ws/install/ros2_serial_interfaces/lib/libros2_serial_interfaces__rosidl_generator_py.so" to ""
[1.813s] -- Installing: /ros_ws/install/ros2_serial_interfaces/share/ros2_serial_interfaces/cmake/export_ros2_serial_interfaces__rosidl_generator_cExport.cmake
[1.813s] -- Installing: /ros_ws/install/ros2_serial_interfaces/share/ros2_serial_interfaces/cmake/export_ros2_serial_interfaces__rosidl_generator_cExport-noconfig.cmake
[1.813s] -- Installing: /ros_ws/install/ros2_serial_interfaces/share/ros2_serial_interfaces/cmake/export_ros2_serial_interfaces__rosidl_typesupport_fastrtps_cExport.cmake
[1.813s] -- Installing: /ros_ws/install/ros2_serial_interfaces/share/ros2_serial_interfaces/cmake/export_ros2_serial_interfaces__rosidl_typesupport_fastrtps_cExport-noconfig.cmake
[1.813s] -- Installing: /ros_ws/install/ros2_serial_interfaces/share/ros2_serial_interfaces/cmake/export_ros2_serial_interfaces__rosidl_generator_cppExport.cmake
[1.813s] -- Installing: /ros_ws/install/ros2_serial_interfaces/share/ros2_serial_interfaces/cmake/export_ros2_serial_interfaces__rosidl_typesupport_fastrtps_cppExport.cmake
[1.813s] -- Installing: /ros_ws/install/ros2_serial_interfaces/share/ros2_serial_interfaces/cmake/export_ros2_serial_interfaces__rosidl_typesupport_fastrtps_cppExport-noconfig.cmake
[1.813s] -- Installing: /ros_ws/install/ros2_serial_interfaces/share/ros2_serial_interfaces/cmake/ros2_serial_interfaces__rosidl_typesupport_introspection_cExport.cmake
[1.813s] -- Installing: /ros_ws/install/ros2_serial_interfaces/share/ros2_serial_interfaces/cmake/ros2_serial_interfaces__rosidl_typesupport_introspection_cExport-noconfig.cmake
[1.813s] -- Installing: /ros_ws/install/ros2_serial_interfaces/share/ros2_serial_interfaces/cmake/ros2_serial_interfaces__rosidl_typesupport_cExport.cmake
[1.813s] -- Installing: /ros_ws/install/ros2_serial_interfaces/share/ros2_serial_interfaces/cmake/ros2_serial_interfaces__rosidl_typesupport_cExport-noconfig.cmake
[1.814s] -- Installing: /ros_ws/install/ros2_serial_interfaces/share/ros2_serial_interfaces/cmake/ros2_serial_interfaces__rosidl_typesupport_introspection_cppExport.cmake
[1.814s] -- Installing: /ros_ws/install/ros2_serial_interfaces/share/ros2_serial_interfaces/cmake/ros2_serial_interfaces__rosidl_typesupport_introspection_cppExport-noconfig.cmake
[1.814s] -- Installing: /ros_ws/install/ros2_serial_interfaces/share/ros2_serial_interfaces/cmake/ros2_serial_interfaces__rosidl_typesupport_cppExport.cmake
[1.814s] -- Installing: /ros_ws/install/ros2_serial_interfaces/share/ros2_serial_interfaces/cmake/ros2_serial_interfaces__rosidl_typesupport_cppExport-noconfig.cmake
[1.814s] -- Installing: /ros_ws/install/ros2_serial_interfaces/share/ros2_serial_interfaces/cmake/export_ros2_serial_interfaces__rosidl_generator_pyExport.cmake
[1.814s] -- Installing: /ros_ws/install/ros2_serial_interfaces/share/ros2_serial_interfaces/cmake/export_ros2_serial_interfaces__rosidl_generator_pyExport-noconfig.cmake
[1.815s] Invoked command in '/ros_ws/build/ros2_serial_interfaces' returned '0': CMAKE_PREFIX_PATH=/opt/ros/humble /usr/bin/cmake --install /ros_ws/build/ros2_serial_interfaces
