[0.216s] Invoking command in '/ros_ws/build/robotiq_controllers': CMAKE_PREFIX_PATH=/opt/ros/humble /usr/bin/cmake /ros_ws/src/ros2_robotiq_gripper/robotiq_controllers -DAMENT_CMAKE_SYMLINK_INSTALL=1 -DCMAKE_INSTALL_PREFIX=/ros_ws/install/robotiq_controllers
[0.266s] -- The C compiler identification is GNU 11.4.0
[0.343s] -- The CXX compiler identification is GNU 11.4.0
[0.352s] -- Detecting C compiler ABI info
[0.425s] -- Detecting C compiler ABI info - done
[0.433s] -- Check for working C compiler: /usr/bin/cc - skipped
[0.434s] -- Detecting C compile features
[0.434s] -- Detecting C compile features - done
[0.437s] -- Detecting CXX compiler ABI info
[0.525s] -- Detecting CXX compiler ABI info - done
[0.537s] -- Check for working CXX compiler: /usr/bin/c++ - skipped
[0.537s] -- Detecting CXX compile features
[0.538s] -- Detecting CXX compile features - done
[0.541s] -- Found ament_cmake: 1.3.12 (/opt/ros/humble/share/ament_cmake/cmake)
[0.747s] -- Found Python3: /usr/bin/python3 (found version "3.10.12") found components: Interpreter 
[0.839s] -- Override CMake install command with custom implementation using symlinks instead of copying resources
[0.891s] -- Found controller_interface: 2.53.0 (/opt/ros/humble/share/controller_interface/cmake)
[0.954s] -- Found rosidl_generator_c: 3.1.8 (/opt/ros/humble/share/rosidl_generator_c/cmake)
[0.962s] -- Found rosidl_adapter: 3.1.8 (/opt/ros/humble/share/rosidl_adapter/cmake)
[0.973s] -- Found rosidl_generator_cpp: 3.1.8 (/opt/ros/humble/share/rosidl_generator_cpp/cmake)
[0.994s] -- Using all available rosidl_typesupport_c: rosidl_typesupport_fastrtps_c;rosidl_typesupport_introspection_c
[1.027s] -- Using all available rosidl_typesupport_cpp: rosidl_typesupport_fastrtps_cpp;rosidl_typesupport_introspection_cpp
[1.345s] -- Found rmw_implementation_cmake: 6.1.2 (/opt/ros/humble/share/rmw_implementation_cmake/cmake)
[1.349s] -- Found rmw_fastrtps_cpp: 6.2.9 (/opt/ros/humble/share/rmw_fastrtps_cpp/cmake)
[1.389s] -- Found TinyXML2 via Config file: TinyXML2_DIR-NOTFOUND
[1.466s] -- Found OpenSSL: /usr/lib/x86_64-linux-gnu/libcrypto.so (found version "3.0.2")  
[1.470s] -- Found TinyXML2 via Config file: TinyXML2_DIR-NOTFOUND
[1.492s] -- Found FastRTPS: /opt/ros/humble/include  
[1.497s] -- Found TinyXML2 via Config file: TinyXML2_DIR-NOTFOUND
[1.510s] -- Found TinyXML2 via Config file: TinyXML2_DIR-NOTFOUND
[1.523s] -- Using RMW implementation 'rmw_fastrtps_cpp' as default
[1.537s] -- Looking for pthread.h
[1.630s] -- Looking for pthread.h - found
[1.630s] -- Performing Test CMAKE_HAVE_LIBC_PTHREAD
[1.717s] -- Performing Test CMAKE_HAVE_LIBC_PTHREAD - Success
[1.718s] -- Found Threads: TRUE  
[1.775s] -- Found std_srvs: 4.9.0 (/opt/ros/humble/share/std_srvs/cmake)
[1.785s] -- Found ament_lint_auto: 0.12.14 (/opt/ros/humble/share/ament_lint_auto/cmake)
[1.876s] -- Added test 'cppcheck' to perform static code analysis on C / C++ code
[1.876s] -- Configured cppcheck include dirs: /ros_ws/src/ros2_robotiq_gripper/robotiq_controllers/include
[1.876s] -- Configured cppcheck exclude dirs and/or files: 
[1.877s] -- Added test 'lint_cmake' to check CMake code style
[1.881s] -- Configuring done
[1.895s] -- Generating done
[1.899s] -- Build files have been written to: /ros_ws/build/robotiq_controllers
