[0.012s] Invoking command in '/ros_ws/build/realsense2_camera': CMAKE_PREFIX_PATH=${CMAKE_PREFIX_PATH}:/opt/ros/humble /usr/bin/cmake /ros_ws/src/realsense2_camera -DCMAKE_INSTALL_PREFIX=/ros_ws/install/realsense2_camera
[0.088s] -- The C compiler identification is GNU 11.4.0
[0.152s] -- The CXX compiler identification is GNU 11.4.0
[0.159s] -- Detecting C compiler ABI info
[0.211s] -- Detecting C compiler ABI info - done
[0.216s] -- Check for working C compiler: /usr/bin/cc - skipped
[0.216s] -- Detecting C compile features
[0.217s] -- Detecting C compile features - done
[0.220s] -- Detecting CXX compiler ABI info
[0.283s] -- Detecting CXX compiler ABI info - done
[0.288s] -- Check for working CXX compiler: /usr/bin/c++ - skipped
[0.289s] -- Detecting CXX compile features
[0.289s] -- Detecting CXX compile features - done
[0.289s] -- Create Release Build.
[0.291s] -- Found ament_cmake: 1.3.12 (/opt/ros/humble/share/ament_cmake/cmake)
[0.405s] -- Found Python3: /usr/bin/python3 (found version "3.10.12") found components: Interpreter 
[0.501s] -- Found builtin_interfaces: 1.2.2 (/opt/ros/humble/share/builtin_interfaces/cmake)
[0.538s] -- Found rosidl_generator_c: 3.1.7 (/opt/ros/humble/share/rosidl_generator_c/cmake)
[0.544s] -- Found rosidl_adapter: 3.1.7 (/opt/ros/humble/share/rosidl_adapter/cmake)
[0.555s] -- Found rosidl_generator_cpp: 3.1.7 (/opt/ros/humble/share/rosidl_generator_cpp/cmake)
[0.570s] -- Using all available rosidl_typesupport_c: rosidl_typesupport_fastrtps_c;rosidl_typesupport_introspection_c
[0.591s] -- Using all available rosidl_typesupport_cpp: rosidl_typesupport_fastrtps_cpp;rosidl_typesupport_introspection_cpp
[0.609s] -- Found cv_bridge: 3.2.1 (/opt/ros/humble/share/cv_bridge/cmake)
[0.682s] -- Found image_transport: 3.1.12 (/opt/ros/humble/share/image_transport/cmake)
[0.740s] -- Found rmw_implementation_cmake: 6.1.2 (/opt/ros/humble/share/rmw_implementation_cmake/cmake)
[0.743s] -- Found rmw_fastrtps_cpp: 6.2.9 (/opt/ros/humble/share/rmw_fastrtps_cpp/cmake)
[0.837s] -- Found OpenSSL: /usr/lib/x86_64-linux-gnu/libcrypto.so (found version "3.0.2")  
[0.870s] -- Found FastRTPS: /opt/ros/humble/include  
[0.915s] -- Using RMW implementation 'rmw_fastrtps_cpp' as default
[0.927s] -- Looking for pthread.h
[1.016s] -- Looking for pthread.h - found
[1.016s] -- Performing Test CMAKE_HAVE_LIBC_PTHREAD
[1.099s] -- Performing Test CMAKE_HAVE_LIBC_PTHREAD - Success
[1.101s] -- Found Threads: TRUE  
[1.191s] -- Found rclcpp_action: 16.0.15 (/opt/ros/humble/share/rclcpp_action/cmake)
[1.237s] -- Found rclcpp_components: 16.0.15 (/opt/ros/humble/share/rclcpp_components/cmake)
[1.271s] [31mCMake Error at CMakeLists.txt:114 (find_package):
[1.272s]   By not providing "Findrealsense2_camera_msgs.cmake" in CMAKE_MODULE_PATH
[1.272s]   this project has asked CMake to find a package configuration file provided
[1.272s]   by "realsense2_camera_msgs", but CMake did not find one.
[1.272s] 
[1.272s]   Could not find a package configuration file provided by
[1.272s]   "realsense2_camera_msgs" with any of the following names:
[1.272s] 
[1.272s]     realsense2_camera_msgsConfig.cmake
[1.272s]     realsense2_camera_msgs-config.cmake
[1.272s] 
[1.272s]   Add the installation prefix of "realsense2_camera_msgs" to
[1.272s]   CMAKE_PREFIX_PATH or set "realsense2_camera_msgs_DIR" to a directory
[1.272s]   containing one of the above files.  If "realsense2_camera_msgs" provides a
[1.272s]   separate development package or SDK, be sure it has been installed.
[1.272s] 
[1.272s] [0m
[1.272s] -- Configuring incomplete, errors occurred!
[1.272s] See also "/ros_ws/build/realsense2_camera/CMakeFiles/CMakeOutput.log".
[1.282s] Invoked command in '/ros_ws/build/realsense2_camera' returned '1': CMAKE_PREFIX_PATH=${CMAKE_PREFIX_PATH}:/opt/ros/humble /usr/bin/cmake /ros_ws/src/realsense2_camera -DCMAKE_INSTALL_PREFIX=/ros_ws/install/realsense2_camera
