[0.015s] Invoking command in '/ros_ws/src/build/realsense2_description': CMAKE_PREFIX_PATH=${CMAKE_PREFIX_PATH}:/ros_ws/install/yolo_realsense:/opt/ros/humble /usr/bin/cmake /ros_ws/src/realsense2_description -DCMAKE_INSTALL_PREFIX=/ros_ws/src/install/realsense2_description
[0.109s] -- The C compiler identification is GNU 11.4.0
[0.177s] -- The CXX compiler identification is GNU 11.4.0
[0.186s] -- Detecting C compiler ABI info
[0.250s] -- Detecting C compiler ABI info - done
[0.262s] -- Check for working C compiler: /usr/bin/cc - skipped
[0.262s] -- Detecting C compile features
[0.263s] -- Detecting C compile features - done
[0.267s] -- Detecting CXX compiler ABI info
[0.333s] -- Detecting CXX compiler ABI info - done
[0.340s] -- Check for working CXX compiler: /usr/bin/c++ - skipped
[0.340s] -- Detecting CXX compile features
[0.340s] -- Detecting CXX compile features - done
[0.344s] -- Found ament_cmake: 1.3.12 (/opt/ros/humble/share/ament_cmake/cmake)
[0.497s] -- Found Python3: /usr/bin/python3 (found version "3.10.12") found components: Interpreter 
[0.644s] -- Configuring done
[0.647s] -- Generating done
[0.648s] -- Build files have been written to: /ros_ws/src/build/realsense2_description
[0.652s] Invoked command in '/ros_ws/src/build/realsense2_description' returned '0': CMAKE_PREFIX_PATH=${CMAKE_PREFIX_PATH}:/ros_ws/install/yolo_realsense:/opt/ros/humble /usr/bin/cmake /ros_ws/src/realsense2_description -DCMAKE_INSTALL_PREFIX=/ros_ws/src/install/realsense2_description
[0.654s] Invoking command in '/ros_ws/src/build/realsense2_description': CMAKE_PREFIX_PATH=${CMAKE_PREFIX_PATH}:/ros_ws/install/yolo_realsense:/opt/ros/humble /usr/bin/cmake --build /ros_ws/src/build/realsense2_description -- -j16 -l16
[0.684s] Invoked command in '/ros_ws/src/build/realsense2_description' returned '0': CMAKE_PREFIX_PATH=${CMAKE_PREFIX_PATH}:/ros_ws/install/yolo_realsense:/opt/ros/humble /usr/bin/cmake --build /ros_ws/src/build/realsense2_description -- -j16 -l16
[0.690s] Invoking command in '/ros_ws/src/build/realsense2_description': CMAKE_PREFIX_PATH=${CMAKE_PREFIX_PATH}:/ros_ws/install/yolo_realsense:/opt/ros/humble /usr/bin/cmake --install /ros_ws/src/build/realsense2_description
[0.695s] -- Install configuration: ""
[0.695s] -- Installing: /ros_ws/src/install/realsense2_description/share/realsense2_description/launch
[0.695s] -- Installing: /ros_ws/src/install/realsense2_description/share/realsense2_description/launch/launch_gazebo.py
[0.695s] -- Installing: /ros_ws/src/install/realsense2_description/share/realsense2_description/launch/launch_utils.py
[0.695s] -- Installing: /ros_ws/src/install/realsense2_description/share/realsense2_description/launch/view_model.launch.py
[0.695s] -- Installing: /ros_ws/src/install/realsense2_description/share/realsense2_description/meshes
[0.695s] -- Installing: /ros_ws/src/install/realsense2_description/share/realsense2_description/meshes/d405.stl
[0.696s] -- Installing: /ros_ws/src/install/realsense2_description/share/realsense2_description/meshes/d415.stl
[0.713s] -- Installing: /ros_ws/src/install/realsense2_description/share/realsense2_description/meshes/l515.dae
[0.744s] -- Installing: /ros_ws/src/install/realsense2_description/share/realsense2_description/meshes/plug.stl
[0.745s] -- Installing: /ros_ws/src/install/realsense2_description/share/realsense2_description/meshes/plug_collision.stl
[0.745s] -- Installing: /ros_ws/src/install/realsense2_description/share/realsense2_description/meshes/d435.dae
[0.761s] -- Installing: /ros_ws/src/install/realsense2_description/share/realsense2_description/meshes/d455.stl
[0.765s] -- Installing: /ros_ws/src/install/realsense2_description/share/realsense2_description/rviz
[0.765s] -- Installing: /ros_ws/src/install/realsense2_description/share/realsense2_description/rviz/urdf.rviz
[0.765s] -- Installing: /ros_ws/src/install/realsense2_description/share/realsense2_description/urdf
[0.765s] -- Installing: /ros_ws/src/install/realsense2_description/share/realsense2_description/urdf/_r410.urdf.xacro
[0.765s] -- Installing: /ros_ws/src/install/realsense2_description/share/realsense2_description/urdf/test_d455_camera.urdf.xacro
[0.765s] -- Installing: /ros_ws/src/install/realsense2_description/share/realsense2_description/urdf/_d435.urdf.xacro
[0.765s] -- Installing: /ros_ws/src/install/realsense2_description/share/realsense2_description/urdf/_d405.urdf.xacro
[0.766s] -- Installing: /ros_ws/src/install/realsense2_description/share/realsense2_description/urdf/test_d435i_camera.urdf.xacro
[0.766s] -- Installing: /ros_ws/src/install/realsense2_description/share/realsense2_description/urdf/_d435i.gazebo.xacro
[0.766s] -- Installing: /ros_ws/src/install/realsense2_description/share/realsense2_description/urdf/_d415.urdf.xacro
[0.766s] -- Installing: /ros_ws/src/install/realsense2_description/share/realsense2_description/urdf/_usb_plug.urdf.xacro
[0.767s] -- Installing: /ros_ws/src/install/realsense2_description/share/realsense2_description/urdf/test_d415_camera.urdf.xacro
[0.767s] -- Installing: /ros_ws/src/install/realsense2_description/share/realsense2_description/urdf/test_d435_multiple_cameras.urdf.xacro
[0.767s] -- Installing: /ros_ws/src/install/realsense2_description/share/realsense2_description/urdf/test_d435_camera.urdf.xacro
[0.767s] -- Installing: /ros_ws/src/install/realsense2_description/share/realsense2_description/urdf/_materials.urdf.xacro
[0.767s] -- Installing: /ros_ws/src/install/realsense2_description/share/realsense2_description/urdf/_r430.urdf.xacro
[0.768s] -- Installing: /ros_ws/src/install/realsense2_description/share/realsense2_description/urdf/_d435i_imu_modules.urdf.xacro
[0.768s] -- Installing: /ros_ws/src/install/realsense2_description/share/realsense2_description/urdf/test_d405_camera.urdf.xacro
[0.768s] -- Installing: /ros_ws/src/install/realsense2_description/share/realsense2_description/urdf/_d455.urdf.xacro
[0.768s] -- Installing: /ros_ws/src/install/realsense2_description/share/realsense2_description/urdf/test_r430_camera.urdf.xacro
[0.768s] -- Installing: /ros_ws/src/install/realsense2_description/share/realsense2_description/urdf/_d435i.urdf.xacro
[0.769s] -- Installing: /ros_ws/src/install/realsense2_description/share/realsense2_description/urdf/test_r410_camera.urdf.xacro
[0.769s] -- Installing: /ros_ws/src/install/realsense2_description/share/ament_index/resource_index/package_run_dependencies/realsense2_description
[0.769s] -- Installing: /ros_ws/src/install/realsense2_description/share/ament_index/resource_index/parent_prefix_path/realsense2_description
[0.769s] -- Installing: /ros_ws/src/install/realsense2_description/share/realsense2_description/environment/ament_prefix_path.sh
[0.770s] -- Installing: /ros_ws/src/install/realsense2_description/share/realsense2_description/environment/ament_prefix_path.dsv
[0.770s] -- Installing: /ros_ws/src/install/realsense2_description/share/realsense2_description/environment/path.sh
[0.770s] -- Installing: /ros_ws/src/install/realsense2_description/share/realsense2_description/environment/path.dsv
[0.770s] -- Installing: /ros_ws/src/install/realsense2_description/share/realsense2_description/local_setup.bash
[0.770s] -- Installing: /ros_ws/src/install/realsense2_description/share/realsense2_description/local_setup.sh
[0.771s] -- Installing: /ros_ws/src/install/realsense2_description/share/realsense2_description/local_setup.zsh
[0.771s] -- Installing: /ros_ws/src/install/realsense2_description/share/realsense2_description/local_setup.dsv
[0.771s] -- Installing: /ros_ws/src/install/realsense2_description/share/realsense2_description/package.dsv
[0.771s] -- Installing: /ros_ws/src/install/realsense2_description/share/ament_index/resource_index/packages/realsense2_description
[0.771s] -- Installing: /ros_ws/src/install/realsense2_description/share/realsense2_description/cmake/realsense2_descriptionConfig.cmake
[0.771s] -- Installing: /ros_ws/src/install/realsense2_description/share/realsense2_description/cmake/realsense2_descriptionConfig-version.cmake
[0.771s] -- Installing: /ros_ws/src/install/realsense2_description/share/realsense2_description/package.xml
[0.774s] Invoked command in '/ros_ws/src/build/realsense2_description' returned '0': CMAKE_PREFIX_PATH=${CMAKE_PREFIX_PATH}:/ros_ws/install/yolo_realsense:/opt/ros/humble /usr/bin/cmake --install /ros_ws/src/build/realsense2_description
