[0.011s] Invoking command in '/ros_ws/build/realsense2_camera': AMENT_PREFIX_PATH=/ros_ws/install/realsense2_camera_msgs:${AMENT_PREFIX_PATH} CMAKE_PREFIX_PATH=/ros_ws/install/realsense2_camera_msgs:/ros_ws/install/realsense_gazebo_plugin:/ros_ws/install/realsense2_description:/opt/ros/humble LD_LIBRARY_PATH=/ros_ws/install/realsense2_camera_msgs/lib:${LD_LIBRARY_PATH} PYTHONPATH=/ros_ws/install/realsense2_camera_msgs/local/lib/python3.10/dist-packages:${PYTHONPATH} /usr/bin/cmake /ros_ws/src/realsense2_camera -DCMAKE_INSTALL_PREFIX=/ros_ws/install/realsense2_camera
[0.025s] -- Create Release Build.
[0.025s] -- Found ament_cmake: 1.3.12 (/opt/ros/humble/share/ament_cmake/cmake)
[0.134s] -- Found builtin_interfaces: 1.2.2 (/opt/ros/humble/share/builtin_interfaces/cmake)
[0.151s] -- Found rosidl_generator_c: 3.1.7 (/opt/ros/humble/share/rosidl_generator_c/cmake)
[0.153s] -- Found rosidl_adapter: 3.1.7 (/opt/ros/humble/share/rosidl_adapter/cmake)
[0.159s] -- Found rosidl_generator_cpp: 3.1.7 (/opt/ros/humble/share/rosidl_generator_cpp/cmake)
[0.169s] -- Using all available rosidl_typesupport_c: rosidl_typesupport_fastrtps_c;rosidl_typesupport_introspection_c
[0.182s] -- Using all available rosidl_typesupport_cpp: rosidl_typesupport_fastrtps_cpp;rosidl_typesupport_introspection_cpp
[0.194s] -- Found cv_bridge: 3.2.1 (/opt/ros/humble/share/cv_bridge/cmake)
[0.254s] -- Found image_transport: 3.1.12 (/opt/ros/humble/share/image_transport/cmake)
[0.285s] -- Found rmw_implementation_cmake: 6.1.2 (/opt/ros/humble/share/rmw_implementation_cmake/cmake)
[0.287s] -- Found rmw_fastrtps_cpp: 6.2.9 (/opt/ros/humble/share/rmw_fastrtps_cpp/cmake)
[0.427s] -- Using RMW implementation 'rmw_fastrtps_cpp' as default
[0.491s] -- Found rclcpp_action: 16.0.15 (/opt/ros/humble/share/rclcpp_action/cmake)
[0.523s] -- Found rclcpp_components: 16.0.15 (/opt/ros/humble/share/rclcpp_components/cmake)
[0.540s] -- Found realsense2_camera_msgs: 4.56.4 (/ros_ws/install/realsense2_camera_msgs/share/realsense2_camera_msgs/cmake)
[0.573s] -- Found std_srvs: 4.9.0 (/opt/ros/humble/share/std_srvs/cmake)
[0.587s] -- Found nav_msgs: 4.9.0 (/opt/ros/humble/share/nav_msgs/cmake)
[0.608s] -- Found tf2_ros: 0.25.16 (/opt/ros/humble/share/tf2_ros/cmake)
[0.661s] [31mCMake Error at CMakeLists.txt:121 (find_package):
[0.661s]   By not providing "Finddiagnostic_updater.cmake" in CMAKE_MODULE_PATH this
[0.661s]   project has asked CMake to find a package configuration file provided by
[0.661s]   "diagnostic_updater", but CMake did not find one.
[0.661s] 
[0.661s]   Could not find a package configuration file provided by
[0.662s]   "diagnostic_updater" with any of the following names:
[0.662s] 
[0.662s]     diagnostic_updaterConfig.cmake
[0.662s]     diagnostic_updater-config.cmake
[0.662s] 
[0.662s]   Add the installation prefix of "diagnostic_updater" to CMAKE_PREFIX_PATH or
[0.662s]   set "diagnostic_updater_DIR" to a directory containing one of the above
[0.662s]   files.  If "diagnostic_updater" provides a separate development package or
[0.662s]   SDK, be sure it has been installed.
[0.662s] 
[0.662s] [0m
[0.662s] -- Configuring incomplete, errors occurred!
[0.662s] See also "/ros_ws/build/realsense2_camera/CMakeFiles/CMakeOutput.log".
[0.671s] Invoked command in '/ros_ws/build/realsense2_camera' returned '1': AMENT_PREFIX_PATH=/ros_ws/install/realsense2_camera_msgs:${AMENT_PREFIX_PATH} CMAKE_PREFIX_PATH=/ros_ws/install/realsense2_camera_msgs:/ros_ws/install/realsense_gazebo_plugin:/ros_ws/install/realsense2_description:/opt/ros/humble LD_LIBRARY_PATH=/ros_ws/install/realsense2_camera_msgs/lib:${LD_LIBRARY_PATH} PYTHONPATH=/ros_ws/install/realsense2_camera_msgs/local/lib/python3.10/dist-packages:${PYTHONPATH} /usr/bin/cmake /ros_ws/src/realsense2_camera -DCMAKE_INSTALL_PREFIX=/ros_ws/install/realsense2_camera
