[0.023s] Invoking command in '/ros_ws/build/robotiq_driver': CMAKE_PREFIX_PATH=/opt/ros/humble /usr/bin/cmake /ros_ws/src/ros2_robotiq_gripper/robotiq_driver -DAMENT_CMAKE_SYMLINK_INSTALL=1 -DCMAKE_INSTALL_PREFIX=/ros_ws/install/robotiq_driver
[0.232s] -- The CXX compiler identification is GNU 11.4.0
[0.233s] -- Detecting CXX compiler ABI info
[0.233s] -- Detecting CXX compiler ABI info - done
[0.233s] -- Check for working CXX compiler: /usr/bin/c++ - skipped
[0.233s] -- Detecting CXX compile features
[0.233s] -- Detecting CXX compile features - done
[0.233s] -- Found ament_cmake: 1.3.12 (/opt/ros/humble/share/ament_cmake/cmake)
[0.288s] -- Found Python3: /usr/bin/python3 (found version "3.10.12") found components: Interpreter 
[0.384s] -- Override CMake install command with custom implementation using symlinks instead of copying resources
[0.435s] -- Found hardware_interface: 2.53.0 (/opt/ros/humble/share/hardware_interface/cmake)
[0.482s] -- Found rosidl_generator_c: 3.1.8 (/opt/ros/humble/share/rosidl_generator_c/cmake)
[0.489s] -- Found rosidl_adapter: 3.1.8 (/opt/ros/humble/share/rosidl_adapter/cmake)
[0.500s] -- Found rosidl_generator_cpp: 3.1.8 (/opt/ros/humble/share/rosidl_generator_cpp/cmake)
[0.517s] -- Using all available rosidl_typesupport_c: rosidl_typesupport_fastrtps_c;rosidl_typesupport_introspection_c
[0.542s] -- Using all available rosidl_typesupport_cpp: rosidl_typesupport_fastrtps_cpp;rosidl_typesupport_introspection_cpp
[0.882s] -- Found rmw_implementation_cmake: 6.1.2 (/opt/ros/humble/share/rmw_implementation_cmake/cmake)
[0.887s] -- Found rmw_fastrtps_cpp: 6.2.9 (/opt/ros/humble/share/rmw_fastrtps_cpp/cmake)
[0.931s] -- Found TinyXML2 via Config file: TinyXML2_DIR-NOTFOUND
[0.997s] -- Found OpenSSL: /usr/lib/x86_64-linux-gnu/libcrypto.so (found version "3.0.2")  
[1.003s] -- Found TinyXML2 via Config file: TinyXML2_DIR-NOTFOUND
[1.031s] -- Found FastRTPS: /opt/ros/humble/include  
[1.036s] -- Found TinyXML2 via Config file: TinyXML2_DIR-NOTFOUND
[1.053s] -- Found TinyXML2 via Config file: TinyXML2_DIR-NOTFOUND
[1.072s] -- Using RMW implementation 'rmw_fastrtps_cpp' as default
[1.095s] -- Looking for C++ include pthread.h
[1.209s] -- Looking for C++ include pthread.h - found
[1.209s] -- Performing Test CMAKE_HAVE_LIBC_PTHREAD
[1.325s] -- Performing Test CMAKE_HAVE_LIBC_PTHREAD - Success
[1.327s] -- Found Threads: TRUE  
[1.421s] [31mCMake Error at CMakeLists.txt:18 (find_package):
[1.421s]   By not providing "Findros2_serial_interfaces.cmake" in CMAKE_MODULE_PATH
[1.421s]   this project has asked CMake to find a package configuration file provided
[1.421s]   by "ros2_serial_interfaces", but CMake did not find one.
[1.421s] 
[1.422s]   Could not find a package configuration file provided by
[1.422s]   "ros2_serial_interfaces" with any of the following names:
[1.422s] 
[1.422s]     ros2_serial_interfacesConfig.cmake
[1.422s]     ros2_serial_interfaces-config.cmake
[1.422s] 
[1.422s]   Add the installation prefix of "ros2_serial_interfaces" to
[1.422s]   CMAKE_PREFIX_PATH or set "ros2_serial_interfaces_DIR" to a directory
[1.423s]   containing one of the above files.  If "ros2_serial_interfaces" provides a
[1.423s]   separate development package or SDK, be sure it has been installed.
[1.423s] 
[1.423s] [0m
[1.423s] -- Configuring incomplete, errors occurred!
[1.423s] See also "/ros_ws/build/robotiq_driver/CMakeFiles/CMakeOutput.log".
[1.436s] Invoked command in '/ros_ws/build/robotiq_driver' returned '1': CMAKE_PREFIX_PATH=/opt/ros/humble /usr/bin/cmake /ros_ws/src/ros2_robotiq_gripper/robotiq_driver -DAMENT_CMAKE_SYMLINK_INSTALL=1 -DCMAKE_INSTALL_PREFIX=/ros_ws/install/robotiq_driver
