[0.010s] Invoking command in '/ros_ws/src/build/realsense_gazebo_plugin': CMAKE_PREFIX_PATH=${CMAKE_PREFIX_PATH}:/ros_ws/install/yolo_realsense:/opt/ros/humble /usr/bin/cmake /ros_ws/src/realsense_gazebo_plugin -DCMAKE_INSTALL_PREFIX=/ros_ws/src/install/realsense_gazebo_plugin
[0.101s] -- The C compiler identification is GNU 11.4.0
[0.170s] -- The CXX compiler identification is GNU 11.4.0
[0.179s] -- Detecting C compiler ABI info
[0.243s] -- Detecting C compiler ABI info - done
[0.254s] -- Check for working C compiler: /usr/bin/cc - skipped
[0.255s] -- Detecting C compile features
[0.255s] -- Detecting C compile features - done
[0.260s] -- Detecting CXX compiler ABI info
[0.326s] -- Detecting CXX compiler ABI info - done
[0.333s] -- Check for working CXX compiler: /usr/bin/c++ - skipped
[0.333s] -- Detecting CXX compile features
[0.333s] -- Detecting CXX compile features - done
[0.337s] -- Found ament_cmake: 1.3.12 (/opt/ros/humble/share/ament_cmake/cmake)
[0.483s] -- Found Python3: /usr/bin/python3 (found version "3.10.12") found components: Interpreter 
[0.586s] -- Found rclcpp: 16.0.15 (/opt/ros/humble/share/rclcpp/cmake)
[0.637s] -- Found rosidl_generator_c: 3.1.7 (/opt/ros/humble/share/rosidl_generator_c/cmake)
[0.644s] -- Found rosidl_adapter: 3.1.7 (/opt/ros/humble/share/rosidl_adapter/cmake)
[0.654s] -- Found rosidl_generator_cpp: 3.1.7 (/opt/ros/humble/share/rosidl_generator_cpp/cmake)
[0.669s] -- Using all available rosidl_typesupport_c: rosidl_typesupport_fastrtps_c;rosidl_typesupport_introspection_c
[0.685s] -- Using all available rosidl_typesupport_cpp: rosidl_typesupport_fastrtps_cpp;rosidl_typesupport_introspection_cpp
[0.735s] -- Found rmw_implementation_cmake: 6.1.2 (/opt/ros/humble/share/rmw_implementation_cmake/cmake)
[0.739s] -- Found rmw_fastrtps_cpp: 6.2.9 (/opt/ros/humble/share/rmw_fastrtps_cpp/cmake)
[0.830s] -- Found OpenSSL: /usr/lib/x86_64-linux-gnu/libcrypto.so (found version "3.0.2")  
[0.852s] -- Found FastRTPS: /opt/ros/foxy/include  
[0.898s] -- Using RMW implementation 'rmw_fastrtps_cpp' as default
[0.911s] -- Looking for pthread.h
[0.973s] -- Looking for pthread.h - found
[0.973s] -- Performing Test CMAKE_HAVE_LIBC_PTHREAD
[1.034s] -- Performing Test CMAKE_HAVE_LIBC_PTHREAD - Success
[1.035s] -- Found Threads: TRUE  
[1.086s] -- Found gazebo_ros: 3.9.0 (/opt/ros/humble/share/gazebo_ros/cmake)
[1.097s] -- Found PkgConfig: /usr/bin/pkg-config (found version "0.29.2") 
[1.098s] -- Checking for module 'bullet>=2.82'
[1.108s] --   Found bullet, version 3.05
[1.184s] -- Found fcl: /usr/include (found suitable version "0.7.0", minimum required is "0.5.0") 
[1.215s] -- Found assimp: /usr/include (found version "5.2.0") 
[1.234s] -- Found DART: /usr/include (Required is at least version "6.6") found components: dart 
[1.260s] -- Found Boost: /usr/lib/x86_64-linux-gnu/cmake/Boost-1.74.0/BoostConfig.cmake (found suitable version "1.74.0", minimum required is "1.40.0") found components: thread system filesystem program_options regex iostreams date_time 
[1.277s] -- Found Protobuf: /usr/lib/x86_64-linux-gnu/libprotobuf.so (found version "3.12.4") 
[1.282s] -- Looking for ignition-math6 -- found version 6.15.1
[1.289s] -- Searching for dependencies of ignition-math6
[1.291s] -- Looking for OGRE...
[1.291s] -- OGRE_PREFIX_WATCH changed.
[1.295s] -- Checking for module 'OGRE'
[1.304s] --   Found OGRE, version 1.9.0
[1.326s] -- Found Ogre Ghadamon (1.9.0)
[1.329s] -- Found OGRE: optimized;/usr/lib/x86_64-linux-gnu/libOgreMain.so;debug;/usr/lib/x86_64-linux-gnu/libOgreMain.so
[1.337s] -- Looking for OGRE_Paging...
[1.340s] -- Found OGRE_Paging: optimized;/usr/lib/x86_64-linux-gnu/libOgrePaging.so;debug;/usr/lib/x86_64-linux-gnu/libOgrePaging.so
[1.340s] -- Looking for OGRE_Terrain...
[1.343s] -- Found OGRE_Terrain: optimized;/usr/lib/x86_64-linux-gnu/libOgreTerrain.so;debug;/usr/lib/x86_64-linux-gnu/libOgreTerrain.so
[1.343s] -- Looking for OGRE_Property...
[1.346s] -- Found OGRE_Property: optimized;/usr/lib/x86_64-linux-gnu/libOgreProperty.so;debug;/usr/lib/x86_64-linux-gnu/libOgreProperty.so
[1.346s] -- Looking for OGRE_RTShaderSystem...
[1.349s] -- Found OGRE_RTShaderSystem: optimized;/usr/lib/x86_64-linux-gnu/libOgreRTShaderSystem.so;debug;/usr/lib/x86_64-linux-gnu/libOgreRTShaderSystem.so
[1.349s] -- Looking for OGRE_Volume...
[1.352s] -- Found OGRE_Volume: optimized;/usr/lib/x86_64-linux-gnu/libOgreVolume.so;debug;/usr/lib/x86_64-linux-gnu/libOgreVolume.so
[1.352s] -- Looking for OGRE_Overlay...
[1.355s] -- Found OGRE_Overlay: optimized;/usr/lib/x86_64-linux-gnu/libOgreOverlay.so;debug;/usr/lib/x86_64-linux-gnu/libOgreOverlay.so
[1.428s] -- Looking for ignition-math6 -- found version 6.15.1
[1.431s] -- Looking for ignition-transport8 -- found version 8.2.1
[1.431s] -- Searching for dependencies of ignition-transport8
[1.449s] -- Found Protobuf: /usr/lib/x86_64-linux-gnu/libprotobuf.so (found suitable version "3.12.4", minimum required is "3") 
[1.459s] -- Config-file not installed for ZeroMQ -- checking for pkg-config
[1.463s] -- Checking for module 'libzmq >= 4'
[1.474s] --   Found libzmq , version 4.3.4
[1.496s] -- Found ZeroMQ: TRUE (Required is at least version "4") 
[1.500s] -- Checking for module 'uuid'
[1.508s] --   Found uuid, version 2.37.2
[1.528s] -- Found UUID: TRUE  
[1.530s] -- Looking for ignition-msgs5 -- found version 5.8.1
[1.531s] -- Searching for dependencies of ignition-msgs5
[1.544s] -- Looking for ignition-math6 -- found version 6.15.1
[1.547s] -- Checking for module 'tinyxml2'
[1.555s] --   Found tinyxml2, version 9.0.0
[1.576s] -- Looking for ignition-msgs5 -- found version 5.8.1
[1.578s] -- Looking for ignition-common3 -- found version 3.14.0
[1.578s] -- Searching for dependencies of ignition-common3
[1.579s] -- Looking for dlfcn.h - found
[1.579s] -- Looking for libdl - found
[1.580s] -- Found DL: TRUE  
[1.588s] -- Found tinyobjloader: /usr/lib/x86_64-linux-gnu/cmake/tinyobjloader/tinyobjloader-config.cmake (found version "2.0.0") 
[1.588s] -- Searching for <ignition-common3> component [graphics]
[1.590s] -- Looking for ignition-common3-graphics -- found version 3.14.0
[1.590s] -- Searching for dependencies of ignition-common3-graphics
[1.591s] -- Looking for ignition-math6 -- found version 6.15.1
[1.594s] -- Looking for ignition-fuel_tools4 -- found version 4.4.0
[1.594s] -- Searching for dependencies of ignition-fuel_tools4
[1.656s] -- Found CURL: /usr/lib/x86_64-linux-gnu/libcurl.so (found version "7.81.0")  
[1.662s] -- Checking for module 'jsoncpp'
[1.671s] --   Found jsoncpp, version 1.9.5
[1.691s] -- Found JSONCPP: TRUE  
[1.695s] -- Checking for module 'libzip'
[1.703s] --   Found libzip, version 1.7.3
[1.724s] -- Found ZIP: TRUE  
[1.724s] -- Looking for ignition-common3 -- found version 3.14.0
[1.725s] -- Looking for ignition-math6 -- found version 6.15.1
[1.725s] -- Looking for ignition-msgs5 -- found version 5.8.1
[1.728s] -- Gazebo version: 11.10
[1.728s] -- Checking for module 'tbb'
[1.737s] --   Found tbb, version 2021.5.0
[1.761s] -- Found image_transport: 3.1.12 (/opt/ros/humble/share/image_transport/cmake)
[1.817s] -- Found point_cloud_transport: 1.0.20 (/opt/ros/humble/share/point_cloud_transport/cmake)
[1.822s] -- Found camera_info_manager: 3.1.12 (/opt/ros/humble/share/camera_info_manager/cmake)
[1.838s] -- Found ament_lint_auto: 0.12.14 (/opt/ros/humble/share/ament_lint_auto/cmake)
[1.901s] -- Added test 'copyright' to check source files copyright and LICENSE
[1.903s] -- Added test 'cppcheck' to perform static code analysis on C / C++ code
[1.903s] -- Configured cppcheck include dirs: /ros_ws/src/realsense_gazebo_plugin/include
[1.903s] -- Configured cppcheck exclude dirs and/or files: 
[1.905s] -- Added test 'cpplint' to check C / C++ code against the Google style
[1.905s] -- Configured cpplint exclude dirs and/or files: 
[1.906s] -- Added test 'lint_cmake' to check CMake code style
[1.907s] -- Added test 'uncrustify' to check C / C++ code style
[1.907s] -- Configured uncrustify additional arguments: 
[1.908s] -- Added test 'xmllint' to check XML markup files
[1.910s] -- Configuring done
[1.939s] -- Generating done
[1.943s] -- Build files have been written to: /ros_ws/src/build/realsense_gazebo_plugin
[1.952s] Invoked command in '/ros_ws/src/build/realsense_gazebo_plugin' returned '0': CMAKE_PREFIX_PATH=${CMAKE_PREFIX_PATH}:/ros_ws/install/yolo_realsense:/opt/ros/humble /usr/bin/cmake /ros_ws/src/realsense_gazebo_plugin -DCMAKE_INSTALL_PREFIX=/ros_ws/src/install/realsense_gazebo_plugin
[1.953s] Invoking command in '/ros_ws/src/build/realsense_gazebo_plugin': CMAKE_PREFIX_PATH=${CMAKE_PREFIX_PATH}:/ros_ws/install/yolo_realsense:/opt/ros/humble /usr/bin/cmake --build /ros_ws/src/build/realsense_gazebo_plugin -- -j16 -l16
[1.986s] [ 33%] [32mBuilding CXX object CMakeFiles/realsense_gazebo_plugin.dir/src/RealSensePlugin.cpp.o[0m
[1.986s] [ 66%] [32mBuilding CXX object CMakeFiles/realsense_gazebo_plugin.dir/src/gazebo_ros_realsense.cpp.o[0m
[17.911s] [100%] [32m[1mLinking CXX shared library librealsense_gazebo_plugin.so[0m
[18.419s] [100%] Built target realsense_gazebo_plugin
[18.427s] Invoked command in '/ros_ws/src/build/realsense_gazebo_plugin' returned '0': CMAKE_PREFIX_PATH=${CMAKE_PREFIX_PATH}:/ros_ws/install/yolo_realsense:/opt/ros/humble /usr/bin/cmake --build /ros_ws/src/build/realsense_gazebo_plugin -- -j16 -l16
[18.429s] Invoking command in '/ros_ws/src/build/realsense_gazebo_plugin': CMAKE_PREFIX_PATH=${CMAKE_PREFIX_PATH}:/ros_ws/install/yolo_realsense:/opt/ros/humble /usr/bin/cmake --install /ros_ws/src/build/realsense_gazebo_plugin
[18.433s] -- Install configuration: ""
[18.433s] -- Installing: /ros_ws/src/install/realsense_gazebo_plugin/lib/librealsense_gazebo_plugin.so
[18.435s] -- Set runtime path of "/ros_ws/src/install/realsense_gazebo_plugin/lib/librealsense_gazebo_plugin.so" to ""
[18.435s] -- Installing: /ros_ws/src/install/realsense_gazebo_plugin/include/
[18.435s] -- Installing: /ros_ws/src/install/realsense_gazebo_plugin/include//realsense_gazebo_plugin
[18.435s] -- Installing: /ros_ws/src/install/realsense_gazebo_plugin/include//realsense_gazebo_plugin/RealSensePlugin.hpp
[18.435s] -- Installing: /ros_ws/src/install/realsense_gazebo_plugin/include//realsense_gazebo_plugin/gazebo_ros_realsense.hpp
[18.435s] -- Installing: /ros_ws/src/install/realsense_gazebo_plugin/share/realsense_gazebo_plugin/environment/library_path.sh
[18.435s] -- Installing: /ros_ws/src/install/realsense_gazebo_plugin/share/realsense_gazebo_plugin/environment/library_path.dsv
[18.435s] -- Installing: /ros_ws/src/install/realsense_gazebo_plugin/share/ament_index/resource_index/package_run_dependencies/realsense_gazebo_plugin
[18.435s] -- Installing: /ros_ws/src/install/realsense_gazebo_plugin/share/ament_index/resource_index/parent_prefix_path/realsense_gazebo_plugin
[18.435s] -- Installing: /ros_ws/src/install/realsense_gazebo_plugin/share/realsense_gazebo_plugin/environment/ament_prefix_path.sh
[18.435s] -- Installing: /ros_ws/src/install/realsense_gazebo_plugin/share/realsense_gazebo_plugin/environment/ament_prefix_path.dsv
[18.435s] -- Installing: /ros_ws/src/install/realsense_gazebo_plugin/share/realsense_gazebo_plugin/environment/path.sh
[18.435s] -- Installing: /ros_ws/src/install/realsense_gazebo_plugin/share/realsense_gazebo_plugin/environment/path.dsv
[18.435s] -- Installing: /ros_ws/src/install/realsense_gazebo_plugin/share/realsense_gazebo_plugin/local_setup.bash
[18.435s] -- Installing: /ros_ws/src/install/realsense_gazebo_plugin/share/realsense_gazebo_plugin/local_setup.sh
[18.435s] -- Installing: /ros_ws/src/install/realsense_gazebo_plugin/share/realsense_gazebo_plugin/local_setup.zsh
[18.435s] -- Installing: /ros_ws/src/install/realsense_gazebo_plugin/share/realsense_gazebo_plugin/local_setup.dsv
[18.436s] -- Installing: /ros_ws/src/install/realsense_gazebo_plugin/share/realsense_gazebo_plugin/package.dsv
[18.436s] -- Installing: /ros_ws/src/install/realsense_gazebo_plugin/share/ament_index/resource_index/packages/realsense_gazebo_plugin
[18.436s] -- Installing: /ros_ws/src/install/realsense_gazebo_plugin/share/realsense_gazebo_plugin/cmake/ament_cmake_export_include_directories-extras.cmake
[18.436s] -- Installing: /ros_ws/src/install/realsense_gazebo_plugin/share/realsense_gazebo_plugin/cmake/ament_cmake_export_libraries-extras.cmake
[18.436s] -- Installing: /ros_ws/src/install/realsense_gazebo_plugin/share/realsense_gazebo_plugin/cmake/realsense_gazebo_pluginConfig.cmake
[18.436s] -- Installing: /ros_ws/src/install/realsense_gazebo_plugin/share/realsense_gazebo_plugin/cmake/realsense_gazebo_pluginConfig-version.cmake
[18.436s] -- Installing: /ros_ws/src/install/realsense_gazebo_plugin/share/realsense_gazebo_plugin/package.xml
[18.437s] Invoked command in '/ros_ws/src/build/realsense_gazebo_plugin' returned '0': CMAKE_PREFIX_PATH=${CMAKE_PREFIX_PATH}:/ros_ws/install/yolo_realsense:/opt/ros/humble /usr/bin/cmake --install /ros_ws/src/build/realsense_gazebo_plugin
