[0.025s] Invoking command in '/ros_ws/build/ros2_serial_interfaces': CMAKE_PREFIX_PATH=/opt/ros/humble /usr/bin/cmake --build /ros_ws/build/ros2_serial_interfaces -- -j16 -l16
[0.290s] [35m[1mConsolidate compiler generated dependencies of target ros2_serial_interfaces__rosidl_generator_c[0m
[0.290s] [  3%] Built target ros2_serial_interfaces__cpp
[0.291s] [ 12%] Built target ros2_serial_interfaces__rosidl_generator_c
[0.291s] [35m[1mConsolidate compiler generated dependencies of target ros2_serial_interfaces__rosidl_typesupport_cpp[0m
[0.291s] [ 12%] Built target ament_cmake_python_symlink_ros2_serial_interfaces
[0.291s] [35m[1mConsolidate compiler generated dependencies of target ros2_serial_interfaces__rosidl_typesupport_c[0m
[0.291s] [35m[1mConsolidate compiler generated dependencies of target ros2_serial_interfaces__rosidl_typesupport_fastrtps_c[0m
[0.292s] [35m[1mConsolidate compiler generated dependencies of target ros2_serial_interfaces__rosidl_typesupport_fastrtps_cpp[0m
[0.292s] [35m[1mConsolidate compiler generated dependencies of target ros2_serial_interfaces__rosidl_typesupport_introspection_c[0m
[0.292s] [35m[1mConsolidate compiler generated dependencies of target ros2_serial_interfaces__rosidl_typesupport_introspection_cpp[0m
[0.292s] [ 22%] Built target ros2_serial_interfaces__rosidl_typesupport_fastrtps_c
[0.292s] [ 32%] Built target ros2_serial_interfaces__rosidl_typesupport_c
[0.292s] [ 41%] Built target ros2_serial_interfaces__rosidl_typesupport_cpp
[0.292s] [ 51%] Built target ros2_serial_interfaces__rosidl_typesupport_introspection_c
[0.293s] [ 61%] Built target ros2_serial_interfaces__rosidl_typesupport_introspection_cpp
[0.294s] [ 70%] Built target ros2_serial_interfaces__rosidl_typesupport_fastrtps_cpp
[0.294s] [ 70%] Built target ros2_serial_interfaces
[0.294s] [ 74%] Built target ros2_serial_interfaces__py
[0.294s] [35m[1mConsolidate compiler generated dependencies of target ros2_serial_interfaces__rosidl_generator_py[0m
[0.294s] [ 80%] Built target ros2_serial_interfaces__rosidl_generator_py
[0.294s] [35m[1mConsolidate compiler generated dependencies of target ros2_serial_interfaces__rosidl_typesupport_fastrtps_c__pyext[0m
[0.294s] [35m[1mConsolidate compiler generated dependencies of target ros2_serial_interfaces__rosidl_typesupport_introspection_c__pyext[0m
[0.294s] [35m[1mConsolidate compiler generated dependencies of target ros2_serial_interfaces__rosidl_typesupport_c__pyext[0m
[0.295s] [ 87%] Built target ros2_serial_interfaces__rosidl_typesupport_fastrtps_c__pyext
[0.295s] [ 93%] Built target ros2_serial_interfaces__rosidl_typesupport_introspection_c__pyext
[0.295s] [100%] Built target ros2_serial_interfaces__rosidl_typesupport_c__pyext
[0.317s] running egg_info
[0.318s] writing ros2_serial_interfaces.egg-info/PKG-INFO
[0.318s] writing dependency_links to ros2_serial_interfaces.egg-info/dependency_links.txt
[0.318s] writing top-level names to ros2_serial_interfaces.egg-info/top_level.txt
[0.322s] reading manifest file 'ros2_serial_interfaces.egg-info/SOURCES.txt'
[0.322s] writing manifest file 'ros2_serial_interfaces.egg-info/SOURCES.txt'
[0.359s] [100%] Built target ament_cmake_python_build_ros2_serial_interfaces_egg
[0.611s] Invoked command in '/ros_ws/build/ros2_serial_interfaces' returned '0': CMAKE_PREFIX_PATH=/opt/ros/humble /usr/bin/cmake --build /ros_ws/build/ros2_serial_interfaces -- -j16 -l16
[0.612s] Invoking command in '/ros_ws/build/ros2_serial_interfaces': CMAKE_PREFIX_PATH=/opt/ros/humble /usr/bin/cmake --install /ros_ws/build/ros2_serial_interfaces
[0.622s] -- Install configuration: ""
[0.625s] -- Execute custom install script
[0.625s] -- Up-to-date symlink: /ros_ws/install/ros2_serial_interfaces/share/ament_index/resource_index/rosidl_interfaces/ros2_serial_interfaces
[0.625s] -- Up-to-date symlink: /ros_ws/install/ros2_serial_interfaces/include/ros2_serial_interfaces/ros2_serial_interfaces/msg/detail/serial_string__functions.h
[0.625s] -- Up-to-date symlink: /ros_ws/install/ros2_serial_interfaces/include/ros2_serial_interfaces/ros2_serial_interfaces/msg/detail/serial_string__struct.h
[0.626s] -- Up-to-date symlink: /ros_ws/install/ros2_serial_interfaces/include/ros2_serial_interfaces/ros2_serial_interfaces/msg/detail/serial_string__type_support.h
[0.626s] -- Up-to-date symlink: /ros_ws/install/ros2_serial_interfaces/include/ros2_serial_interfaces/ros2_serial_interfaces/msg/rosidl_generator_c__visibility_control.h
[0.626s] -- Up-to-date symlink: /ros_ws/install/ros2_serial_interfaces/include/ros2_serial_interfaces/ros2_serial_interfaces/msg/serial_string.h
[0.626s] -- Up-to-date symlink: /ros_ws/install/ros2_serial_interfaces/share/ros2_serial_interfaces/environment/library_path.sh
[0.626s] -- Up-to-date symlink: /ros_ws/install/ros2_serial_interfaces/share/ros2_serial_interfaces/environment/library_path.dsv
[0.627s] -- Up-to-date symlink: /ros_ws/install/ros2_serial_interfaces/include/ros2_serial_interfaces/ros2_serial_interfaces/msg/detail/serial_string__rosidl_typesupport_fastrtps_c.h
[0.627s] -- Up-to-date symlink: /ros_ws/install/ros2_serial_interfaces/include/ros2_serial_interfaces/ros2_serial_interfaces/msg/rosidl_typesupport_fastrtps_c__visibility_control.h
[0.628s] -- Up-to-date symlink: /ros_ws/install/ros2_serial_interfaces/include/ros2_serial_interfaces/ros2_serial_interfaces/msg/detail/serial_string__builder.hpp
[0.628s] -- Up-to-date symlink: /ros_ws/install/ros2_serial_interfaces/include/ros2_serial_interfaces/ros2_serial_interfaces/msg/detail/serial_string__struct.hpp
[0.628s] -- Up-to-date symlink: /ros_ws/install/ros2_serial_interfaces/include/ros2_serial_interfaces/ros2_serial_interfaces/msg/detail/serial_string__traits.hpp
[0.628s] -- Up-to-date symlink: /ros_ws/install/ros2_serial_interfaces/include/ros2_serial_interfaces/ros2_serial_interfaces/msg/detail/serial_string__type_support.hpp
[0.628s] -- Up-to-date symlink: /ros_ws/install/ros2_serial_interfaces/include/ros2_serial_interfaces/ros2_serial_interfaces/msg/rosidl_generator_cpp__visibility_control.hpp
[0.628s] -- Up-to-date symlink: /ros_ws/install/ros2_serial_interfaces/include/ros2_serial_interfaces/ros2_serial_interfaces/msg/serial_string.hpp
[0.628s] -- Up-to-date symlink: /ros_ws/install/ros2_serial_interfaces/include/ros2_serial_interfaces/ros2_serial_interfaces/msg/detail/serial_string__rosidl_typesupport_fastrtps_cpp.hpp
[0.628s] -- Up-to-date symlink: /ros_ws/install/ros2_serial_interfaces/include/ros2_serial_interfaces/ros2_serial_interfaces/msg/rosidl_typesupport_fastrtps_cpp__visibility_control.h
[0.628s] -- Up-to-date symlink: /ros_ws/install/ros2_serial_interfaces/include/ros2_serial_interfaces/ros2_serial_interfaces/msg/detail/serial_string__rosidl_typesupport_introspection_c.h
[0.629s] -- Up-to-date symlink: /ros_ws/install/ros2_serial_interfaces/include/ros2_serial_interfaces/ros2_serial_interfaces/msg/rosidl_typesupport_introspection_c__visibility_control.h
[0.629s] -- Up-to-date symlink: /ros_ws/install/ros2_serial_interfaces/include/ros2_serial_interfaces/ros2_serial_interfaces/msg/detail/serial_string__rosidl_typesupport_introspection_cpp.hpp
[0.629s] -- Up-to-date symlink: /ros_ws/install/ros2_serial_interfaces/share/ros2_serial_interfaces/environment/pythonpath.sh
[0.629s] -- Up-to-date symlink: /ros_ws/install/ros2_serial_interfaces/share/ros2_serial_interfaces/environment/pythonpath.dsv
[0.629s] -- Up-to-date symlink: /ros_ws/install/ros2_serial_interfaces/local/lib/python3.10/dist-packages/ros2_serial_interfaces-0.0.0-py3.10.egg-info/PKG-INFO
[0.629s] -- Up-to-date symlink: /ros_ws/install/ros2_serial_interfaces/local/lib/python3.10/dist-packages/ros2_serial_interfaces-0.0.0-py3.10.egg-info/SOURCES.txt
[0.629s] -- Up-to-date symlink: /ros_ws/install/ros2_serial_interfaces/local/lib/python3.10/dist-packages/ros2_serial_interfaces-0.0.0-py3.10.egg-info/dependency_links.txt
[0.629s] -- Up-to-date symlink: /ros_ws/install/ros2_serial_interfaces/local/lib/python3.10/dist-packages/ros2_serial_interfaces-0.0.0-py3.10.egg-info/top_level.txt
[0.629s] -- Up-to-date symlink: /ros_ws/install/ros2_serial_interfaces/local/lib/python3.10/dist-packages/ros2_serial_interfaces/__init__.py
[0.630s] -- Up-to-date symlink: /ros_ws/install/ros2_serial_interfaces/local/lib/python3.10/dist-packages/ros2_serial_interfaces/_ros2_serial_interfaces_s.ep.rosidl_typesupport_c.c
[0.630s] -- Up-to-date symlink: /ros_ws/install/ros2_serial_interfaces/local/lib/python3.10/dist-packages/ros2_serial_interfaces/_ros2_serial_interfaces_s.ep.rosidl_typesupport_fastrtps_c.c
[0.630s] -- Up-to-date symlink: /ros_ws/install/ros2_serial_interfaces/local/lib/python3.10/dist-packages/ros2_serial_interfaces/_ros2_serial_interfaces_s.ep.rosidl_typesupport_introspection_c.c
[0.630s] -- Up-to-date symlink: /ros_ws/install/ros2_serial_interfaces/local/lib/python3.10/dist-packages/ros2_serial_interfaces/libros2_serial_interfaces__rosidl_generator_py.so
[0.630s] -- Up-to-date symlink: /ros_ws/install/ros2_serial_interfaces/local/lib/python3.10/dist-packages/ros2_serial_interfaces/msg/__init__.py
[0.630s] -- Up-to-date symlink: /ros_ws/install/ros2_serial_interfaces/local/lib/python3.10/dist-packages/ros2_serial_interfaces/msg/_serial_string.py
[0.631s] -- Up-to-date symlink: /ros_ws/install/ros2_serial_interfaces/local/lib/python3.10/dist-packages/ros2_serial_interfaces/msg/_serial_string_s.c
[0.631s] -- Up-to-date symlink: /ros_ws/install/ros2_serial_interfaces/local/lib/python3.10/dist-packages/ros2_serial_interfaces/ros2_serial_interfaces_s__rosidl_typesupport_c.cpython-310-x86_64-linux-gnu.so
[0.631s] -- Up-to-date symlink: /ros_ws/install/ros2_serial_interfaces/local/lib/python3.10/dist-packages/ros2_serial_interfaces/ros2_serial_interfaces_s__rosidl_typesupport_fastrtps_c.cpython-310-x86_64-linux-gnu.so
[0.631s] -- Up-to-date symlink: /ros_ws/install/ros2_serial_interfaces/local/lib/python3.10/dist-packages/ros2_serial_interfaces/ros2_serial_interfaces_s__rosidl_typesupport_introspection_c.cpython-310-x86_64-linux-gnu.so
[0.631s] -- Up-to-date symlink: /ros_ws/install/ros2_serial_interfaces/local/lib/python3.10/dist-packages/ros2_serial_interfaces/ros2_serial_interfaces_s__rosidl_typesupport_fastrtps_c.cpython-310-x86_64-linux-gnu.so
[0.631s] -- Up-to-date symlink: /ros_ws/install/ros2_serial_interfaces/local/lib/python3.10/dist-packages/ros2_serial_interfaces/ros2_serial_interfaces_s__rosidl_typesupport_introspection_c.cpython-310-x86_64-linux-gnu.so
[0.632s] -- Up-to-date symlink: /ros_ws/install/ros2_serial_interfaces/local/lib/python3.10/dist-packages/ros2_serial_interfaces/ros2_serial_interfaces_s__rosidl_typesupport_c.cpython-310-x86_64-linux-gnu.so
[0.632s] -- Up-to-date symlink: /ros_ws/install/ros2_serial_interfaces/share/ros2_serial_interfaces/msg/SerialString.idl
[0.632s] -- Up-to-date symlink: /ros_ws/install/ros2_serial_interfaces/share/ros2_serial_interfaces/msg/SerialString.msg
[0.632s] -- Up-to-date symlink: /ros_ws/install/ros2_serial_interfaces/share/ament_index/resource_index/package_run_dependencies/ros2_serial_interfaces
[0.632s] -- Up-to-date symlink: /ros_ws/install/ros2_serial_interfaces/share/ament_index/resource_index/parent_prefix_path/ros2_serial_interfaces
[0.632s] -- Up-to-date symlink: /ros_ws/install/ros2_serial_interfaces/share/ros2_serial_interfaces/environment/ament_prefix_path.sh
[0.633s] -- Up-to-date symlink: /ros_ws/install/ros2_serial_interfaces/share/ros2_serial_interfaces/environment/ament_prefix_path.dsv
[0.633s] -- Up-to-date symlink: /ros_ws/install/ros2_serial_interfaces/share/ros2_serial_interfaces/environment/path.sh
[0.633s] -- Up-to-date symlink: /ros_ws/install/ros2_serial_interfaces/share/ros2_serial_interfaces/environment/path.dsv
[0.633s] -- Up-to-date symlink: /ros_ws/install/ros2_serial_interfaces/share/ros2_serial_interfaces/local_setup.bash
[0.633s] -- Up-to-date symlink: /ros_ws/install/ros2_serial_interfaces/share/ros2_serial_interfaces/local_setup.sh
[0.633s] -- Up-to-date symlink: /ros_ws/install/ros2_serial_interfaces/share/ros2_serial_interfaces/local_setup.zsh
[0.633s] -- Up-to-date symlink: /ros_ws/install/ros2_serial_interfaces/share/ros2_serial_interfaces/local_setup.dsv
[0.633s] -- Symlinking: /ros_ws/install/ros2_serial_interfaces/share/ros2_serial_interfaces/package.dsv
[0.637s] -- Up-to-date symlink: /ros_ws/install/ros2_serial_interfaces/share/ament_index/resource_index/packages/ros2_serial_interfaces
[0.637s] -- Up-to-date symlink: /ros_ws/install/ros2_serial_interfaces/share/ros2_serial_interfaces/cmake/rosidl_cmake-extras.cmake
[0.638s] -- Up-to-date symlink: /ros_ws/install/ros2_serial_interfaces/share/ros2_serial_interfaces/cmake/ament_cmake_export_dependencies-extras.cmake
[0.638s] -- Up-to-date symlink: /ros_ws/install/ros2_serial_interfaces/share/ros2_serial_interfaces/cmake/ament_cmake_export_include_directories-extras.cmake
[0.638s] -- Up-to-date symlink: /ros_ws/install/ros2_serial_interfaces/share/ros2_serial_interfaces/cmake/ament_cmake_export_libraries-extras.cmake
[0.638s] -- Up-to-date symlink: /ros_ws/install/ros2_serial_interfaces/share/ros2_serial_interfaces/cmake/ament_cmake_export_targets-extras.cmake
[0.638s] -- Up-to-date symlink: /ros_ws/install/ros2_serial_interfaces/share/ros2_serial_interfaces/cmake/rosidl_cmake_export_typesupport_targets-extras.cmake
[0.639s] -- Up-to-date symlink: /ros_ws/install/ros2_serial_interfaces/share/ros2_serial_interfaces/cmake/rosidl_cmake_export_typesupport_libraries-extras.cmake
[0.639s] -- Up-to-date symlink: /ros_ws/install/ros2_serial_interfaces/share/ros2_serial_interfaces/cmake/ros2_serial_interfacesConfig.cmake
[0.640s] -- Up-to-date symlink: /ros_ws/install/ros2_serial_interfaces/share/ros2_serial_interfaces/cmake/ros2_serial_interfacesConfig-version.cmake
[0.640s] -- Up-to-date symlink: /ros_ws/install/ros2_serial_interfaces/share/ros2_serial_interfaces/package.xml
[0.640s] -- Up-to-date: /ros_ws/install/ros2_serial_interfaces/lib/libros2_serial_interfaces__rosidl_generator_c.so
[0.640s] -- Up-to-date: /ros_ws/install/ros2_serial_interfaces/lib/libros2_serial_interfaces__rosidl_typesupport_fastrtps_c.so
[0.640s] -- Up-to-date: /ros_ws/install/ros2_serial_interfaces/lib/libros2_serial_interfaces__rosidl_typesupport_fastrtps_cpp.so
[0.640s] -- Up-to-date: /ros_ws/install/ros2_serial_interfaces/lib/libros2_serial_interfaces__rosidl_typesupport_introspection_c.so
[0.640s] -- Up-to-date: /ros_ws/install/ros2_serial_interfaces/lib/libros2_serial_interfaces__rosidl_typesupport_c.so
[0.640s] -- Up-to-date: /ros_ws/install/ros2_serial_interfaces/lib/libros2_serial_interfaces__rosidl_typesupport_introspection_cpp.so
[0.640s] -- Up-to-date: /ros_ws/install/ros2_serial_interfaces/lib/libros2_serial_interfaces__rosidl_typesupport_cpp.so
[0.675s] Listing '/ros_ws/install/ros2_serial_interfaces/local/lib/python3.10/dist-packages/ros2_serial_interfaces'...
[0.675s] Listing '/ros_ws/install/ros2_serial_interfaces/local/lib/python3.10/dist-packages/ros2_serial_interfaces/msg'...
[0.681s] -- Up-to-date: /ros_ws/install/ros2_serial_interfaces/lib/libros2_serial_interfaces__rosidl_generator_py.so
[0.681s] -- Up-to-date: /ros_ws/install/ros2_serial_interfaces/share/ros2_serial_interfaces/cmake/export_ros2_serial_interfaces__rosidl_generator_cExport.cmake
[0.681s] -- Up-to-date: /ros_ws/install/ros2_serial_interfaces/share/ros2_serial_interfaces/cmake/export_ros2_serial_interfaces__rosidl_generator_cExport-noconfig.cmake
[0.682s] -- Up-to-date: /ros_ws/install/ros2_serial_interfaces/share/ros2_serial_interfaces/cmake/export_ros2_serial_interfaces__rosidl_typesupport_fastrtps_cExport.cmake
[0.682s] -- Up-to-date: /ros_ws/install/ros2_serial_interfaces/share/ros2_serial_interfaces/cmake/export_ros2_serial_interfaces__rosidl_typesupport_fastrtps_cExport-noconfig.cmake
[0.682s] -- Up-to-date: /ros_ws/install/ros2_serial_interfaces/share/ros2_serial_interfaces/cmake/export_ros2_serial_interfaces__rosidl_generator_cppExport.cmake
[0.682s] -- Up-to-date: /ros_ws/install/ros2_serial_interfaces/share/ros2_serial_interfaces/cmake/export_ros2_serial_interfaces__rosidl_typesupport_fastrtps_cppExport.cmake
[0.682s] -- Up-to-date: /ros_ws/install/ros2_serial_interfaces/share/ros2_serial_interfaces/cmake/export_ros2_serial_interfaces__rosidl_typesupport_fastrtps_cppExport-noconfig.cmake
[0.682s] -- Up-to-date: /ros_ws/install/ros2_serial_interfaces/share/ros2_serial_interfaces/cmake/ros2_serial_interfaces__rosidl_typesupport_introspection_cExport.cmake
[0.682s] -- Up-to-date: /ros_ws/install/ros2_serial_interfaces/share/ros2_serial_interfaces/cmake/ros2_serial_interfaces__rosidl_typesupport_introspection_cExport-noconfig.cmake
[0.683s] -- Up-to-date: /ros_ws/install/ros2_serial_interfaces/share/ros2_serial_interfaces/cmake/ros2_serial_interfaces__rosidl_typesupport_cExport.cmake
[0.683s] -- Up-to-date: /ros_ws/install/ros2_serial_interfaces/share/ros2_serial_interfaces/cmake/ros2_serial_interfaces__rosidl_typesupport_cExport-noconfig.cmake
[0.683s] -- Up-to-date: /ros_ws/install/ros2_serial_interfaces/share/ros2_serial_interfaces/cmake/ros2_serial_interfaces__rosidl_typesupport_introspection_cppExport.cmake
[0.683s] -- Up-to-date: /ros_ws/install/ros2_serial_interfaces/share/ros2_serial_interfaces/cmake/ros2_serial_interfaces__rosidl_typesupport_introspection_cppExport-noconfig.cmake
[0.683s] -- Up-to-date: /ros_ws/install/ros2_serial_interfaces/share/ros2_serial_interfaces/cmake/ros2_serial_interfaces__rosidl_typesupport_cppExport.cmake
[0.683s] -- Up-to-date: /ros_ws/install/ros2_serial_interfaces/share/ros2_serial_interfaces/cmake/ros2_serial_interfaces__rosidl_typesupport_cppExport-noconfig.cmake
[0.683s] -- Up-to-date: /ros_ws/install/ros2_serial_interfaces/share/ros2_serial_interfaces/cmake/export_ros2_serial_interfaces__rosidl_generator_pyExport.cmake
[0.683s] -- Up-to-date: /ros_ws/install/ros2_serial_interfaces/share/ros2_serial_interfaces/cmake/export_ros2_serial_interfaces__rosidl_generator_pyExport-noconfig.cmake
