[0.006s] Invoking command in '/ros_ws/build/realsense_gazebo_plugin': CMAKE_PREFIX_PATH=/opt/ros/humble /usr/bin/cmake /ros_ws/src/realsense_gazebo_plugin -DCMAKE_INSTALL_PREFIX=/ros_ws/install/realsense_gazebo_plugin
[0.014s] -- Found ament_cmake: 1.3.12 (/opt/ros/humble/share/ament_cmake/cmake)
[0.094s] -- Found rclcpp: 16.0.15 (/opt/ros/humble/share/rclcpp/cmake)
[0.112s] -- Found rosidl_generator_c: 3.1.7 (/opt/ros/humble/share/rosidl_generator_c/cmake)
[0.114s] -- Found rosidl_adapter: 3.1.7 (/opt/ros/humble/share/rosidl_adapter/cmake)
[0.118s] -- Found rosidl_generator_cpp: 3.1.7 (/opt/ros/humble/share/rosidl_generator_cpp/cmake)
[0.124s] -- Using all available rosidl_typesupport_c: rosidl_typesupport_fastrtps_c;rosidl_typesupport_introspection_c
[0.132s] -- Using all available rosidl_typesupport_cpp: rosidl_typesupport_fastrtps_cpp;rosidl_typesupport_introspection_cpp
[0.152s] -- Found rmw_implementation_cmake: 6.1.2 (/opt/ros/humble/share/rmw_implementation_cmake/cmake)
[0.153s] -- Found rmw_fastrtps_cpp: 6.2.9 (/opt/ros/humble/share/rmw_fastrtps_cpp/cmake)
[0.220s] -- Using RMW implementation 'rmw_fastrtps_cpp' as default
[0.253s] -- Found gazebo_ros: 3.9.0 (/opt/ros/humble/share/gazebo_ros/cmake)
[0.273s] -- Found DART: /usr/include (Required is at least version "6.6") found components: dart 
[0.289s] -- Found Protobuf: /usr/lib/x86_64-linux-gnu/libprotobuf.so (found version "3.12.4") 
[0.290s] -- Looking for ignition-math6 -- found version 6.15.1
[0.293s] -- Searching for dependencies of ignition-math6
[0.294s] -- Looking for OGRE...
[0.297s] -- Found Ogre Ghadamon (1.9.0)
[0.297s] -- Found OGRE: optimized;/usr/lib/x86_64-linux-gnu/libOgreMain.so;debug;/usr/lib/x86_64-linux-gnu/libOgreMain.so
[0.304s] -- Looking for OGRE_Paging...
[0.304s] -- Found OGRE_Paging: optimized;/usr/lib/x86_64-linux-gnu/libOgrePaging.so;debug;/usr/lib/x86_64-linux-gnu/libOgrePaging.so
[0.304s] -- Looking for OGRE_Terrain...
[0.304s] -- Found OGRE_Terrain: optimized;/usr/lib/x86_64-linux-gnu/libOgreTerrain.so;debug;/usr/lib/x86_64-linux-gnu/libOgreTerrain.so
[0.304s] -- Looking for OGRE_Property...
[0.304s] -- Found OGRE_Property: optimized;/usr/lib/x86_64-linux-gnu/libOgreProperty.so;debug;/usr/lib/x86_64-linux-gnu/libOgreProperty.so
[0.304s] -- Looking for OGRE_RTShaderSystem...
[0.304s] -- Found OGRE_RTShaderSystem: optimized;/usr/lib/x86_64-linux-gnu/libOgreRTShaderSystem.so;debug;/usr/lib/x86_64-linux-gnu/libOgreRTShaderSystem.so
[0.304s] -- Looking for OGRE_Volume...
[0.304s] -- Found OGRE_Volume: optimized;/usr/lib/x86_64-linux-gnu/libOgreVolume.so;debug;/usr/lib/x86_64-linux-gnu/libOgreVolume.so
[0.304s] -- Looking for OGRE_Overlay...
[0.304s] -- Found OGRE_Overlay: optimized;/usr/lib/x86_64-linux-gnu/libOgreOverlay.so;debug;/usr/lib/x86_64-linux-gnu/libOgreOverlay.so
[0.350s] -- Looking for ignition-math6 -- found version 6.15.1
[0.350s] -- Looking for ignition-transport8 -- found version 8.2.1
[0.350s] -- Searching for dependencies of ignition-transport8
[0.364s] -- Found Protobuf: /usr/lib/x86_64-linux-gnu/libprotobuf.so (found suitable version "3.12.4", minimum required is "3") 
[0.373s] -- Config-file not installed for ZeroMQ -- checking for pkg-config
[0.376s] -- Checking for module 'libzmq >= 4'
[0.384s] --   Found libzmq , version 4.3.4
[0.409s] -- Checking for module 'uuid'
[0.416s] --   Found uuid, version 2.37.2
[0.434s] -- Looking for ignition-msgs5 -- found version 5.8.1
[0.435s] -- Searching for dependencies of ignition-msgs5
[0.448s] -- Looking for ignition-math6 -- found version 6.15.1
[0.451s] -- Checking for module 'tinyxml2'
[0.458s] --   Found tinyxml2, version 9.0.0
[0.478s] -- Looking for ignition-msgs5 -- found version 5.8.1
[0.478s] -- Looking for ignition-common3 -- found version 3.14.0
[0.479s] -- Searching for dependencies of ignition-common3
[0.479s] -- Looking for dlfcn.h - found
[0.479s] -- Looking for libdl - found
[0.486s] -- Searching for <ignition-common3> component [graphics]
[0.486s] -- Looking for ignition-common3-graphics -- found version 3.14.0
[0.487s] -- Searching for dependencies of ignition-common3-graphics
[0.487s] -- Looking for ignition-math6 -- found version 6.15.1
[0.487s] -- Looking for ignition-fuel_tools4 -- found version 4.4.0
[0.488s] -- Searching for dependencies of ignition-fuel_tools4
[0.514s] -- Checking for module 'jsoncpp'
[0.522s] --   Found jsoncpp, version 1.9.5
[0.543s] -- Checking for module 'libzip'
[0.549s] --   Found libzip, version 1.7.3
[0.567s] -- Looking for ignition-common3 -- found version 3.14.0
[0.567s] -- Looking for ignition-math6 -- found version 6.15.1
[0.567s] -- Looking for ignition-msgs5 -- found version 5.8.1
[0.568s] -- Gazebo version: 11.10
[0.569s] -- Found image_transport: 3.1.12 (/opt/ros/humble/share/image_transport/cmake)
[0.622s] [31mCMake Error at CMakeLists.txt:21 (find_package):
[0.622s]   By not providing "Findpoint_cloud_transport.cmake" in CMAKE_MODULE_PATH
[0.622s]   this project has asked CMake to find a package configuration file provided
[0.622s]   by "point_cloud_transport", but CMake did not find one.
[0.622s] 
[0.622s]   Could not find a package configuration file provided by
[0.622s]   "point_cloud_transport" with any of the following names:
[0.622s] 
[0.622s]     point_cloud_transportConfig.cmake
[0.622s]     point_cloud_transport-config.cmake
[0.622s] 
[0.622s]   Add the installation prefix of "point_cloud_transport" to CMAKE_PREFIX_PATH
[0.622s]   or set "point_cloud_transport_DIR" to a directory containing one of the
[0.622s]   above files.  If "point_cloud_transport" provides a separate development
[0.622s]   package or SDK, be sure it has been installed.
[0.622s] 
[0.622s] [0m
[0.622s] -- Configuring incomplete, errors occurred!
[0.622s] See also "/ros_ws/build/realsense_gazebo_plugin/CMakeFiles/CMakeOutput.log".
[0.629s] Invoked command in '/ros_ws/build/realsense_gazebo_plugin' returned '1': CMAKE_PREFIX_PATH=/opt/ros/humble /usr/bin/cmake /ros_ws/src/realsense_gazebo_plugin -DCMAKE_INSTALL_PREFIX=/ros_ws/install/realsense_gazebo_plugin
