[0.006s] Invoking command in '/ros_ws/build/realsense_gazebo_plugin': CMAKE_PREFIX_PATH=/opt/ros/humble /usr/bin/cmake /ros_ws/src/realsense_gazebo_plugin -DCMAKE_INSTALL_PREFIX=/ros_ws/install/realsense_gazebo_plugin
[0.077s] -- The C compiler identification is GNU 11.4.0
[0.127s] -- The CXX compiler identification is GNU 11.4.0
[0.133s] -- Detecting C compiler ABI info
[0.176s] -- Detecting C compiler ABI info - done
[0.180s] -- Check for working C compiler: /usr/bin/cc - skipped
[0.181s] -- Detecting C compile features
[0.181s] -- Detecting C compile features - done
[0.183s] -- Detecting CXX compiler ABI info
[0.237s] -- Detecting CXX compiler ABI info - done
[0.242s] -- Check for working CXX compiler: /usr/bin/c++ - skipped
[0.242s] -- Detecting CXX compile features
[0.243s] -- Detecting CXX compile features - done
[0.244s] -- Found ament_cmake: 1.3.12 (/opt/ros/humble/share/ament_cmake/cmake)
[0.338s] -- Found Python3: /usr/bin/python3 (found version "3.10.12") found components: Interpreter 
[0.408s] -- Found rclcpp: 16.0.15 (/opt/ros/humble/share/rclcpp/cmake)
[0.444s] -- Found rosidl_generator_c: 3.1.7 (/opt/ros/humble/share/rosidl_generator_c/cmake)
[0.449s] -- Found rosidl_adapter: 3.1.7 (/opt/ros/humble/share/rosidl_adapter/cmake)
[0.458s] -- Found rosidl_generator_cpp: 3.1.7 (/opt/ros/humble/share/rosidl_generator_cpp/cmake)
[0.470s] -- Using all available rosidl_typesupport_c: rosidl_typesupport_fastrtps_c;rosidl_typesupport_introspection_c
[0.485s] -- Using all available rosidl_typesupport_cpp: rosidl_typesupport_fastrtps_cpp;rosidl_typesupport_introspection_cpp
[0.529s] -- Found rmw_implementation_cmake: 6.1.2 (/opt/ros/humble/share/rmw_implementation_cmake/cmake)
[0.531s] -- Found rmw_fastrtps_cpp: 6.2.9 (/opt/ros/humble/share/rmw_fastrtps_cpp/cmake)
[0.601s] -- Found OpenSSL: /usr/lib/x86_64-linux-gnu/libcrypto.so (found version "3.0.2")  
[0.621s] -- Found FastRTPS: /opt/ros/foxy/include  
[0.659s] -- Using RMW implementation 'rmw_fastrtps_cpp' as default
[0.669s] -- Looking for pthread.h
[0.729s] -- Looking for pthread.h - found
[0.729s] -- Performing Test CMAKE_HAVE_LIBC_PTHREAD
[0.805s] -- Performing Test CMAKE_HAVE_LIBC_PTHREAD - Success
[0.806s] -- Found Threads: TRUE  
[0.857s] -- Found gazebo_ros: 3.9.0 (/opt/ros/humble/share/gazebo_ros/cmake)
[0.866s] -- Found PkgConfig: /usr/bin/pkg-config (found version "0.29.2") 
[0.866s] -- Checking for module 'bullet>=2.82'
[0.875s] --   Found bullet, version 3.05
[0.945s] -- Found fcl: /usr/include (found suitable version "0.7.0", minimum required is "0.5.0") 
[0.972s] -- Found assimp: /usr/include (found version "5.2.0") 
[0.989s] -- Found DART: /usr/include (Required is at least version "6.6") found components: dart 
[1.015s] -- Found Boost: /usr/lib/x86_64-linux-gnu/cmake/Boost-1.74.0/BoostConfig.cmake (found suitable version "1.74.0", minimum required is "1.40.0") found components: thread system filesystem program_options regex iostreams date_time 
[1.031s] -- Found Protobuf: /usr/lib/x86_64-linux-gnu/libprotobuf.so (found version "3.12.4") 
[1.036s] -- Looking for ignition-math6 -- found version 6.15.1
[1.043s] -- Searching for dependencies of ignition-math6
[1.045s] -- Looking for OGRE...
[1.045s] -- OGRE_PREFIX_WATCH changed.
[1.049s] -- Checking for module 'OGRE'
[1.057s] --   Found OGRE, version 1.9.0
[1.076s] -- Found Ogre Ghadamon (1.9.0)
[1.079s] -- Found OGRE: optimized;/usr/lib/x86_64-linux-gnu/libOgreMain.so;debug;/usr/lib/x86_64-linux-gnu/libOgreMain.so
[1.086s] -- Looking for OGRE_Paging...
[1.089s] -- Found OGRE_Paging: optimized;/usr/lib/x86_64-linux-gnu/libOgrePaging.so;debug;/usr/lib/x86_64-linux-gnu/libOgrePaging.so
[1.089s] -- Looking for OGRE_Terrain...
[1.091s] -- Found OGRE_Terrain: optimized;/usr/lib/x86_64-linux-gnu/libOgreTerrain.so;debug;/usr/lib/x86_64-linux-gnu/libOgreTerrain.so
[1.091s] -- Looking for OGRE_Property...
[1.094s] -- Found OGRE_Property: optimized;/usr/lib/x86_64-linux-gnu/libOgreProperty.so;debug;/usr/lib/x86_64-linux-gnu/libOgreProperty.so
[1.094s] -- Looking for OGRE_RTShaderSystem...
[1.096s] -- Found OGRE_RTShaderSystem: optimized;/usr/lib/x86_64-linux-gnu/libOgreRTShaderSystem.so;debug;/usr/lib/x86_64-linux-gnu/libOgreRTShaderSystem.so
[1.096s] -- Looking for OGRE_Volume...
[1.099s] -- Found OGRE_Volume: optimized;/usr/lib/x86_64-linux-gnu/libOgreVolume.so;debug;/usr/lib/x86_64-linux-gnu/libOgreVolume.so
[1.099s] -- Looking for OGRE_Overlay...
[1.102s] -- Found OGRE_Overlay: optimized;/usr/lib/x86_64-linux-gnu/libOgreOverlay.so;debug;/usr/lib/x86_64-linux-gnu/libOgreOverlay.so
[1.168s] -- Looking for ignition-math6 -- found version 6.15.1
[1.171s] -- Looking for ignition-transport8 -- found version 8.2.1
[1.172s] -- Searching for dependencies of ignition-transport8
[1.188s] -- Found Protobuf: /usr/lib/x86_64-linux-gnu/libprotobuf.so (found suitable version "3.12.4", minimum required is "3") 
[1.199s] -- Config-file not installed for ZeroMQ -- checking for pkg-config
[1.203s] -- Checking for module 'libzmq >= 4'
[1.214s] --   Found libzmq , version 4.3.4
[1.236s] -- Found ZeroMQ: TRUE (Required is at least version "4") 
[1.239s] -- Checking for module 'uuid'
[1.246s] --   Found uuid, version 2.37.2
[1.264s] -- Found UUID: TRUE  
[1.266s] -- Looking for ignition-msgs5 -- found version 5.8.1
[1.267s] -- Searching for dependencies of ignition-msgs5
[1.282s] -- Looking for ignition-math6 -- found version 6.15.1
[1.286s] -- Checking for module 'tinyxml2'
[1.296s] --   Found tinyxml2, version 9.0.0
[1.318s] -- Looking for ignition-msgs5 -- found version 5.8.1
[1.320s] -- Looking for ignition-common3 -- found version 3.14.0
[1.320s] -- Searching for dependencies of ignition-common3
[1.320s] -- Looking for dlfcn.h - found
[1.321s] -- Looking for libdl - found
[1.322s] -- Found DL: TRUE  
[1.330s] -- Found tinyobjloader: /usr/lib/x86_64-linux-gnu/cmake/tinyobjloader/tinyobjloader-config.cmake (found version "2.0.0") 
[1.330s] -- Searching for <ignition-common3> component [graphics]
[1.332s] -- Looking for ignition-common3-graphics -- found version 3.14.0
[1.333s] -- Searching for dependencies of ignition-common3-graphics
[1.333s] -- Looking for ignition-math6 -- found version 6.15.1
[1.336s] -- Looking for ignition-fuel_tools4 -- found version 4.4.0
[1.336s] -- Searching for dependencies of ignition-fuel_tools4
[1.392s] -- Found CURL: /usr/lib/x86_64-linux-gnu/libcurl.so (found version "7.81.0")  
[1.398s] -- Checking for module 'jsoncpp'
[1.406s] --   Found jsoncpp, version 1.9.5
[1.426s] -- Found JSONCPP: TRUE  
[1.429s] -- Checking for module 'libzip'
[1.437s] --   Found libzip, version 1.7.3
[1.456s] -- Found ZIP: TRUE  
[1.456s] -- Looking for ignition-common3 -- found version 3.14.0
[1.456s] -- Looking for ignition-math6 -- found version 6.15.1
[1.457s] -- Looking for ignition-msgs5 -- found version 5.8.1
[1.460s] -- Gazebo version: 11.10
[1.460s] -- Checking for module 'tbb'
[1.468s] --   Found tbb, version 2021.5.0
[1.488s] -- Found image_transport: 3.1.12 (/opt/ros/humble/share/image_transport/cmake)
[1.570s] [31mCMake Error at CMakeLists.txt:21 (find_package):
[1.570s]   By not providing "Findpoint_cloud_transport.cmake" in CMAKE_MODULE_PATH
[1.570s]   this project has asked CMake to find a package configuration file provided
[1.570s]   by "point_cloud_transport", but CMake did not find one.
[1.570s] 
[1.570s]   Could not find a package configuration file provided by
[1.571s]   "point_cloud_transport" with any of the following names:
[1.571s] 
[1.571s]     point_cloud_transportConfig.cmake
[1.571s]     point_cloud_transport-config.cmake
[1.571s] 
[1.571s]   Add the installation prefix of "point_cloud_transport" to CMAKE_PREFIX_PATH
[1.571s]   or set "point_cloud_transport_DIR" to a directory containing one of the
[1.571s]   above files.  If "point_cloud_transport" provides a separate development
[1.571s]   package or SDK, be sure it has been installed.
[1.571s] 
[1.571s] [0m
[1.571s] -- Configuring incomplete, errors occurred!
[1.571s] See also "/ros_ws/build/realsense_gazebo_plugin/CMakeFiles/CMakeOutput.log".
[1.580s] Invoked command in '/ros_ws/build/realsense_gazebo_plugin' returned '1': CMAKE_PREFIX_PATH=/opt/ros/humble /usr/bin/cmake /ros_ws/src/realsense_gazebo_plugin -DCMAKE_INSTALL_PREFIX=/ros_ws/install/realsense_gazebo_plugin
