[0.215s] Invoking command in '/ros_ws/build/ur3e_robotiq_gz_sim': CMAKE_PREFIX_PATH=/opt/ros/humble /usr/bin/cmake /ros_ws/src/ur3e_robotiq_gz_sim -DAMENT_CMAKE_SYMLINK_INSTALL=1 -DCMAKE_INSTALL_PREFIX=/ros_ws/install/ur3e_robotiq_gz_sim
[0.262s] -- The C compiler identification is GNU 11.4.0
[0.334s] -- The CXX compiler identification is GNU 11.4.0
[0.348s] -- Detecting C compiler ABI info
[0.423s] -- Detecting C compiler ABI info - done
[0.438s] -- Check for working C compiler: /usr/bin/cc - skipped
[0.438s] -- Detecting C compile features
[0.439s] -- Detecting C compile features - done
[0.444s] -- Detecting CXX compiler ABI info
[0.539s] -- Detecting CXX compiler ABI info - done
[0.549s] -- Check for working CXX compiler: /usr/bin/c++ - skipped
[0.549s] -- Detecting CXX compile features
[0.550s] -- Detecting CXX compile features - done
[0.554s] -- Found ament_cmake: 1.3.12 (/opt/ros/humble/share/ament_cmake/cmake)
[0.768s] -- Found Python3: /usr/bin/python3 (found version "3.10.12") found components: Interpreter 
[0.860s] -- Override CMake install command with custom implementation using symlinks instead of copying resources
[0.910s] -- Found rclcpp: 16.0.17 (/opt/ros/humble/share/rclcpp/cmake)
[0.971s] -- Found rosidl_generator_c: 3.1.8 (/opt/ros/humble/share/rosidl_generator_c/cmake)
[0.979s] -- Found rosidl_adapter: 3.1.8 (/opt/ros/humble/share/rosidl_adapter/cmake)
[0.991s] -- Found rosidl_generator_cpp: 3.1.8 (/opt/ros/humble/share/rosidl_generator_cpp/cmake)
[1.007s] -- Using all available rosidl_typesupport_c: rosidl_typesupport_fastrtps_c;rosidl_typesupport_introspection_c
[1.031s] -- Using all available rosidl_typesupport_cpp: rosidl_typesupport_fastrtps_cpp;rosidl_typesupport_introspection_cpp
[1.098s] -- Found rmw_implementation_cmake: 6.1.2 (/opt/ros/humble/share/rmw_implementation_cmake/cmake)
[1.102s] -- Found rmw_fastrtps_cpp: 6.2.9 (/opt/ros/humble/share/rmw_fastrtps_cpp/cmake)
[1.230s] -- Found OpenSSL: /usr/lib/x86_64-linux-gnu/libcrypto.so (found version "3.0.2")  
[1.288s] -- Found FastRTPS: /opt/ros/humble/include  
[1.395s] -- Using RMW implementation 'rmw_fastrtps_cpp' as default
[1.420s] -- Looking for pthread.h
[1.526s] -- Looking for pthread.h - found
[1.527s] -- Performing Test CMAKE_HAVE_LIBC_PTHREAD
[1.620s] -- Performing Test CMAKE_HAVE_LIBC_PTHREAD - Success
[1.622s] -- Found Threads: TRUE  
[1.720s] -- Found robot_state_publisher: 3.0.3 (/opt/ros/humble/share/robot_state_publisher/cmake)
[1.760s] -- Found eigen3_cmake_module: 0.1.1 (/opt/ros/humble/share/eigen3_cmake_module/cmake)
[1.761s] -- Found Eigen3: TRUE (found version "3.4.0") 
[1.761s] -- Ensuring Eigen3 include directory is part of orocos-kdl CMake target
[1.949s] -- Found xacro: 2.1.1 (/opt/ros/humble/share/xacro/cmake)
[1.952s] -- Found ros_gz_sim: 0.244.20 (/opt/ros/humble/share/ros_gz_sim/cmake)
[1.955s] -- Found controller_manager: 2.53.0 (/opt/ros/humble/share/controller_manager/cmake)
[2.070s] -- Found joint_state_broadcaster: 2.52.0 (/opt/ros/humble/share/joint_state_broadcaster/cmake)
[2.102s] -- Found joint_trajectory_controller: 2.52.0 (/opt/ros/humble/share/joint_trajectory_controller/cmake)
[2.151s] -- Found ament_lint_auto: 0.12.14 (/opt/ros/humble/share/ament_lint_auto/cmake)
[2.229s] -- Added test 'flake8' to check Python code syntax and style conventions
[2.229s] -- Added test 'lint_cmake' to check CMake code style
[2.230s] -- Added test 'pep257' to check Python code against some of the docstring style conventions in PEP 257
[2.232s] -- Added test 'xmllint' to check XML markup files
[2.234s] -- Configuring done
[2.240s] -- Generating done
[2.243s] -- Build files have been written to: /ros_ws/build/ur3e_robotiq_gz_sim
