[0.008s] Invoking command in '/ros_ws/build/realsense2_description': CMAKE_PREFIX_PATH=/opt/ros/humble /usr/bin/cmake /ros_ws/src/realsense2_description -DCMAKE_INSTALL_PREFIX=/ros_ws/install/realsense2_description
[0.043s] -- The C compiler identification is GNU 11.4.0
[0.077s] -- The CXX compiler identification is GNU 11.4.0
[0.082s] -- Detecting C compiler ABI info
[0.125s] -- Detecting C compiler ABI info - done
[0.129s] -- Check for working C compiler: /usr/bin/cc - skipped
[0.129s] -- Detecting C compile features
[0.130s] -- Detecting C compile features - done
[0.132s] -- Detecting CXX compiler ABI info
[0.181s] -- Detecting CXX compiler ABI info - done
[0.185s] -- Check for working CXX compiler: /usr/bin/c++ - skipped
[0.185s] -- Detecting CXX compile features
[0.186s] -- Detecting CXX compile features - done
[0.187s] -- Found ament_cmake: 1.3.12 (/opt/ros/humble/share/ament_cmake/cmake)
[0.282s] -- Found Python3: /usr/bin/python3 (found version "3.10.12") found components: Interpreter 
[0.393s] -- Configuring done
[0.395s] -- Generating done
[0.396s] -- Build files have been written to: /ros_ws/build/realsense2_description
[0.399s] Invoked command in '/ros_ws/build/realsense2_description' returned '0': CMAKE_PREFIX_PATH=/opt/ros/humble /usr/bin/cmake /ros_ws/src/realsense2_description -DCMAKE_INSTALL_PREFIX=/ros_ws/install/realsense2_description
[0.400s] Invoking command in '/ros_ws/build/realsense2_description': CMAKE_PREFIX_PATH=/opt/ros/humble /usr/bin/cmake --build /ros_ws/build/realsense2_description -- -j16 -l16
[0.422s] Invoked command in '/ros_ws/build/realsense2_description' returned '0': CMAKE_PREFIX_PATH=/opt/ros/humble /usr/bin/cmake --build /ros_ws/build/realsense2_description -- -j16 -l16
[0.428s] Invoking command in '/ros_ws/build/realsense2_description': CMAKE_PREFIX_PATH=/opt/ros/humble /usr/bin/cmake --install /ros_ws/build/realsense2_description
[0.432s] -- Install configuration: ""
[0.432s] -- Installing: /ros_ws/install/realsense2_description/share/realsense2_description/launch
[0.432s] -- Installing: /ros_ws/install/realsense2_description/share/realsense2_description/launch/launch_utils.py
[0.432s] -- Installing: /ros_ws/install/realsense2_description/share/realsense2_description/launch/view_model.launch.py
[0.432s] -- Installing: /ros_ws/install/realsense2_description/share/realsense2_description/meshes
[0.432s] -- Installing: /ros_ws/install/realsense2_description/share/realsense2_description/meshes/d405.stl
[0.432s] -- Installing: /ros_ws/install/realsense2_description/share/realsense2_description/meshes/d415.stl
[0.444s] -- Installing: /ros_ws/install/realsense2_description/share/realsense2_description/meshes/l515.dae
[0.461s] -- Installing: /ros_ws/install/realsense2_description/share/realsense2_description/meshes/plug.stl
[0.461s] -- Installing: /ros_ws/install/realsense2_description/share/realsense2_description/meshes/plug_collision.stl
[0.461s] -- Installing: /ros_ws/install/realsense2_description/share/realsense2_description/meshes/d435.dae
[0.470s] -- Installing: /ros_ws/install/realsense2_description/share/realsense2_description/meshes/d455.stl
[0.472s] -- Installing: /ros_ws/install/realsense2_description/share/realsense2_description/rviz
[0.472s] -- Installing: /ros_ws/install/realsense2_description/share/realsense2_description/rviz/urdf.rviz
[0.472s] -- Installing: /ros_ws/install/realsense2_description/share/realsense2_description/urdf
[0.472s] -- Installing: /ros_ws/install/realsense2_description/share/realsense2_description/urdf/_r410.urdf.xacro
[0.472s] -- Installing: /ros_ws/install/realsense2_description/share/realsense2_description/urdf/test_d455_camera.urdf.xacro
[0.472s] -- Installing: /ros_ws/install/realsense2_description/share/realsense2_description/urdf/_d435.urdf.xacro
[0.472s] -- Installing: /ros_ws/install/realsense2_description/share/realsense2_description/urdf/_d405.urdf.xacro
[0.472s] -- Installing: /ros_ws/install/realsense2_description/share/realsense2_description/urdf/test_d435i_camera.urdf.xacro
[0.472s] -- Installing: /ros_ws/install/realsense2_description/share/realsense2_description/urdf/_d415.urdf.xacro
[0.472s] -- Installing: /ros_ws/install/realsense2_description/share/realsense2_description/urdf/_usb_plug.urdf.xacro
[0.472s] -- Installing: /ros_ws/install/realsense2_description/share/realsense2_description/urdf/test_d415_camera.urdf.xacro
[0.472s] -- Installing: /ros_ws/install/realsense2_description/share/realsense2_description/urdf/test_d435_multiple_cameras.urdf.xacro
[0.472s] -- Installing: /ros_ws/install/realsense2_description/share/realsense2_description/urdf/test_d435_camera.urdf.xacro
[0.472s] -- Installing: /ros_ws/install/realsense2_description/share/realsense2_description/urdf/_materials.urdf.xacro
[0.472s] -- Installing: /ros_ws/install/realsense2_description/share/realsense2_description/urdf/_r430.urdf.xacro
[0.472s] -- Installing: /ros_ws/install/realsense2_description/share/realsense2_description/urdf/_d435i_imu_modules.urdf.xacro
[0.472s] -- Installing: /ros_ws/install/realsense2_description/share/realsense2_description/urdf/test_d405_camera.urdf.xacro
[0.472s] -- Installing: /ros_ws/install/realsense2_description/share/realsense2_description/urdf/_d455.urdf.xacro
[0.472s] -- Installing: /ros_ws/install/realsense2_description/share/realsense2_description/urdf/test_r430_camera.urdf.xacro
[0.472s] -- Installing: /ros_ws/install/realsense2_description/share/realsense2_description/urdf/_d435i.urdf.xacro
[0.472s] -- Installing: /ros_ws/install/realsense2_description/share/realsense2_description/urdf/test_r410_camera.urdf.xacro
[0.473s] -- Installing: /ros_ws/install/realsense2_description/share/ament_index/resource_index/package_run_dependencies/realsense2_description
[0.473s] -- Installing: /ros_ws/install/realsense2_description/share/ament_index/resource_index/parent_prefix_path/realsense2_description
[0.473s] -- Installing: /ros_ws/install/realsense2_description/share/realsense2_description/environment/ament_prefix_path.sh
[0.473s] -- Installing: /ros_ws/install/realsense2_description/share/realsense2_description/environment/ament_prefix_path.dsv
[0.473s] -- Installing: /ros_ws/install/realsense2_description/share/realsense2_description/environment/path.sh
[0.473s] -- Installing: /ros_ws/install/realsense2_description/share/realsense2_description/environment/path.dsv
[0.473s] -- Installing: /ros_ws/install/realsense2_description/share/realsense2_description/local_setup.bash
[0.473s] -- Installing: /ros_ws/install/realsense2_description/share/realsense2_description/local_setup.sh
[0.473s] -- Installing: /ros_ws/install/realsense2_description/share/realsense2_description/local_setup.zsh
[0.473s] -- Installing: /ros_ws/install/realsense2_description/share/realsense2_description/local_setup.dsv
[0.473s] -- Installing: /ros_ws/install/realsense2_description/share/realsense2_description/package.dsv
[0.473s] -- Installing: /ros_ws/install/realsense2_description/share/ament_index/resource_index/packages/realsense2_description
[0.473s] -- Installing: /ros_ws/install/realsense2_description/share/realsense2_description/cmake/realsense2_descriptionConfig.cmake
[0.473s] -- Installing: /ros_ws/install/realsense2_description/share/realsense2_description/cmake/realsense2_descriptionConfig-version.cmake
[0.473s] -- Installing: /ros_ws/install/realsense2_description/share/realsense2_description/package.xml
[0.475s] Invoked command in '/ros_ws/build/realsense2_description' returned '0': CMAKE_PREFIX_PATH=/opt/ros/humble /usr/bin/cmake --install /ros_ws/build/realsense2_description
