running egg_info
writing ../../build/yolo_realsense/yolo_realsense.egg-info/PKG-INFO
writing dependency_links to ../../build/yolo_realsense/yolo_realsense.egg-info/dependency_links.txt
writing entry points to ../../build/yolo_realsense/yolo_realsense.egg-info/entry_points.txt
writing requirements to ../../build/yolo_realsense/yolo_realsense.egg-info/requires.txt
writing top-level names to ../../build/yolo_realsense/yolo_realsense.egg-info/top_level.txt
reading manifest file '../../build/yolo_realsense/yolo_realsense.egg-info/SOURCES.txt'
writing manifest file '../../build/yolo_realsense/yolo_realsense.egg-info/SOURCES.txt'
running build
running build_py
copying yolo_realsense/test.py -> /ros_ws/build/yolo_realsense/build/lib/yolo_realsense
copying yolo_realsense/yolo_node.py -> /ros_ws/build/yolo_realsense/build/lib/yolo_realsense
running install
running install_lib
copying /ros_ws/build/yolo_realsense/build/lib/yolo_realsense/test.py -> /ros_ws/install/yolo_realsense/lib/python3.10/site-packages/yolo_realsense
copying /ros_ws/build/yolo_realsense/build/lib/yolo_realsense/yolo_node.py -> /ros_ws/install/yolo_realsense/lib/python3.10/site-packages/yolo_realsense
byte-compiling /ros_ws/install/yolo_realsense/lib/python3.10/site-packages/yolo_realsense/test.py to test.cpython-310.pyc
byte-compiling /ros_ws/install/yolo_realsense/lib/python3.10/site-packages/yolo_realsense/yolo_node.py to yolo_node.cpython-310.pyc
running install_data
running install_egg_info
removing '/ros_ws/install/yolo_realsense/lib/python3.10/site-packages/yolo_realsense-0.0.0-py3.10.egg-info' (and everything under it)
Copying ../../build/yolo_realsense/yolo_realsense.egg-info to /ros_ws/install/yolo_realsense/lib/python3.10/site-packages/yolo_realsense-0.0.0-py3.10.egg-info
running install_scripts
Installing yolo_node script to /ros_ws/install/yolo_realsense/lib/yolo_realsense
writing list of installed files to '/ros_ws/build/yolo_realsense/install.log'
