[0.113s] DEBUG:colcon:Command line arguments: ['/usr/bin/colcon', 'build']
[0.113s] DEBUG:colcon:Parsed command line arguments: Namespace(log_base=None, log_level=None, verb_name='build', build_base='build', install_base='install', merge_install=False, symlink_install=False, test_result_base=None, continue_on_error=False, executor='parallel', parallel_workers=16, event_handlers=None, ignore_user_meta=False, metas=['./colcon.meta'], base_paths=['.'], packages_ignore=None, packages_ignore_regex=None, paths=None, packages_up_to=None, packages_up_to_regex=None, packages_above=None, packages_above_and_dependencies=None, packages_above_depth=None, packages_select_by_dep=None, packages_skip_by_dep=None, packages_skip_up_to=None, packages_select_build_failed=False, packages_skip_build_finished=False, packages_select_test_failures=False, packages_skip_test_passed=False, packages_select=None, packages_skip=None, packages_select_regex=None, packages_skip_regex=None, packages_start=None, packages_end=None, cmake_args=None, cmake_target=None, cmake_target_skip_unavailable=False, cmake_clean_cache=False, cmake_clean_first=False, cmake_force_configure=False, ament_cmake_args=None, catkin_cmake_args=None, catkin_skip_building_tests=False, mixin_files=None, mixin=None, verb_parser=<colcon_mixin.mixin.mixin_argument.MixinArgumentDecorator object at 0x7295abe246a0>, verb_extension=<colcon_core.verb.build.BuildVerb object at 0x7295abfb15a0>, main=<bound method BuildVerb.main of <colcon_core.verb.build.BuildVerb object at 0x7295abfb15a0>>, mixin_verb=('build',))
[0.240s] Level 1:colcon.colcon_core.package_discovery:discover_packages(colcon_meta) check parameters
[0.241s] INFO:colcon.colcon_metadata.package_discovery.colcon_meta:Using configuration from '/root/.colcon/metadata/default/Gazebo.meta'
[0.242s] INFO:colcon.colcon_metadata.package_discovery.colcon_meta:Using configuration from '/root/.colcon/metadata/default/fastdds.meta'
[0.242s] INFO:colcon.colcon_metadata.package_discovery.colcon_meta:Using configuration from '/root/.colcon/metadata/default/fastrtps.meta'
[0.242s] Level 1:colcon.colcon_core.package_discovery:discover_packages(recursive) check parameters
[0.242s] Level 1:colcon.colcon_core.package_discovery:discover_packages(ignore) check parameters
[0.242s] Level 1:colcon.colcon_core.package_discovery:discover_packages(path) check parameters
[0.242s] Level 1:colcon.colcon_core.package_discovery:discover_packages(colcon_meta) discover
[0.242s] Level 1:colcon.colcon_core.package_discovery:discover_packages(recursive) discover
[0.242s] INFO:colcon.colcon_core.package_discovery:Crawling recursively for packages in '/ros_ws/src'
[0.242s] Level 1:colcon.colcon_core.package_identification:_identify(.) by extensions ['ignore', 'ignore_ament_install']
[0.242s] Level 1:colcon.colcon_core.package_identification:_identify(.) by extension 'ignore'
[0.242s] Level 1:colcon.colcon_core.package_identification:_identify(.) by extension 'ignore_ament_install'
[0.242s] Level 1:colcon.colcon_core.package_identification:_identify(.) by extensions ['colcon_pkg']
[0.242s] Level 1:colcon.colcon_core.package_identification:_identify(.) by extension 'colcon_pkg'
[0.242s] Level 1:colcon.colcon_core.package_identification:_identify(.) by extensions ['colcon_meta']
[0.242s] Level 1:colcon.colcon_core.package_identification:_identify(.) by extension 'colcon_meta'
[0.242s] Level 1:colcon.colcon_core.package_identification:_identify(.) by extensions ['ros']
[0.242s] Level 1:colcon.colcon_core.package_identification:_identify(.) by extension 'ros'
[0.251s] Level 1:colcon.colcon_core.package_identification:_identify(.) by extensions ['cmake', 'python']
[0.251s] Level 1:colcon.colcon_core.package_identification:_identify(.) by extension 'cmake'
[0.251s] Level 1:colcon.colcon_core.package_identification:_identify(.) by extension 'python'
[0.251s] Level 1:colcon.colcon_core.package_identification:_identify(.) by extensions ['python_setup_py']
[0.251s] Level 1:colcon.colcon_core.package_identification:_identify(.) by extension 'python_setup_py'
[0.251s] Level 1:colcon.colcon_core.package_identification:_identify(build) by extensions ['ignore', 'ignore_ament_install']
[0.251s] Level 1:colcon.colcon_core.package_identification:_identify(build) by extension 'ignore'
[0.251s] Level 1:colcon.colcon_core.package_identification:_identify(build) ignored
[0.251s] Level 1:colcon.colcon_core.package_identification:_identify(install) by extensions ['ignore', 'ignore_ament_install']
[0.251s] Level 1:colcon.colcon_core.package_identification:_identify(install) by extension 'ignore'
[0.251s] Level 1:colcon.colcon_core.package_identification:_identify(install) ignored
[0.251s] Level 1:colcon.colcon_core.package_identification:_identify(log) by extensions ['ignore', 'ignore_ament_install']
[0.251s] Level 1:colcon.colcon_core.package_identification:_identify(log) by extension 'ignore'
[0.251s] Level 1:colcon.colcon_core.package_identification:_identify(log) ignored
[0.251s] Level 1:colcon.colcon_core.package_identification:_identify(realsense2_description) by extensions ['ignore', 'ignore_ament_install']
[0.251s] Level 1:colcon.colcon_core.package_identification:_identify(realsense2_description) by extension 'ignore'
[0.251s] Level 1:colcon.colcon_core.package_identification:_identify(realsense2_description) by extension 'ignore_ament_install'
[0.251s] Level 1:colcon.colcon_core.package_identification:_identify(realsense2_description) by extensions ['colcon_pkg']
[0.251s] Level 1:colcon.colcon_core.package_identification:_identify(realsense2_description) by extension 'colcon_pkg'
[0.251s] Level 1:colcon.colcon_core.package_identification:_identify(realsense2_description) by extensions ['colcon_meta']
[0.251s] Level 1:colcon.colcon_core.package_identification:_identify(realsense2_description) by extension 'colcon_meta'
[0.251s] Level 1:colcon.colcon_core.package_identification:_identify(realsense2_description) by extensions ['ros']
[0.251s] Level 1:colcon.colcon_core.package_identification:_identify(realsense2_description) by extension 'ros'
[0.253s] DEBUG:colcon.colcon_core.package_identification:Package 'realsense2_description' with type 'ros.ament_cmake' and name 'realsense2_description'
[0.254s] Level 1:colcon.colcon_core.package_identification:_identify(realsense_gazebo_plugin) by extensions ['ignore', 'ignore_ament_install']
[0.254s] Level 1:colcon.colcon_core.package_identification:_identify(realsense_gazebo_plugin) by extension 'ignore'
[0.254s] Level 1:colcon.colcon_core.package_identification:_identify(realsense_gazebo_plugin) by extension 'ignore_ament_install'
[0.254s] Level 1:colcon.colcon_core.package_identification:_identify(realsense_gazebo_plugin) by extensions ['colcon_pkg']
[0.254s] Level 1:colcon.colcon_core.package_identification:_identify(realsense_gazebo_plugin) by extension 'colcon_pkg'
[0.254s] Level 1:colcon.colcon_core.package_identification:_identify(realsense_gazebo_plugin) by extensions ['colcon_meta']
[0.254s] Level 1:colcon.colcon_core.package_identification:_identify(realsense_gazebo_plugin) by extension 'colcon_meta'
[0.254s] Level 1:colcon.colcon_core.package_identification:_identify(realsense_gazebo_plugin) by extensions ['ros']
[0.254s] Level 1:colcon.colcon_core.package_identification:_identify(realsense_gazebo_plugin) by extension 'ros'
[0.255s] DEBUG:colcon.colcon_core.package_identification:Package 'realsense_gazebo_plugin' with type 'ros.ament_cmake' and name 'realsense_gazebo_plugin'
[0.255s] Level 1:colcon.colcon_core.package_identification:_identify(yolo_realsense) by extensions ['ignore', 'ignore_ament_install']
[0.255s] Level 1:colcon.colcon_core.package_identification:_identify(yolo_realsense) by extension 'ignore'
[0.255s] Level 1:colcon.colcon_core.package_identification:_identify(yolo_realsense) by extension 'ignore_ament_install'
[0.255s] Level 1:colcon.colcon_core.package_identification:_identify(yolo_realsense) by extensions ['colcon_pkg']
[0.255s] Level 1:colcon.colcon_core.package_identification:_identify(yolo_realsense) by extension 'colcon_pkg'
[0.255s] Level 1:colcon.colcon_core.package_identification:_identify(yolo_realsense) by extensions ['colcon_meta']
[0.255s] Level 1:colcon.colcon_core.package_identification:_identify(yolo_realsense) by extension 'colcon_meta'
[0.255s] Level 1:colcon.colcon_core.package_identification:_identify(yolo_realsense) by extensions ['ros']
[0.255s] Level 1:colcon.colcon_core.package_identification:_identify(yolo_realsense) by extension 'ros'
[0.255s] DEBUG:colcon.colcon_core.package_identification:Package 'yolo_realsense' with type 'ros.ament_python' and name 'yolo_realsense'
[0.255s] Level 1:colcon.colcon_core.package_discovery:discover_packages(recursive) using defaults
[0.255s] Level 1:colcon.colcon_core.package_discovery:discover_packages(ignore) discover
[0.255s] Level 1:colcon.colcon_core.package_discovery:discover_packages(ignore) using defaults
[0.255s] Level 1:colcon.colcon_core.package_discovery:discover_packages(path) discover
[0.255s] Level 1:colcon.colcon_core.package_discovery:discover_packages(path) using defaults
[0.278s] Level 5:colcon.colcon_core.verb:set package 'realsense2_description' build argument 'cmake_args' from command line to 'None'
[0.278s] Level 5:colcon.colcon_core.verb:set package 'realsense2_description' build argument 'cmake_target' from command line to 'None'
[0.278s] Level 5:colcon.colcon_core.verb:set package 'realsense2_description' build argument 'cmake_target_skip_unavailable' from command line to 'False'
[0.278s] Level 5:colcon.colcon_core.verb:set package 'realsense2_description' build argument 'cmake_clean_cache' from command line to 'False'
[0.278s] Level 5:colcon.colcon_core.verb:set package 'realsense2_description' build argument 'cmake_clean_first' from command line to 'False'
[0.278s] Level 5:colcon.colcon_core.verb:set package 'realsense2_description' build argument 'cmake_force_configure' from command line to 'False'
[0.278s] Level 5:colcon.colcon_core.verb:set package 'realsense2_description' build argument 'ament_cmake_args' from command line to 'None'
[0.278s] Level 5:colcon.colcon_core.verb:set package 'realsense2_description' build argument 'catkin_cmake_args' from command line to 'None'
[0.278s] Level 5:colcon.colcon_core.verb:set package 'realsense2_description' build argument 'catkin_skip_building_tests' from command line to 'False'
[0.278s] DEBUG:colcon.colcon_core.verb:Building package 'realsense2_description' with the following arguments: {'ament_cmake_args': None, 'build_base': '/ros_ws/src/build/realsense2_description', 'catkin_cmake_args': None, 'catkin_skip_building_tests': False, 'cmake_args': None, 'cmake_clean_cache': False, 'cmake_clean_first': False, 'cmake_force_configure': False, 'cmake_target': None, 'cmake_target_skip_unavailable': False, 'install_base': '/ros_ws/src/install/realsense2_description', 'merge_install': False, 'path': '/ros_ws/src/realsense2_description', 'symlink_install': False, 'test_result_base': None}
[0.278s] Level 5:colcon.colcon_core.verb:set package 'realsense_gazebo_plugin' build argument 'cmake_args' from command line to 'None'
[0.278s] Level 5:colcon.colcon_core.verb:set package 'realsense_gazebo_plugin' build argument 'cmake_target' from command line to 'None'
[0.278s] Level 5:colcon.colcon_core.verb:set package 'realsense_gazebo_plugin' build argument 'cmake_target_skip_unavailable' from command line to 'False'
[0.278s] Level 5:colcon.colcon_core.verb:set package 'realsense_gazebo_plugin' build argument 'cmake_clean_cache' from command line to 'False'
[0.278s] Level 5:colcon.colcon_core.verb:set package 'realsense_gazebo_plugin' build argument 'cmake_clean_first' from command line to 'False'
[0.278s] Level 5:colcon.colcon_core.verb:set package 'realsense_gazebo_plugin' build argument 'cmake_force_configure' from command line to 'False'
[0.278s] Level 5:colcon.colcon_core.verb:set package 'realsense_gazebo_plugin' build argument 'ament_cmake_args' from command line to 'None'
[0.278s] Level 5:colcon.colcon_core.verb:set package 'realsense_gazebo_plugin' build argument 'catkin_cmake_args' from command line to 'None'
[0.278s] Level 5:colcon.colcon_core.verb:set package 'realsense_gazebo_plugin' build argument 'catkin_skip_building_tests' from command line to 'False'
[0.278s] DEBUG:colcon.colcon_core.verb:Building package 'realsense_gazebo_plugin' with the following arguments: {'ament_cmake_args': None, 'build_base': '/ros_ws/src/build/realsense_gazebo_plugin', 'catkin_cmake_args': None, 'catkin_skip_building_tests': False, 'cmake_args': None, 'cmake_clean_cache': False, 'cmake_clean_first': False, 'cmake_force_configure': False, 'cmake_target': None, 'cmake_target_skip_unavailable': False, 'install_base': '/ros_ws/src/install/realsense_gazebo_plugin', 'merge_install': False, 'path': '/ros_ws/src/realsense_gazebo_plugin', 'symlink_install': False, 'test_result_base': None}
[0.278s] Level 5:colcon.colcon_core.verb:set package 'yolo_realsense' build argument 'cmake_args' from command line to 'None'
[0.278s] Level 5:colcon.colcon_core.verb:set package 'yolo_realsense' build argument 'cmake_target' from command line to 'None'
[0.278s] Level 5:colcon.colcon_core.verb:set package 'yolo_realsense' build argument 'cmake_target_skip_unavailable' from command line to 'False'
[0.278s] Level 5:colcon.colcon_core.verb:set package 'yolo_realsense' build argument 'cmake_clean_cache' from command line to 'False'
[0.278s] Level 5:colcon.colcon_core.verb:set package 'yolo_realsense' build argument 'cmake_clean_first' from command line to 'False'
[0.278s] Level 5:colcon.colcon_core.verb:set package 'yolo_realsense' build argument 'cmake_force_configure' from command line to 'False'
[0.278s] Level 5:colcon.colcon_core.verb:set package 'yolo_realsense' build argument 'ament_cmake_args' from command line to 'None'
[0.278s] Level 5:colcon.colcon_core.verb:set package 'yolo_realsense' build argument 'catkin_cmake_args' from command line to 'None'
[0.278s] Level 5:colcon.colcon_core.verb:set package 'yolo_realsense' build argument 'catkin_skip_building_tests' from command line to 'False'
[0.278s] DEBUG:colcon.colcon_core.verb:Building package 'yolo_realsense' with the following arguments: {'ament_cmake_args': None, 'build_base': '/ros_ws/src/build/yolo_realsense', 'catkin_cmake_args': None, 'catkin_skip_building_tests': False, 'cmake_args': None, 'cmake_clean_cache': False, 'cmake_clean_first': False, 'cmake_force_configure': False, 'cmake_target': None, 'cmake_target_skip_unavailable': False, 'install_base': '/ros_ws/src/install/yolo_realsense', 'merge_install': False, 'path': '/ros_ws/src/yolo_realsense', 'symlink_install': False, 'test_result_base': None}
[0.278s] INFO:colcon.colcon_core.executor:Executing jobs using 'parallel' executor
[0.279s] DEBUG:colcon.colcon_parallel_executor.executor.parallel:run_until_complete
[0.279s] INFO:colcon.colcon_ros.task.ament_cmake.build:Building ROS package in '/ros_ws/src/realsense2_description' with build type 'ament_cmake'
[0.279s] INFO:colcon.colcon_cmake.task.cmake.build:Building CMake package in '/ros_ws/src/realsense2_description'
[0.282s] INFO:colcon.colcon_core.plugin_system:Skipping extension 'colcon_core.shell.bat': Not used on non-Windows systems
[0.282s] INFO:colcon.colcon_core.shell:Skip shell extension 'powershell' for command environment: Not usable outside of PowerShell
[0.282s] DEBUG:colcon.colcon_core.shell:Skip shell extension 'dsv' for command environment
[0.286s] INFO:colcon.colcon_ros.task.ament_cmake.build:Building ROS package in '/ros_ws/src/realsense_gazebo_plugin' with build type 'ament_cmake'
[0.286s] INFO:colcon.colcon_cmake.task.cmake.build:Building CMake package in '/ros_ws/src/realsense_gazebo_plugin'
[0.287s] INFO:colcon.colcon_core.shell:Skip shell extension 'powershell' for command environment: Not usable outside of PowerShell
[0.287s] DEBUG:colcon.colcon_core.shell:Skip shell extension 'dsv' for command environment
[0.289s] INFO:colcon.colcon_ros.task.ament_python.build:Building ROS package in '/ros_ws/src/yolo_realsense' with build type 'ament_python'
[0.289s] Level 1:colcon.colcon_core.shell:create_environment_hook('yolo_realsense', 'ament_prefix_path')
[0.289s] INFO:colcon.colcon_core.shell:Creating environment hook '/ros_ws/src/install/yolo_realsense/share/yolo_realsense/hook/ament_prefix_path.ps1'
[0.290s] INFO:colcon.colcon_core.shell:Creating environment descriptor '/ros_ws/src/install/yolo_realsense/share/yolo_realsense/hook/ament_prefix_path.dsv'
[0.290s] INFO:colcon.colcon_core.shell:Creating environment hook '/ros_ws/src/install/yolo_realsense/share/yolo_realsense/hook/ament_prefix_path.sh'
[0.290s] INFO:colcon.colcon_core.shell:Skip shell extension 'powershell' for command environment: Not usable outside of PowerShell
[0.290s] DEBUG:colcon.colcon_core.shell:Skip shell extension 'dsv' for command environment
[0.294s] DEBUG:colcon.colcon_core.event_handler.log_command:Invoking command in '/ros_ws/src/build/realsense2_description': CMAKE_PREFIX_PATH=${CMAKE_PREFIX_PATH}:/ros_ws/install/yolo_realsense:/opt/ros/humble /usr/bin/cmake /ros_ws/src/realsense2_description -DCMAKE_INSTALL_PREFIX=/ros_ws/src/install/realsense2_description
[0.297s] DEBUG:colcon.colcon_core.event_handler.log_command:Invoking command in '/ros_ws/src/build/realsense_gazebo_plugin': CMAKE_PREFIX_PATH=${CMAKE_PREFIX_PATH}:/ros_ws/install/yolo_realsense:/opt/ros/humble /usr/bin/cmake /ros_ws/src/realsense_gazebo_plugin -DCMAKE_INSTALL_PREFIX=/ros_ws/src/install/realsense_gazebo_plugin
[0.490s] INFO:colcon.colcon_core.task.python.build:Building Python package in '/ros_ws/src/yolo_realsense'
[0.491s] INFO:colcon.colcon_core.shell:Skip shell extension 'powershell' for command environment: Not usable outside of PowerShell
[0.491s] DEBUG:colcon.colcon_core.shell:Skip shell extension 'dsv' for command environment
[0.805s] DEBUG:colcon.colcon_core.event_handler.log_command:Invoking command in '/ros_ws/src/yolo_realsense': PYTHONPATH=/ros_ws/src/build/yolo_realsense/prefix_override:/usr/lib/python3/dist-packages/colcon_core/task/python/colcon_distutils_commands:/ros_ws/src/install/yolo_realsense/lib/python3.10/site-packages:${PYTHONPATH} /usr/bin/python3 -W ignore:setup.py install is deprecated -W ignore:easy_install command is deprecated setup.py egg_info --egg-base ../build/yolo_realsense build --build-base /ros_ws/src/build/yolo_realsense/build install --record /ros_ws/src/build/yolo_realsense/install.log --single-version-externally-managed install_data
[0.932s] DEBUG:colcon.colcon_core.event_handler.log_command:Invoked command in '/ros_ws/src/build/realsense2_description' returned '0': CMAKE_PREFIX_PATH=${CMAKE_PREFIX_PATH}:/ros_ws/install/yolo_realsense:/opt/ros/humble /usr/bin/cmake /ros_ws/src/realsense2_description -DCMAKE_INSTALL_PREFIX=/ros_ws/src/install/realsense2_description
[0.933s] DEBUG:colcon.colcon_core.event_handler.log_command:Invoking command in '/ros_ws/src/build/realsense2_description': CMAKE_PREFIX_PATH=${CMAKE_PREFIX_PATH}:/ros_ws/install/yolo_realsense:/opt/ros/humble /usr/bin/cmake --build /ros_ws/src/build/realsense2_description -- -j16 -l16
[0.964s] DEBUG:colcon.colcon_core.event_handler.log_command:Invoked command in '/ros_ws/src/build/realsense2_description' returned '0': CMAKE_PREFIX_PATH=${CMAKE_PREFIX_PATH}:/ros_ws/install/yolo_realsense:/opt/ros/humble /usr/bin/cmake --build /ros_ws/src/build/realsense2_description -- -j16 -l16
[0.970s] DEBUG:colcon.colcon_core.event_handler.log_command:Invoking command in '/ros_ws/src/build/realsense2_description': CMAKE_PREFIX_PATH=${CMAKE_PREFIX_PATH}:/ros_ws/install/yolo_realsense:/opt/ros/humble /usr/bin/cmake --install /ros_ws/src/build/realsense2_description
[1.053s] Level 1:colcon.colcon_core.environment:create_environment_scripts_only(realsense2_description)
[1.053s] DEBUG:colcon.colcon_core.event_handler.log_command:Invoked command in '/ros_ws/src/build/realsense2_description' returned '0': CMAKE_PREFIX_PATH=${CMAKE_PREFIX_PATH}:/ros_ws/install/yolo_realsense:/opt/ros/humble /usr/bin/cmake --install /ros_ws/src/build/realsense2_description
[1.058s] Level 1:colcon.colcon_core.environment:checking '/ros_ws/src/install/realsense2_description' for CMake module files
[1.059s] Level 1:colcon.colcon_core.environment:checking '/ros_ws/src/install/realsense2_description' for CMake config files
[1.059s] Level 1:colcon.colcon_core.shell:create_environment_hook('realsense2_description', 'cmake_prefix_path')
[1.059s] INFO:colcon.colcon_core.shell:Creating environment hook '/ros_ws/src/install/realsense2_description/share/realsense2_description/hook/cmake_prefix_path.ps1'
[1.060s] INFO:colcon.colcon_core.shell:Creating environment descriptor '/ros_ws/src/install/realsense2_description/share/realsense2_description/hook/cmake_prefix_path.dsv'
[1.060s] INFO:colcon.colcon_core.shell:Creating environment hook '/ros_ws/src/install/realsense2_description/share/realsense2_description/hook/cmake_prefix_path.sh'
[1.060s] Level 1:colcon.colcon_core.environment:checking '/ros_ws/src/install/realsense2_description/bin'
[1.061s] Level 1:colcon.colcon_core.environment:checking '/ros_ws/src/install/realsense2_description/lib/pkgconfig/realsense2_description.pc'
[1.061s] Level 1:colcon.colcon_core.environment:checking '/ros_ws/src/install/realsense2_description/lib/python3.10/site-packages'
[1.061s] Level 1:colcon.colcon_core.environment:checking '/ros_ws/src/install/realsense2_description/bin'
[1.061s] INFO:colcon.colcon_core.shell:Creating package script '/ros_ws/src/install/realsense2_description/share/realsense2_description/package.ps1'
[1.062s] INFO:colcon.colcon_core.shell:Creating package descriptor '/ros_ws/src/install/realsense2_description/share/realsense2_description/package.dsv'
[1.063s] INFO:colcon.colcon_core.shell:Creating package script '/ros_ws/src/install/realsense2_description/share/realsense2_description/package.sh'
[1.064s] INFO:colcon.colcon_core.shell:Creating package script '/ros_ws/src/install/realsense2_description/share/realsense2_description/package.bash'
[1.065s] INFO:colcon.colcon_core.shell:Creating package script '/ros_ws/src/install/realsense2_description/share/realsense2_description/package.zsh'
[1.065s] Level 1:colcon.colcon_core.environment:create_file_with_runtime_dependencies(/ros_ws/src/install/realsense2_description/share/colcon-core/packages/realsense2_description)
[1.066s] Level 1:colcon.colcon_core.environment:create_environment_scripts_only(realsense2_description)
[1.066s] Level 1:colcon.colcon_core.environment:checking '/ros_ws/src/install/realsense2_description' for CMake module files
[1.067s] Level 1:colcon.colcon_core.environment:checking '/ros_ws/src/install/realsense2_description' for CMake config files
[1.067s] Level 1:colcon.colcon_core.shell:create_environment_hook('realsense2_description', 'cmake_prefix_path')
[1.067s] INFO:colcon.colcon_core.shell:Creating environment hook '/ros_ws/src/install/realsense2_description/share/realsense2_description/hook/cmake_prefix_path.ps1'
[1.067s] INFO:colcon.colcon_core.shell:Creating environment descriptor '/ros_ws/src/install/realsense2_description/share/realsense2_description/hook/cmake_prefix_path.dsv'
[1.068s] INFO:colcon.colcon_core.shell:Creating environment hook '/ros_ws/src/install/realsense2_description/share/realsense2_description/hook/cmake_prefix_path.sh'
[1.068s] Level 1:colcon.colcon_core.environment:checking '/ros_ws/src/install/realsense2_description/bin'
[1.068s] Level 1:colcon.colcon_core.environment:checking '/ros_ws/src/install/realsense2_description/lib/pkgconfig/realsense2_description.pc'
[1.068s] Level 1:colcon.colcon_core.environment:checking '/ros_ws/src/install/realsense2_description/lib/python3.10/site-packages'
[1.069s] Level 1:colcon.colcon_core.environment:checking '/ros_ws/src/install/realsense2_description/bin'
[1.069s] INFO:colcon.colcon_core.shell:Creating package script '/ros_ws/src/install/realsense2_description/share/realsense2_description/package.ps1'
[1.069s] INFO:colcon.colcon_core.shell:Creating package descriptor '/ros_ws/src/install/realsense2_description/share/realsense2_description/package.dsv'
[1.070s] INFO:colcon.colcon_core.shell:Creating package script '/ros_ws/src/install/realsense2_description/share/realsense2_description/package.sh'
[1.070s] INFO:colcon.colcon_core.shell:Creating package script '/ros_ws/src/install/realsense2_description/share/realsense2_description/package.bash'
[1.070s] INFO:colcon.colcon_core.shell:Creating package script '/ros_ws/src/install/realsense2_description/share/realsense2_description/package.zsh'
[1.071s] Level 1:colcon.colcon_core.environment:create_file_with_runtime_dependencies(/ros_ws/src/install/realsense2_description/share/colcon-core/packages/realsense2_description)
[1.072s] Level 1:colcon.colcon_core.environment:checking '/ros_ws/src/install/yolo_realsense' for CMake module files
[1.072s] DEBUG:colcon.colcon_core.event_handler.log_command:Invoked command in '/ros_ws/src/yolo_realsense' returned '0': PYTHONPATH=/ros_ws/src/build/yolo_realsense/prefix_override:/usr/lib/python3/dist-packages/colcon_core/task/python/colcon_distutils_commands:/ros_ws/src/install/yolo_realsense/lib/python3.10/site-packages:${PYTHONPATH} /usr/bin/python3 -W ignore:setup.py install is deprecated -W ignore:easy_install command is deprecated setup.py egg_info --egg-base ../build/yolo_realsense build --build-base /ros_ws/src/build/yolo_realsense/build install --record /ros_ws/src/build/yolo_realsense/install.log --single-version-externally-managed install_data
[1.073s] Level 1:colcon.colcon_core.environment:checking '/ros_ws/src/install/yolo_realsense' for CMake config files
[1.073s] Level 1:colcon.colcon_core.environment:checking '/ros_ws/src/install/yolo_realsense/lib'
[1.073s] Level 1:colcon.colcon_core.environment:checking '/ros_ws/src/install/yolo_realsense/bin'
[1.073s] Level 1:colcon.colcon_core.environment:checking '/ros_ws/src/install/yolo_realsense/lib/pkgconfig/yolo_realsense.pc'
[1.073s] Level 1:colcon.colcon_core.environment:checking '/ros_ws/src/install/yolo_realsense/lib/python3.10/site-packages'
[1.073s] Level 1:colcon.colcon_core.shell:create_environment_hook('yolo_realsense', 'pythonpath')
[1.074s] INFO:colcon.colcon_core.shell:Creating environment hook '/ros_ws/src/install/yolo_realsense/share/yolo_realsense/hook/pythonpath.ps1'
[1.074s] INFO:colcon.colcon_core.shell:Creating environment descriptor '/ros_ws/src/install/yolo_realsense/share/yolo_realsense/hook/pythonpath.dsv'
[1.074s] INFO:colcon.colcon_core.shell:Creating environment hook '/ros_ws/src/install/yolo_realsense/share/yolo_realsense/hook/pythonpath.sh'
[1.075s] Level 1:colcon.colcon_core.environment:checking '/ros_ws/src/install/yolo_realsense/bin'
[1.075s] Level 1:colcon.colcon_core.environment:create_environment_scripts_only(yolo_realsense)
[1.075s] INFO:colcon.colcon_core.shell:Creating package script '/ros_ws/src/install/yolo_realsense/share/yolo_realsense/package.ps1'
[1.075s] INFO:colcon.colcon_core.shell:Creating package descriptor '/ros_ws/src/install/yolo_realsense/share/yolo_realsense/package.dsv'
[1.076s] INFO:colcon.colcon_core.shell:Creating package script '/ros_ws/src/install/yolo_realsense/share/yolo_realsense/package.sh'
[1.076s] INFO:colcon.colcon_core.shell:Creating package script '/ros_ws/src/install/yolo_realsense/share/yolo_realsense/package.bash'
[1.076s] INFO:colcon.colcon_core.shell:Creating package script '/ros_ws/src/install/yolo_realsense/share/yolo_realsense/package.zsh'
[1.077s] Level 1:colcon.colcon_core.environment:create_file_with_runtime_dependencies(/ros_ws/src/install/yolo_realsense/share/colcon-core/packages/yolo_realsense)
[2.239s] DEBUG:colcon.colcon_core.event_handler.log_command:Invoked command in '/ros_ws/src/build/realsense_gazebo_plugin' returned '0': CMAKE_PREFIX_PATH=${CMAKE_PREFIX_PATH}:/ros_ws/install/yolo_realsense:/opt/ros/humble /usr/bin/cmake /ros_ws/src/realsense_gazebo_plugin -DCMAKE_INSTALL_PREFIX=/ros_ws/src/install/realsense_gazebo_plugin
[2.239s] DEBUG:colcon.colcon_core.event_handler.log_command:Invoking command in '/ros_ws/src/build/realsense_gazebo_plugin': CMAKE_PREFIX_PATH=${CMAKE_PREFIX_PATH}:/ros_ws/install/yolo_realsense:/opt/ros/humble /usr/bin/cmake --build /ros_ws/src/build/realsense_gazebo_plugin -- -j16 -l16
[18.714s] DEBUG:colcon.colcon_core.event_handler.log_command:Invoked command in '/ros_ws/src/build/realsense_gazebo_plugin' returned '0': CMAKE_PREFIX_PATH=${CMAKE_PREFIX_PATH}:/ros_ws/install/yolo_realsense:/opt/ros/humble /usr/bin/cmake --build /ros_ws/src/build/realsense_gazebo_plugin -- -j16 -l16
[18.715s] DEBUG:colcon.colcon_core.event_handler.log_command:Invoking command in '/ros_ws/src/build/realsense_gazebo_plugin': CMAKE_PREFIX_PATH=${CMAKE_PREFIX_PATH}:/ros_ws/install/yolo_realsense:/opt/ros/humble /usr/bin/cmake --install /ros_ws/src/build/realsense_gazebo_plugin
[18.724s] Level 1:colcon.colcon_core.environment:create_environment_scripts_only(realsense_gazebo_plugin)
[18.724s] Level 1:colcon.colcon_core.environment:checking '/ros_ws/src/install/realsense_gazebo_plugin' for CMake module files
[18.724s] DEBUG:colcon.colcon_core.event_handler.log_command:Invoked command in '/ros_ws/src/build/realsense_gazebo_plugin' returned '0': CMAKE_PREFIX_PATH=${CMAKE_PREFIX_PATH}:/ros_ws/install/yolo_realsense:/opt/ros/humble /usr/bin/cmake --install /ros_ws/src/build/realsense_gazebo_plugin
[18.724s] Level 1:colcon.colcon_core.environment:checking '/ros_ws/src/install/realsense_gazebo_plugin' for CMake config files
[18.724s] Level 1:colcon.colcon_core.shell:create_environment_hook('realsense_gazebo_plugin', 'cmake_prefix_path')
[18.724s] INFO:colcon.colcon_core.shell:Creating environment hook '/ros_ws/src/install/realsense_gazebo_plugin/share/realsense_gazebo_plugin/hook/cmake_prefix_path.ps1'
[18.725s] INFO:colcon.colcon_core.shell:Creating environment descriptor '/ros_ws/src/install/realsense_gazebo_plugin/share/realsense_gazebo_plugin/hook/cmake_prefix_path.dsv'
[18.725s] INFO:colcon.colcon_core.shell:Creating environment hook '/ros_ws/src/install/realsense_gazebo_plugin/share/realsense_gazebo_plugin/hook/cmake_prefix_path.sh'
[18.725s] Level 1:colcon.colcon_core.environment:checking '/ros_ws/src/install/realsense_gazebo_plugin/lib'
[18.725s] Level 1:colcon.colcon_core.shell:create_environment_hook('realsense_gazebo_plugin', 'ld_library_path_lib')
[18.726s] INFO:colcon.colcon_core.shell:Creating environment hook '/ros_ws/src/install/realsense_gazebo_plugin/share/realsense_gazebo_plugin/hook/ld_library_path_lib.ps1'
[18.726s] INFO:colcon.colcon_core.shell:Creating environment descriptor '/ros_ws/src/install/realsense_gazebo_plugin/share/realsense_gazebo_plugin/hook/ld_library_path_lib.dsv'
[18.726s] INFO:colcon.colcon_core.shell:Creating environment hook '/ros_ws/src/install/realsense_gazebo_plugin/share/realsense_gazebo_plugin/hook/ld_library_path_lib.sh'
[18.726s] Level 1:colcon.colcon_core.environment:checking '/ros_ws/src/install/realsense_gazebo_plugin/bin'
[18.726s] Level 1:colcon.colcon_core.environment:checking '/ros_ws/src/install/realsense_gazebo_plugin/lib/pkgconfig/realsense_gazebo_plugin.pc'
[18.726s] Level 1:colcon.colcon_core.environment:checking '/ros_ws/src/install/realsense_gazebo_plugin/lib/python3.10/site-packages'
[18.727s] Level 1:colcon.colcon_core.environment:checking '/ros_ws/src/install/realsense_gazebo_plugin/bin'
[18.727s] INFO:colcon.colcon_core.shell:Creating package script '/ros_ws/src/install/realsense_gazebo_plugin/share/realsense_gazebo_plugin/package.ps1'
[18.727s] INFO:colcon.colcon_core.shell:Creating package descriptor '/ros_ws/src/install/realsense_gazebo_plugin/share/realsense_gazebo_plugin/package.dsv'
[18.727s] INFO:colcon.colcon_core.shell:Creating package script '/ros_ws/src/install/realsense_gazebo_plugin/share/realsense_gazebo_plugin/package.sh'
[18.727s] INFO:colcon.colcon_core.shell:Creating package script '/ros_ws/src/install/realsense_gazebo_plugin/share/realsense_gazebo_plugin/package.bash'
[18.728s] INFO:colcon.colcon_core.shell:Creating package script '/ros_ws/src/install/realsense_gazebo_plugin/share/realsense_gazebo_plugin/package.zsh'
[18.728s] Level 1:colcon.colcon_core.environment:create_file_with_runtime_dependencies(/ros_ws/src/install/realsense_gazebo_plugin/share/colcon-core/packages/realsense_gazebo_plugin)
[18.728s] Level 1:colcon.colcon_core.environment:create_environment_scripts_only(realsense_gazebo_plugin)
[18.728s] Level 1:colcon.colcon_core.environment:checking '/ros_ws/src/install/realsense_gazebo_plugin' for CMake module files
[18.729s] Level 1:colcon.colcon_core.environment:checking '/ros_ws/src/install/realsense_gazebo_plugin' for CMake config files
[18.729s] Level 1:colcon.colcon_core.shell:create_environment_hook('realsense_gazebo_plugin', 'cmake_prefix_path')
[18.729s] INFO:colcon.colcon_core.shell:Creating environment hook '/ros_ws/src/install/realsense_gazebo_plugin/share/realsense_gazebo_plugin/hook/cmake_prefix_path.ps1'
[18.729s] INFO:colcon.colcon_core.shell:Creating environment descriptor '/ros_ws/src/install/realsense_gazebo_plugin/share/realsense_gazebo_plugin/hook/cmake_prefix_path.dsv'
[18.729s] INFO:colcon.colcon_core.shell:Creating environment hook '/ros_ws/src/install/realsense_gazebo_plugin/share/realsense_gazebo_plugin/hook/cmake_prefix_path.sh'
[18.729s] Level 1:colcon.colcon_core.environment:checking '/ros_ws/src/install/realsense_gazebo_plugin/lib'
[18.730s] Level 1:colcon.colcon_core.shell:create_environment_hook('realsense_gazebo_plugin', 'ld_library_path_lib')
[18.730s] INFO:colcon.colcon_core.shell:Creating environment hook '/ros_ws/src/install/realsense_gazebo_plugin/share/realsense_gazebo_plugin/hook/ld_library_path_lib.ps1'
[18.730s] INFO:colcon.colcon_core.shell:Creating environment descriptor '/ros_ws/src/install/realsense_gazebo_plugin/share/realsense_gazebo_plugin/hook/ld_library_path_lib.dsv'
[18.730s] INFO:colcon.colcon_core.shell:Creating environment hook '/ros_ws/src/install/realsense_gazebo_plugin/share/realsense_gazebo_plugin/hook/ld_library_path_lib.sh'
[18.730s] Level 1:colcon.colcon_core.environment:checking '/ros_ws/src/install/realsense_gazebo_plugin/bin'
[18.730s] Level 1:colcon.colcon_core.environment:checking '/ros_ws/src/install/realsense_gazebo_plugin/lib/pkgconfig/realsense_gazebo_plugin.pc'
[18.730s] Level 1:colcon.colcon_core.environment:checking '/ros_ws/src/install/realsense_gazebo_plugin/lib/python3.10/site-packages'
[18.731s] Level 1:colcon.colcon_core.environment:checking '/ros_ws/src/install/realsense_gazebo_plugin/bin'
[18.731s] INFO:colcon.colcon_core.shell:Creating package script '/ros_ws/src/install/realsense_gazebo_plugin/share/realsense_gazebo_plugin/package.ps1'
[18.731s] INFO:colcon.colcon_core.shell:Creating package descriptor '/ros_ws/src/install/realsense_gazebo_plugin/share/realsense_gazebo_plugin/package.dsv'
[18.731s] INFO:colcon.colcon_core.shell:Creating package script '/ros_ws/src/install/realsense_gazebo_plugin/share/realsense_gazebo_plugin/package.sh'
[18.732s] INFO:colcon.colcon_core.shell:Creating package script '/ros_ws/src/install/realsense_gazebo_plugin/share/realsense_gazebo_plugin/package.bash'
[18.732s] INFO:colcon.colcon_core.shell:Creating package script '/ros_ws/src/install/realsense_gazebo_plugin/share/realsense_gazebo_plugin/package.zsh'
[18.732s] Level 1:colcon.colcon_core.environment:create_file_with_runtime_dependencies(/ros_ws/src/install/realsense_gazebo_plugin/share/colcon-core/packages/realsense_gazebo_plugin)
[18.732s] DEBUG:colcon.colcon_parallel_executor.executor.parallel:closing loop
[18.732s] DEBUG:colcon.colcon_parallel_executor.executor.parallel:loop closed
[18.732s] DEBUG:colcon.colcon_parallel_executor.executor.parallel:run_until_complete finished with '0'
[18.732s] DEBUG:colcon.colcon_core.event_reactor:joining thread
[18.740s] INFO:colcon.colcon_core.plugin_system:Skipping extension 'colcon_notification.desktop_notification.notify_send': Could not find 'notify-send'
[18.740s] INFO:colcon.colcon_core.plugin_system:Skipping extension 'colcon_notification.desktop_notification.terminal_notifier': Not used on non-Darwin systems
[18.740s] INFO:colcon.colcon_core.plugin_system:Skipping extension 'colcon_notification.desktop_notification.win32': Not used on non-Windows systems
[18.740s] INFO:colcon.colcon_notification.desktop_notification:Sending desktop notification using 'notify2'
[18.742s] DEBUG:colcon.colcon_notification.desktop_notification.notify2:Failed to initialize notify2: org.freedesktop.DBus.Error.Spawn.ExecFailed: /usr/bin/dbus-launch terminated abnormally without any error message
[18.742s] DEBUG:colcon.colcon_core.event_reactor:joined thread
[18.743s] INFO:colcon.colcon_core.shell:Creating prefix script '/ros_ws/src/install/local_setup.ps1'
[18.744s] INFO:colcon.colcon_core.shell:Creating prefix util module '/ros_ws/src/install/_local_setup_util_ps1.py'
[18.745s] INFO:colcon.colcon_core.shell:Creating prefix chain script '/ros_ws/src/install/setup.ps1'
[18.746s] INFO:colcon.colcon_core.shell:Creating prefix script '/ros_ws/src/install/local_setup.sh'
[18.746s] INFO:colcon.colcon_core.shell:Creating prefix util module '/ros_ws/src/install/_local_setup_util_sh.py'
[18.747s] INFO:colcon.colcon_core.shell:Creating prefix chain script '/ros_ws/src/install/setup.sh'
[18.747s] INFO:colcon.colcon_core.shell:Creating prefix script '/ros_ws/src/install/local_setup.bash'
[18.748s] INFO:colcon.colcon_core.shell:Creating prefix chain script '/ros_ws/src/install/setup.bash'
[18.749s] INFO:colcon.colcon_core.shell:Creating prefix script '/ros_ws/src/install/local_setup.zsh'
[18.749s] INFO:colcon.colcon_core.shell:Creating prefix chain script '/ros_ws/src/install/setup.zsh'
