[1.027s] Invoking command in '/ros_ws/build/realsense2_ros_mqtt_bridge': PYTHONPATH=/ros_ws/build/realsense2_ros_mqtt_bridge/prefix_override:/usr/lib/python3/dist-packages/colcon_core/task/python/colcon_distutils_commands:/ros_ws/install/realsense2_ros_mqtt_bridge/lib/python3.10/site-packages:${PYTHONPATH} /usr/bin/python3 -W ignore:setup.py install is deprecated -W ignore:easy_install command is deprecated setup.py develop --editable --build-directory /ros_ws/build/realsense2_ros_mqtt_bridge/build --no-deps symlink_data
[1.358s] running develop
[1.583s] running egg_info
[1.583s] creating realsense2_ros_mqtt_bridge.egg-info
[1.584s] writing realsense2_ros_mqtt_bridge.egg-info/PKG-INFO
[1.584s] writing dependency_links to realsense2_ros_mqtt_bridge.egg-info/dependency_links.txt
[1.584s] writing entry points to realsense2_ros_mqtt_bridge.egg-info/entry_points.txt
[1.584s] writing requirements to realsense2_ros_mqtt_bridge.egg-info/requires.txt
[1.584s] writing top-level names to realsense2_ros_mqtt_bridge.egg-info/top_level.txt
[1.584s] writing manifest file 'realsense2_ros_mqtt_bridge.egg-info/SOURCES.txt'
[1.587s] reading manifest file 'realsense2_ros_mqtt_bridge.egg-info/SOURCES.txt'
[1.588s] writing manifest file 'realsense2_ros_mqtt_bridge.egg-info/SOURCES.txt'
[1.589s] running build_ext
[1.590s] Creating /ros_ws/install/realsense2_ros_mqtt_bridge/lib/python3.10/site-packages/realsense2-ros-mqtt-bridge.egg-link (link to .)
[1.591s] Installing realsense2_ros_mqtt_bridge script to /ros_ws/install/realsense2_ros_mqtt_bridge/lib/realsense2_ros_mqtt_bridge
[1.591s] 
[1.591s] Installed /ros_ws/build/realsense2_ros_mqtt_bridge
[1.592s] running symlink_data
[1.592s] creating /ros_ws/install/realsense2_ros_mqtt_bridge/share/ament_index
[1.592s] creating /ros_ws/install/realsense2_ros_mqtt_bridge/share/ament_index/resource_index
[1.592s] creating /ros_ws/install/realsense2_ros_mqtt_bridge/share/ament_index/resource_index/packages
[1.593s] symbolically linking /ros_ws/build/realsense2_ros_mqtt_bridge/resource/realsense2_ros_mqtt_bridge -> /ros_ws/install/realsense2_ros_mqtt_bridge/share/ament_index/resource_index/packages
[1.593s] symbolically linking /ros_ws/build/realsense2_ros_mqtt_bridge/package.xml -> /ros_ws/install/realsense2_ros_mqtt_bridge/share/realsense2_ros_mqtt_bridge
[1.593s] creating /ros_ws/install/realsense2_ros_mqtt_bridge/share/realsense2_ros_mqtt_bridge/launch
[1.593s] symbolically linking /ros_ws/build/realsense2_ros_mqtt_bridge/launch/rs_launch.py -> /ros_ws/install/realsense2_ros_mqtt_bridge/share/realsense2_ros_mqtt_bridge/launch
